******************************************************************************
             TMS320C2000 Linker Unix v18.1.1                   
******************************************************************************
>> Linked Thu May 31 09:59:52 2018

OUTPUT FILE NAME:   <Example_F2802xAdcSoc.out>
ENTRY POINT SYMBOL: "code_start"  address: 003f7ff6


MEMORY CONFIGURATION

         name            origin    length      used     unused   attr    fill
----------------------  --------  ---------  --------  --------  ----  --------
PAGE 0:
  RAMM0                 00000050   000003b0  00000004  000003ac  RWIX
  OTP                   003d7800   00000400  00000000  00000400  RWIX
  FLASHB                003f6000   00001000  00000000  00001000  RWIX
  FLASHA                003f7000   00000f80  00000aa4  000004dc  RWIX
  CSM_RSVD              003f7f80   00000076  00000000  00000076  RWIX
  BEGIN                 003f7ff6   00000002  00000002  00000000  RWIX
  CSM_PWL_P0            003f7ff8   00000008  00000000  00000008  RWIX
  IQTABLES              003fe000   00000b50  00000000  00000b50  RWIX
  IQTABLES2             003feb50   0000008c  00000000  0000008c  RWIX
  IQTABLES3             003febdc   000000aa  00000000  000000aa  RWIX
  ROM                   003ff27c   00000d44  00000000  00000d44  RWIX
  RESET                 003fffc0   00000002  00000000  00000002  RWIX
  VECTORS               003fffc2   0000003e  00000000  0000003e  RWIX

PAGE 1:
  BOOT_RSVD             00000000   00000050  00000000  00000050  RWIX
  RAMM1                 00000400   00000400  0000020c  000001f4  RWIX
  RAML0                 00008000   00000400  00000224  000001dc  RWIX


SECTION ALLOCATION MAP

 output                                  attributes/
section   page    origin      length       input sections
--------  ----  ----------  ----------   ----------------
ramfuncs   0    003f7000    00000004     RUN ADDR = 00000050
                  003f7000    00000004     driverlib.lib : f2802xx_asmfuncs.obj (ramfuncs)

.cinit     0    003f7a7e    00000026     
                  003f7a7e    0000000e     rts2800_ml.lib : exit.c.obj (.cinit)
                  003f7a8c    00000008     Example_2802xAdcSoc.obj (.cinit)
                  003f7a94    00000005     rts2800_ml.lib : _lock.c.obj (.cinit:__lock)
                  003f7a99    00000005                    : _lock.c.obj (.cinit:__unlock)
                  003f7a9e    00000004                    : errno.c.obj (.cinit)
                  003f7aa2    00000002     --HOLE-- [fill = 0]

codestart 
*          0    003f7ff6    00000002     
                  003f7ff6    00000002     driverlib.lib : f2802xx_codestartbranch.obj (codestart)

.pinit     0    003f7000    00000000     UNINITIALIZED

.stack     1    00000400    00000200     UNINITIALIZED
                  00000400    00000200     --HOLE--

.reset     0    003fffc0    00000002     DSECT
                  003fffc0    00000002     rts2800_ml.lib : boot28.asm.obj (.reset)

vectors    0    003fffc2    00000000     DSECT

.text      0    003f7004    00000976     
                  003f7004    000001c9     Initialization.obj (.text)
                  003f71cd    00000085     Communication.obj (.text)
                  003f7252    00000083     rts2800_ml.lib : fs_div28.asm.obj (.text)
                  003f72d5    00000078                    : fs_add28.asm.obj (.text)
                  003f734d    0000005c     Example_2802xAdcSoc.obj (.text:retain)
                  003f73a9    0000005a     rts2800_ml.lib : fs_mpy28.asm.obj (.text)
                  003f7403    00000054                    : boot28.asm.obj (.text)
                  003f7457    00000048     driverlib.lib : gpio.obj (.text:_GPIO_setMode)
                  003f749f    00000029                   : gpio.obj (.text:_GPIO_setDirection)
                  003f74c8    00000029                   : gpio.obj (.text:_GPIO_setPullUp)
                  003f74f1    00000029     rts2800_ml.lib : exit.c.obj (.text)
                  003f751a    00000027     driverlib.lib : gpio.obj (.text:_GPIO_setQualification)
                  003f7541    00000024     rts2800_ml.lib : cpy_tbl.c.obj (.text)
                  003f7565    00000022     driverlib.lib : adc.obj (.text:_ADC_setIntMode)
                  003f7587    00000022                   : adc.obj (.text:_ADC_setIntSrc)
                  003f75a9    00000020     Example_2802xAdcSoc.obj (.text)
                  003f75c9    0000001d     rts2800_ml.lib : memcpy.c.obj (.text)
                  003f75e6    00000019                    : args_main.c.obj (.text)
                  003f75ff    00000017     driverlib.lib : adc.obj (.text:_ADC_enableInt)
                  003f7616    00000017                   : adc.obj (.text:_ADC_setSampleMode)
                  003f762d    00000015                   : pll.obj (.text:_PLL_setup)
                  003f7642    00000014                   : gpio.obj (.text:_GPIO_setHigh)
                  003f7656    00000014                   : gpio.obj (.text:_GPIO_setLow)
                  003f766a    00000014                   : pie.obj (.text:_PIE_enableAdcInt)
                  003f767e    00000012                   : adc.obj (.text:_ADC_setSocChanNumber)
                  003f7690    00000012                   : adc.obj (.text:_ADC_setSocSampleWindow)
                  003f76a2    00000012                   : adc.obj (.text:_ADC_setSocTrigSrc)
                  003f76b4    00000011                   : adc.obj (.text:_ADC_setIntPulseGenMode)
                  003f76c5    00000011                   : adc.obj (.text:_ADC_setVoltRefSrc)
                  003f76d6    00000011                   : pie.obj (.text:_PIE_disableAllInts)
                  003f76e7    00000011                   : pie.obj (.text:_PIE_setDebugIntVectorTable)
                  003f76f8    0000000f                   : pie.obj (.text:_PIE_registerPieIntHandler)
                  003f7707    0000000a                   : adc.obj (.text:_ADC_enable)
                  003f7711    0000000a                   : adc.obj (.text:_ADC_enableBandGap)
                  003f771b    0000000a                   : adc.obj (.text:_ADC_enableRefBuffers)
                  003f7725    0000000a                   : adc.obj (.text:_ADC_init)
                  003f772f    0000000a                   : adc.obj (.text:_ADC_powerUp)
                  003f7739    0000000a                   : pie.obj (.text:_PIE_init)
                  003f7743    0000000a                   : sci.obj (.text:_SCI_resetChannels)
                  003f774d    0000000a                   : sci.obj (.text:_SCI_resetRxFifo)
                  003f7757    0000000a                   : sci.obj (.text:_SCI_resetTxFifo)
                  003f7761    0000000a                   : f2802xx_asmfuncs.obj (.text)
                  003f776b    00000009                   : clk.obj (.text:_CLK_enablePwmClock)
                  003f7774    00000009                   : clk.obj (.text:_CLK_enableSciaClock)
                  003f777d    00000009                   : pwm.obj (.text:_PWM_setSocAPeriod)
                  003f7786    00000009                   : pwm.obj (.text:_PWM_setSocAPulseSrc)
                  003f778f    00000009                   : sci.obj (.text:_SCI_putDataNonBlocking)
                  003f7798    00000009     rts2800_ml.lib : _lock.c.obj (.text)
                  003f77a1    00000008     driverlib.lib : clk.obj (.text:_CLK_init)
                  003f77a9    00000008                   : flash.obj (.text:_FLASH_init)
                  003f77b1    00000008                   : gpio.obj (.text:_GPIO_init)
                  003f77b9    00000008                   : pll.obj (.text:_PLL_init)
                  003f77c1    00000008                   : pwm.obj (.text:_PWM_init)
                  003f77c9    00000008                   : sci.obj (.text:_SCI_init)
                  003f77d1    00000008                   : wdog.obj (.text:_WDOG_disable)
                  003f77d9    00000008                   : wdog.obj (.text:_WDOG_init)
                  003f77e1    00000008                   : f2802xx_codestartbranch.obj (.text)
                  003f77e9    00000007                   : clk.obj (.text:_CLK_enableAdcClock)
                  003f77f0    00000007                   : clk.obj (.text:_CLK_enableTbClockSync)
                  003f77f7    00000007                   : clk.obj (.text:_CLK_setOscSrc)
                  003f77fe    00000007                   : pll.obj (.text:_PLL_setDivider)
                  003f7805    00000007                   : sci.obj (.text:_SCI_setRxFifoIntLevel)
                  003f780c    00000007                   : sci.obj (.text:_SCI_setTxFifoIntLevel)
                  003f7813    00000006                   : pll.obj (.text:_PLL_setMultiplier)
                  003f7819    00000006                   : sci.obj (.text:_SCI_setBaudRate)
                  003f781f    00000005                   : f2802xx_defaultisr.obj (.text:_ADCINT1_ISR)
                  003f7824    00000005                   : f2802xx_defaultisr.obj (.text:_ADCINT2_ISR)
                  003f7829    00000005                   : f2802xx_defaultisr.obj (.text:_ADCINT3_ISR)
                  003f782e    00000005                   : f2802xx_defaultisr.obj (.text:_ADCINT4_ISR)
                  003f7833    00000005                   : f2802xx_defaultisr.obj (.text:_ADCINT5_ISR)
                  003f7838    00000005                   : f2802xx_defaultisr.obj (.text:_ADCINT6_ISR)
                  003f783d    00000005                   : f2802xx_defaultisr.obj (.text:_ADCINT7_ISR)
                  003f7842    00000005                   : f2802xx_defaultisr.obj (.text:_ADCINT8_ISR)
                  003f7847    00000005                   : f2802xx_defaultisr.obj (.text:_ADCINT9_ISR)
                  003f784c    00000005                   : f2802xx_defaultisr.obj (.text:_DATALOG_ISR)
                  003f7851    00000005                   : f2802xx_defaultisr.obj (.text:_ECAP1_INT_ISR)
                  003f7856    00000005                   : f2802xx_defaultisr.obj (.text:_EMPTY_ISR)
                  003f785b    00000005                   : f2802xx_defaultisr.obj (.text:_EMUINT_ISR)
                  003f7860    00000005                   : f2802xx_defaultisr.obj (.text:_EPWM1_INT_ISR)
                  003f7865    00000005                   : f2802xx_defaultisr.obj (.text:_EPWM1_TZINT_ISR)
                  003f786a    00000005                   : f2802xx_defaultisr.obj (.text:_EPWM2_INT_ISR)
                  003f786f    00000005                   : f2802xx_defaultisr.obj (.text:_EPWM2_TZINT_ISR)
                  003f7874    00000005                   : f2802xx_defaultisr.obj (.text:_EPWM3_INT_ISR)
                  003f7879    00000005                   : f2802xx_defaultisr.obj (.text:_EPWM3_TZINT_ISR)
                  003f787e    00000005                   : f2802xx_defaultisr.obj (.text:_EPWM4_INT_ISR)
                  003f7883    00000005                   : f2802xx_defaultisr.obj (.text:_EPWM4_TZINT_ISR)
                  003f7888    00000005                   : f2802xx_defaultisr.obj (.text:_I2CINT1A_ISR)
                  003f788d    00000005                   : f2802xx_defaultisr.obj (.text:_I2CINT2A_ISR)
                  003f7892    00000005                   : f2802xx_defaultisr.obj (.text:_ILLEGAL_ISR)
                  003f7897    00000005                   : f2802xx_defaultisr.obj (.text:_INT13_ISR)
                  003f789c    00000005                   : f2802xx_defaultisr.obj (.text:_INT14_ISR)
                  003f78a1    00000005                   : f2802xx_defaultisr.obj (.text:_NMI_ISR)
                  003f78a6    00000005                   : f2802xx_defaultisr.obj (.text:_PIE_RESERVED)
                  003f78ab    00000005                   : pie.obj (.text:_PIE_illegalIsr)
                  003f78b0    00000005                   : f2802xx_defaultisr.obj (.text:_RTOSINT_ISR)
                  003f78b5    00000005                   : f2802xx_defaultisr.obj (.text:_SCIRXINTA_ISR)
                  003f78ba    00000005                   : f2802xx_defaultisr.obj (.text:_SCITXINTA_ISR)
                  003f78bf    00000005                   : f2802xx_defaultisr.obj (.text:_SPIRXINTA_ISR)
                  003f78c4    00000005                   : f2802xx_defaultisr.obj (.text:_SPITXINTA_ISR)
                  003f78c9    00000005                   : f2802xx_defaultisr.obj (.text:_TINT0_ISR)
                  003f78ce    00000005                   : f2802xx_defaultisr.obj (.text:_USER10_ISR)
                  003f78d3    00000005                   : f2802xx_defaultisr.obj (.text:_USER11_ISR)
                  003f78d8    00000005                   : f2802xx_defaultisr.obj (.text:_USER12_ISR)
                  003f78dd    00000005                   : f2802xx_defaultisr.obj (.text:_USER1_ISR)
                  003f78e2    00000005                   : f2802xx_defaultisr.obj (.text:_USER2_ISR)
                  003f78e7    00000005                   : f2802xx_defaultisr.obj (.text:_USER3_ISR)
                  003f78ec    00000005                   : f2802xx_defaultisr.obj (.text:_USER4_ISR)
                  003f78f1    00000005                   : f2802xx_defaultisr.obj (.text:_USER5_ISR)
                  003f78f6    00000005                   : f2802xx_defaultisr.obj (.text:_USER6_ISR)
                  003f78fb    00000005                   : f2802xx_defaultisr.obj (.text:_USER7_ISR)
                  003f7900    00000005                   : f2802xx_defaultisr.obj (.text:_USER8_ISR)
                  003f7905    00000005                   : f2802xx_defaultisr.obj (.text:_USER9_ISR)
                  003f790a    00000005                   : f2802xx_defaultisr.obj (.text:_WAKEINT_ISR)
                  003f790f    00000005                   : f2802xx_defaultisr.obj (.text:_XINT1_ISR)
                  003f7914    00000005                   : f2802xx_defaultisr.obj (.text:_XINT2_ISR)
                  003f7919    00000005                   : f2802xx_defaultisr.obj (.text:_XINT3_ISR)
                  003f791e    00000005                   : f2802xx_defaultisr.obj (.text:_rsvd_ISR)
                  003f7923    00000004                   : cpu.obj (.text:_CPU_enableInt)
                  003f7927    00000004                   : cpu.obj (.text:_CPU_init)
                  003f792b    00000004                   : pwm.obj (.text:_PWM_enableSocAPulse)
                  003f792f    00000004                   : pwm.obj (.text:_PWM_setCounterMode)
                  003f7933    00000004                   : sci.obj (.text:_SCI_clearRxFifoInt)
                  003f7937    00000004                   : sci.obj (.text:_SCI_clearTxFifoInt)
                  003f793b    00000004                   : sci.obj (.text:_SCI_enableFifoEnh)
                  003f793f    00000004                   : sci.obj (.text:_SCI_getTxFifoStatus)
                  003f7943    00000004                   : sci.obj (.text:_SCI_setCharLength)
                  003f7947    00000004                   : sci.obj (.text:_SCI_setNumStopBits)
                  003f794b    00000003                   : cpu.obj (.text:_CPU_clearIntFlags)
                  003f794e    00000003                   : cpu.obj (.text:_CPU_disableGlobalInts)
                  003f7951    00000003                   : cpu.obj (.text:_CPU_enableDebugInt)
                  003f7954    00000003                   : cpu.obj (.text:_CPU_enableGlobalInts)
                  003f7957    00000003                   : pie.obj (.text:_PIE_disable)
                  003f795a    00000003                   : pie.obj (.text:_PIE_enable)
                  003f795d    00000003                   : pll.obj (.text:_PLL_getClkStatus)
                  003f7960    00000003                   : pll.obj (.text:_PLL_getLockStatus)
                  003f7963    00000003                   : sci.obj (.text:_SCI_disableParity)
                  003f7966    00000003                   : sci.obj (.text:_SCI_enable)
                  003f7969    00000003                   : sci.obj (.text:_SCI_enableRx)
                  003f796c    00000003                   : sci.obj (.text:_SCI_enableRxInt)
                  003f796f    00000003                   : sci.obj (.text:_SCI_enableTx)
                  003f7972    00000003                   : sci.obj (.text:_SCI_enableTxInt)
                  003f7975    00000002                   : pwm.obj (.text:_PWM_setPeriod)
                  003f7977    00000002     rts2800_ml.lib : pre_init.c.obj (.text)
                  003f7979    00000001                    : startup.c.obj (.text)

.econst    0    003f797a    00000104     
                  003f797a    00000100     driverlib.lib : pie.obj (.econst:_PIE_tableDebugInit)
                  003f7a7a    00000004     rts2800_ml.lib : e_sqrtf.c.obj (.econst)

.ebss.1    1    00000600    0000000c     UNINITIALIZED
                  00000600    00000006     rts2800_ml.lib : exit.c.obj (.ebss)
                  00000606    00000002                    : _lock.c.obj (.ebss:__lock)
                  00000608    00000002                    : _lock.c.obj (.ebss:__unlock)
                  0000060a    00000001     driverlib.lib : cpu.obj (.ebss)
                  0000060b    00000001     rts2800_ml.lib : errno.c.obj (.ebss)

.ebss.2    1    00008000    00000224     UNINITIALIZED
                  00008000    00000224     Example_2802xAdcSoc.obj (.ebss)

MODULE SUMMARY

       Module                        code   initialized data   uninitialized data
       ------                        ----   ----------------   ------------------
    ./
       Example_2802xAdcSoc.obj       124    8                  548               
       Initialization.obj            457    0                  0                 
       Communication.obj             133    0                  0                 
    +--+-----------------------------+------+------------------+--------------------+
       Total:                        714    8                  548               
                                                                                 
    /home/markos/ti/C2000Ware_1_00_03_00_Software/device_support/f2802x/common/ccs/Debug/driverlib.lib
       pie.obj                       90     256                0                 
       f2802xx_defaultisr.obj        255    0                  0                 
       adc.obj                       252    0                  0                 
       gpio.obj                      241    0                  0                 
       sci.obj                       109    0                  0                 
       pll.obj                       48     0                  0                 
       clk.obj                       47     0                  0                 
       pwm.obj                       36     0                  0                 
       cpu.obj                       20     0                  1                 
       f2802xx_asmfuncs.obj          18     0                  0                 
       wdog.obj                      16     0                  0                 
       f2802xx_codestartbranch.obj   10     0                  0                 
       flash.obj                     8      0                  0                 
    +--+-----------------------------+------+------------------+--------------------+
       Total:                        1150   256                1                 
                                                                                 
    /opt/ti/ccsv8/tools/compiler/ti-cgt-c2000_18.1.1.LTS/lib/rts2800_ml.lib
       fs_div28.asm.obj              131    0                  0                 
       fs_add28.asm.obj              120    0                  0                 
       fs_mpy28.asm.obj              90     0                  0                 
       boot28.asm.obj                84     0                  0                 
       exit.c.obj                    41     14                 6                 
       cpy_tbl.c.obj                 36     0                  0                 
       memcpy.c.obj                  29     0                  0                 
       args_main.c.obj               25     0                  0                 
       _lock.c.obj                   9      10                 4                 
       errno.c.obj                   0      4                  1                 
       e_sqrtf.c.obj                 0      4                  0                 
       pre_init.c.obj                2      0                  0                 
       startup.c.obj                 1      0                  0                 
    +--+-----------------------------+------+------------------+--------------------+
       Total:                        568    32                 11                
                                                                                 
       Stack:                        0      0                  512               
    +--+-----------------------------+------+------------------+--------------------+
       Grand Total:                  2432   296                1072              


GLOBAL DATA SYMBOLS: SORTED BY DATA PAGE

address     data page           name
--------    ----------------    ----
00000400      10 (00000400)     __stack

00000600      18 (00000600)     ___TI_enable_exit_profile_output
00000602      18 (00000600)     ___TI_cleanup_ptr
00000604      18 (00000600)     ___TI_dtors_ptr
00000606      18 (00000600)     __lock
00000608      18 (00000600)     __unlock
0000060a      18 (00000600)     _cpu
0000060b      18 (00000600)     _errno

00008000     200 (00008000)     _packet
00008001     200 (00008000)     _counter
00008002     200 (00008000)     _is_time_to_send
00008004     200 (00008000)     _mySci
00008006     200 (00008000)     _myPwm
00008008     200 (00008000)     _myPll
0000800a     200 (00008000)     _myCpu
0000800c     200 (00008000)     _myWDog
0000800e     200 (00008000)     _myAdc
00008010     200 (00008000)     _rms_buf_ptr
00008012     200 (00008000)     _myClk
00008014     200 (00008000)     _myGpio
00008016     200 (00008000)     _myFlash
00008018     200 (00008000)     _myPie

00008040     201 (00008040)     _curr2

000080c0     203 (000080c0)     _volt1

00008140     205 (00008140)     _curr1

000081c0     207 (000081c0)     _volt2

003f797a    fde5 (003f7940)     _PIE_tableDebugInit


GLOBAL SYMBOLS: SORTED ALPHABETICALLY BY Name 

page  address   name                            
----  -------   ----                            
abs   ffffffff  .text                           
0     003f74f1  C$$EXIT                         
0     003f72da  FS$$ADD                         
0     003f7252  FS$$DIV                         
0     003f73a9  FS$$MPY                         
0     003f72d5  FS$$SUB                         
0     003f781f  _ADCINT1_ISR                    
0     003f7824  _ADCINT2_ISR                    
0     003f7829  _ADCINT3_ISR                    
0     003f782e  _ADCINT4_ISR                    
0     003f7833  _ADCINT5_ISR                    
0     003f7838  _ADCINT6_ISR                    
0     003f783d  _ADCINT7_ISR                    
0     003f7842  _ADCINT8_ISR                    
0     003f7847  _ADCINT9_ISR                    
0     003f7707  _ADC_enable                     
0     003f7711  _ADC_enableBandGap              
0     003f75ff  _ADC_enableInt                  
0     003f771b  _ADC_enableRefBuffers           
0     003f7725  _ADC_init                       
0     003f772f  _ADC_powerUp                    
0     003f7565  _ADC_setIntMode                 
0     003f76b4  _ADC_setIntPulseGenMode         
0     003f7587  _ADC_setIntSrc                  
0     003f7616  _ADC_setSampleMode              
0     003f767e  _ADC_setSocChanNumber           
0     003f7690  _ADC_setSocSampleWindow         
0     003f76a2  _ADC_setSocTrigSrc              
0     003f76c5  _ADC_setVoltRefSrc              
0     003f77e9  _CLK_enableAdcClock             
0     003f776b  _CLK_enablePwmClock             
0     003f7774  _CLK_enableSciaClock            
0     003f77f0  _CLK_enableTbClockSync          
0     003f77a1  _CLK_init                       
0     003f77f7  _CLK_setOscSrc                  
0     003f794b  _CPU_clearIntFlags              
0     003f794e  _CPU_disableGlobalInts          
0     003f7951  _CPU_enableDebugInt             
0     003f7954  _CPU_enableGlobalInts           
0     003f7923  _CPU_enableInt                  
0     003f7927  _CPU_init                       
0     003f784c  _DATALOG_ISR                    
0     003f7764  _DSP28x_DisableInt              
0     003f7768  _DSP28x_RestoreInt              
0     00000050  _DSP28x_usDelay                 
0     003f7851  _ECAP1_INT_ISR                  
0     003f7856  _EMPTY_ISR                      
0     003f785b  _EMUINT_ISR                     
0     003f7860  _EPWM1_INT_ISR                  
0     003f7865  _EPWM1_TZINT_ISR                
0     003f786a  _EPWM2_INT_ISR                  
0     003f786f  _EPWM2_TZINT_ISR                
0     003f7874  _EPWM3_INT_ISR                  
0     003f7879  _EPWM3_TZINT_ISR                
0     003f787e  _EPWM4_INT_ISR                  
0     003f7883  _EPWM4_TZINT_ISR                
0     003f77a9  _FLASH_init                     
0     003f77b1  _GPIO_init                      
0     003f749f  _GPIO_setDirection              
0     003f7642  _GPIO_setHigh                   
0     003f7656  _GPIO_setLow                    
0     003f7457  _GPIO_setMode                   
0     003f74c8  _GPIO_setPullUp                 
0     003f751a  _GPIO_setQualification          
0     003f7888  _I2CINT1A_ISR                   
0     003f788d  _I2CINT2A_ISR                   
0     003f7892  _ILLEGAL_ISR                    
0     003f7897  _INT13_ISR                      
0     003f789c  _INT14_ISR                      
0     003f78a1  _NMI_ISR                        
0     003f78a6  _PIE_RESERVED                   
0     003f7957  _PIE_disable                    
0     003f76d6  _PIE_disableAllInts             
0     003f795a  _PIE_enable                     
0     003f766a  _PIE_enableAdcInt               
0     003f78ab  _PIE_illegalIsr                 
0     003f7739  _PIE_init                       
0     003f76f8  _PIE_registerPieIntHandler      
0     003f76e7  _PIE_setDebugIntVectorTable     
0     003f797a  _PIE_tableDebugInit             
0     003f795d  _PLL_getClkStatus               
0     003f7960  _PLL_getLockStatus              
0     003f77b9  _PLL_init                       
0     003f77fe  _PLL_setDivider                 
0     003f7813  _PLL_setMultiplier              
0     003f762d  _PLL_setup                      
0     003f792b  _PWM_enableSocAPulse            
0     003f77c1  _PWM_init                       
0     003f792f  _PWM_setCounterMode             
0     003f7975  _PWM_setPeriod                  
0     003f777d  _PWM_setSocAPeriod              
0     003f7786  _PWM_setSocAPulseSrc            
0     003f78b0  _RTOSINT_ISR                    
abs   00000004  _RamfuncsLoadSize               
0     003f7000  _RamfuncsLoadStart              
0     00000050  _RamfuncsRunStart               
0     003f78b5  _SCIRXINTA_ISR                  
0     003f78ba  _SCITXINTA_ISR                  
0     003f7933  _SCI_clearRxFifoInt             
0     003f7937  _SCI_clearTxFifoInt             
0     003f7963  _SCI_disableParity              
0     003f7966  _SCI_enable                     
0     003f793b  _SCI_enableFifoEnh              
0     003f7969  _SCI_enableRx                   
0     003f796c  _SCI_enableRxInt                
0     003f796f  _SCI_enableTx                   
0     003f7972  _SCI_enableTxInt                
0     003f793f  _SCI_getTxFifoStatus            
0     003f77c9  _SCI_init                       
0     003f778f  _SCI_putDataNonBlocking         
0     003f7743  _SCI_resetChannels              
0     003f774d  _SCI_resetRxFifo                
0     003f7757  _SCI_resetTxFifo                
0     003f7819  _SCI_setBaudRate                
0     003f7943  _SCI_setCharLength              
0     003f7947  _SCI_setNumStopBits             
0     003f7805  _SCI_setRxFifoIntLevel          
0     003f780c  _SCI_setTxFifoIntLevel          
0     003f78bf  _SPIRXINTA_ISR                  
0     003f78c4  _SPITXINTA_ISR                  
0     003f78c9  _TINT0_ISR                      
0     003f78ce  _USER10_ISR                     
0     003f78d3  _USER11_ISR                     
0     003f78d8  _USER12_ISR                     
0     003f78dd  _USER1_ISR                      
0     003f78e2  _USER2_ISR                      
0     003f78e7  _USER3_ISR                      
0     003f78ec  _USER4_ISR                      
0     003f78f1  _USER5_ISR                      
0     003f78f6  _USER6_ISR                      
0     003f78fb  _USER7_ISR                      
0     003f7900  _USER8_ISR                      
0     003f7905  _USER9_ISR                      
0     003f790a  _WAKEINT_ISR                    
0     003f77d1  _WDOG_disable                   
0     003f77d9  _WDOG_init                      
0     003f790f  _XINT1_ISR                      
0     003f7914  _XINT2_ISR                      
0     003f7919  _XINT3_ISR                      
1     00000600  __STACK_END                     
abs   00000200  __STACK_SIZE                    
1     00000602  ___TI_cleanup_ptr               
1     00000604  ___TI_dtors_ptr                 
1     00000600  ___TI_enable_exit_profile_output
abs   ffffffff  ___TI_pprof_out_hndl            
abs   ffffffff  ___TI_prof_data_size            
abs   ffffffff  ___TI_prof_data_start           
abs   ffffffff  ___binit__                      
abs   ffffffff  ___c_args__                     
0     003f7a7e  ___cinit__                      
abs   ffffffff  ___etext__                      
abs   ffffffff  ___pinit__                      
abs   ffffffff  ___text__                       
0     003f75e6  __args_main                     
1     00000606  __lock                          
0     003f77a0  __nop                           
0     003f779c  __register_lock                 
0     003f7798  __register_unlock               
1     00000400  __stack                         
0     003f7979  __system_post_cinit             
0     003f7977  __system_pre_init               
1     00000608  __unlock                        
0     003f74f1  _abort                          
0     003f734d  _adc_isr                        
0     003f7403  _c_int00                        
0     003f7541  _copy_in                        
1     00008001  _counter                        
1     0000060a  _cpu                            
1     00008140  _curr1                          
1     00008040  _curr2                          
1     0000060b  _errno                          
0     003f74f3  _exit                           
0     003f7010  _initialize                     
1     00008002  _is_time_to_send                
0     003f75b4  _main                           
0     003f75c9  _memcpy                         
1     0000800e  _myAdc                          
1     00008012  _myClk                          
1     0000800a  _myCpu                          
1     00008016  _myFlash                        
1     00008014  _myGpio                         
1     00008018  _myPie                          
1     00008008  _myPll                          
1     00008006  _myPwm                          
1     00008004  _mySci                          
1     0000800c  _myWDog                         
1     00008000  _packet                         
1     00008010  _rms_buf_ptr                    
0     003f791e  _rsvd_ISR                       
0     003f71cd  _scia_echoback_init             
0     003f7227  _scia_fifo_init                 
0     003f7214  _scia_msg                       
0     003f7203  _scia_xmit                      
0     003f7761  _setDBGIER                      
1     000080c0  _volt1                          
1     000081c0  _volt2                          
abs   ffffffff  binit                           
0     003f7a7e  cinit                           
0     003f7ff6  code_start                      
abs   ffffffff  etext                           
abs   ffffffff  pinit                           


GLOBAL SYMBOLS: SORTED BY Symbol Address 

page  address   name                            
----  -------   ----                            
0     00000050  _DSP28x_usDelay                 
0     00000050  _RamfuncsRunStart               
0     003f7000  _RamfuncsLoadStart              
0     003f7010  _initialize                     
0     003f71cd  _scia_echoback_init             
0     003f7203  _scia_xmit                      
0     003f7214  _scia_msg                       
0     003f7227  _scia_fifo_init                 
0     003f7252  FS$$DIV                         
0     003f72d5  FS$$SUB                         
0     003f72da  FS$$ADD                         
0     003f734d  _adc_isr                        
0     003f73a9  FS$$MPY                         
0     003f7403  _c_int00                        
0     003f7457  _GPIO_setMode                   
0     003f749f  _GPIO_setDirection              
0     003f74c8  _GPIO_setPullUp                 
0     003f74f1  C$$EXIT                         
0     003f74f1  _abort                          
0     003f74f3  _exit                           
0     003f751a  _GPIO_setQualification          
0     003f7541  _copy_in                        
0     003f7565  _ADC_setIntMode                 
0     003f7587  _ADC_setIntSrc                  
0     003f75b4  _main                           
0     003f75c9  _memcpy                         
0     003f75e6  __args_main                     
0     003f75ff  _ADC_enableInt                  
0     003f7616  _ADC_setSampleMode              
0     003f762d  _PLL_setup                      
0     003f7642  _GPIO_setHigh                   
0     003f7656  _GPIO_setLow                    
0     003f766a  _PIE_enableAdcInt               
0     003f767e  _ADC_setSocChanNumber           
0     003f7690  _ADC_setSocSampleWindow         
0     003f76a2  _ADC_setSocTrigSrc              
0     003f76b4  _ADC_setIntPulseGenMode         
0     003f76c5  _ADC_setVoltRefSrc              
0     003f76d6  _PIE_disableAllInts             
0     003f76e7  _PIE_setDebugIntVectorTable     
0     003f76f8  _PIE_registerPieIntHandler      
0     003f7707  _ADC_enable                     
0     003f7711  _ADC_enableBandGap              
0     003f771b  _ADC_enableRefBuffers           
0     003f7725  _ADC_init                       
0     003f772f  _ADC_powerUp                    
0     003f7739  _PIE_init                       
0     003f7743  _SCI_resetChannels              
0     003f774d  _SCI_resetRxFifo                
0     003f7757  _SCI_resetTxFifo                
0     003f7761  _setDBGIER                      
0     003f7764  _DSP28x_DisableInt              
0     003f7768  _DSP28x_RestoreInt              
0     003f776b  _CLK_enablePwmClock             
0     003f7774  _CLK_enableSciaClock            
0     003f777d  _PWM_setSocAPeriod              
0     003f7786  _PWM_setSocAPulseSrc            
0     003f778f  _SCI_putDataNonBlocking         
0     003f7798  __register_unlock               
0     003f779c  __register_lock                 
0     003f77a0  __nop                           
0     003f77a1  _CLK_init                       
0     003f77a9  _FLASH_init                     
0     003f77b1  _GPIO_init                      
0     003f77b9  _PLL_init                       
0     003f77c1  _PWM_init                       
0     003f77c9  _SCI_init                       
0     003f77d1  _WDOG_disable                   
0     003f77d9  _WDOG_init                      
0     003f77e9  _CLK_enableAdcClock             
0     003f77f0  _CLK_enableTbClockSync          
0     003f77f7  _CLK_setOscSrc                  
0     003f77fe  _PLL_setDivider                 
0     003f7805  _SCI_setRxFifoIntLevel          
0     003f780c  _SCI_setTxFifoIntLevel          
0     003f7813  _PLL_setMultiplier              
0     003f7819  _SCI_setBaudRate                
0     003f781f  _ADCINT1_ISR                    
0     003f7824  _ADCINT2_ISR                    
0     003f7829  _ADCINT3_ISR                    
0     003f782e  _ADCINT4_ISR                    
0     003f7833  _ADCINT5_ISR                    
0     003f7838  _ADCINT6_ISR                    
0     003f783d  _ADCINT7_ISR                    
0     003f7842  _ADCINT8_ISR                    
0     003f7847  _ADCINT9_ISR                    
0     003f784c  _DATALOG_ISR                    
0     003f7851  _ECAP1_INT_ISR                  
0     003f7856  _EMPTY_ISR                      
0     003f785b  _EMUINT_ISR                     
0     003f7860  _EPWM1_INT_ISR                  
0     003f7865  _EPWM1_TZINT_ISR                
0     003f786a  _EPWM2_INT_ISR                  
0     003f786f  _EPWM2_TZINT_ISR                
0     003f7874  _EPWM3_INT_ISR                  
0     003f7879  _EPWM3_TZINT_ISR                
0     003f787e  _EPWM4_INT_ISR                  
0     003f7883  _EPWM4_TZINT_ISR                
0     003f7888  _I2CINT1A_ISR                   
0     003f788d  _I2CINT2A_ISR                   
0     003f7892  _ILLEGAL_ISR                    
0     003f7897  _INT13_ISR                      
0     003f789c  _INT14_ISR                      
0     003f78a1  _NMI_ISR                        
0     003f78a6  _PIE_RESERVED                   
0     003f78ab  _PIE_illegalIsr                 
0     003f78b0  _RTOSINT_ISR                    
0     003f78b5  _SCIRXINTA_ISR                  
0     003f78ba  _SCITXINTA_ISR                  
0     003f78bf  _SPIRXINTA_ISR                  
0     003f78c4  _SPITXINTA_ISR                  
0     003f78c9  _TINT0_ISR                      
0     003f78ce  _USER10_ISR                     
0     003f78d3  _USER11_ISR                     
0     003f78d8  _USER12_ISR                     
0     003f78dd  _USER1_ISR                      
0     003f78e2  _USER2_ISR                      
0     003f78e7  _USER3_ISR                      
0     003f78ec  _USER4_ISR                      
0     003f78f1  _USER5_ISR                      
0     003f78f6  _USER6_ISR                      
0     003f78fb  _USER7_ISR                      
0     003f7900  _USER8_ISR                      
0     003f7905  _USER9_ISR                      
0     003f790a  _WAKEINT_ISR                    
0     003f790f  _XINT1_ISR                      
0     003f7914  _XINT2_ISR                      
0     003f7919  _XINT3_ISR                      
0     003f791e  _rsvd_ISR                       
0     003f7923  _CPU_enableInt                  
0     003f7927  _CPU_init                       
0     003f792b  _PWM_enableSocAPulse            
0     003f792f  _PWM_setCounterMode             
0     003f7933  _SCI_clearRxFifoInt             
0     003f7937  _SCI_clearTxFifoInt             
0     003f793b  _SCI_enableFifoEnh              
0     003f793f  _SCI_getTxFifoStatus            
0     003f7943  _SCI_setCharLength              
0     003f7947  _SCI_setNumStopBits             
0     003f794b  _CPU_clearIntFlags              
0     003f794e  _CPU_disableGlobalInts          
0     003f7951  _CPU_enableDebugInt             
0     003f7954  _CPU_enableGlobalInts           
0     003f7957  _PIE_disable                    
0     003f795a  _PIE_enable                     
0     003f795d  _PLL_getClkStatus               
0     003f7960  _PLL_getLockStatus              
0     003f7963  _SCI_disableParity              
0     003f7966  _SCI_enable                     
0     003f7969  _SCI_enableRx                   
0     003f796c  _SCI_enableRxInt                
0     003f796f  _SCI_enableTx                   
0     003f7972  _SCI_enableTxInt                
0     003f7975  _PWM_setPeriod                  
0     003f7977  __system_pre_init               
0     003f7979  __system_post_cinit             
0     003f797a  _PIE_tableDebugInit             
0     003f7a7e  ___cinit__                      
0     003f7a7e  cinit                           
0     003f7ff6  code_start                      
1     00000400  __stack                         
1     00000600  __STACK_END                     
1     00000600  ___TI_enable_exit_profile_output
1     00000602  ___TI_cleanup_ptr               
1     00000604  ___TI_dtors_ptr                 
1     00000606  __lock                          
1     00000608  __unlock                        
1     0000060a  _cpu                            
1     0000060b  _errno                          
1     00008000  _packet                         
1     00008001  _counter                        
1     00008002  _is_time_to_send                
1     00008004  _mySci                          
1     00008006  _myPwm                          
1     00008008  _myPll                          
1     0000800a  _myCpu                          
1     0000800c  _myWDog                         
1     0000800e  _myAdc                          
1     00008010  _rms_buf_ptr                    
1     00008012  _myClk                          
1     00008014  _myGpio                         
1     00008016  _myFlash                        
1     00008018  _myPie                          
1     00008040  _curr2                          
1     000080c0  _volt1                          
1     00008140  _curr1                          
1     000081c0  _volt2                          
abs   00000004  _RamfuncsLoadSize               
abs   00000200  __STACK_SIZE                    
abs   ffffffff  .text                           
abs   ffffffff  ___TI_pprof_out_hndl            
abs   ffffffff  ___TI_prof_data_size            
abs   ffffffff  ___TI_prof_data_start           
abs   ffffffff  ___binit__                      
abs   ffffffff  ___c_args__                     
abs   ffffffff  ___etext__                      
abs   ffffffff  ___pinit__                      
abs   ffffffff  ___text__                       
abs   ffffffff  binit                           
abs   ffffffff  etext                           
abs   ffffffff  pinit                           

[201 symbols]
