<?xml version="1.0" encoding="ISO-8859-1" ?>
<link_info>
   <banner>TMS320C2000 Linker Unix v18.1.1.LTS</banner>
   <copyright>Copyright (c) 1996-2017 Texas Instruments Incorporated</copyright>
   <link_time>0x5b09c582</link_time>
   <link_errors>0x0</link_errors>
   <output_file>Example_F2802xAdcSoc.out</output_file>
   <entry_point>
      <name>code_start</name>
      <address>0x3f7ff6</address>
   </entry_point>
   <input_file_list>
      <input_file id="fl-2">
         <path>./</path>
         <kind>object</kind>
         <file>Communication.obj</file>
         <name>Communication.obj</name>
      </input_file>
      <input_file id="fl-3">
         <path>./</path>
         <kind>object</kind>
         <file>DigitalFilters.obj</file>
         <name>DigitalFilters.obj</name>
      </input_file>
      <input_file id="fl-4">
         <path>./</path>
         <kind>object</kind>
         <file>Example_2802xAdcSoc.obj</file>
         <name>Example_2802xAdcSoc.obj</name>
      </input_file>
      <input_file id="fl-5">
         <path>./</path>
         <kind>object</kind>
         <file>Initialization.obj</file>
         <name>Initialization.obj</name>
      </input_file>
      <input_file id="fl-b">
         <kind>object</kind>
         <file>&lt;internal&gt;</file>
         <name>&lt;internal&gt;</name>
      </input_file>
      <input_file id="fl-c">
         <path>/home/markos/ti/C2000Ware_1_00_03_00_Software/device_support/f2802x/common/ccs/Debug/</path>
         <kind>archive</kind>
         <file>driverlib.lib</file>
         <name>adc.obj</name>
      </input_file>
      <input_file id="fl-d">
         <path>/home/markos/ti/C2000Ware_1_00_03_00_Software/device_support/f2802x/common/ccs/Debug/</path>
         <kind>archive</kind>
         <file>driverlib.lib</file>
         <name>clk.obj</name>
      </input_file>
      <input_file id="fl-e">
         <path>/home/markos/ti/C2000Ware_1_00_03_00_Software/device_support/f2802x/common/ccs/Debug/</path>
         <kind>archive</kind>
         <file>driverlib.lib</file>
         <name>cpu.obj</name>
      </input_file>
      <input_file id="fl-f">
         <path>/home/markos/ti/C2000Ware_1_00_03_00_Software/device_support/f2802x/common/ccs/Debug/</path>
         <kind>archive</kind>
         <file>driverlib.lib</file>
         <name>f2802xx_asmfuncs.obj</name>
      </input_file>
      <input_file id="fl-10">
         <path>/home/markos/ti/C2000Ware_1_00_03_00_Software/device_support/f2802x/common/ccs/Debug/</path>
         <kind>archive</kind>
         <file>driverlib.lib</file>
         <name>f2802xx_codestartbranch.obj</name>
      </input_file>
      <input_file id="fl-11">
         <path>/home/markos/ti/C2000Ware_1_00_03_00_Software/device_support/f2802x/common/ccs/Debug/</path>
         <kind>archive</kind>
         <file>driverlib.lib</file>
         <name>flash.obj</name>
      </input_file>
      <input_file id="fl-12">
         <path>/home/markos/ti/C2000Ware_1_00_03_00_Software/device_support/f2802x/common/ccs/Debug/</path>
         <kind>archive</kind>
         <file>driverlib.lib</file>
         <name>gpio.obj</name>
      </input_file>
      <input_file id="fl-13">
         <path>/home/markos/ti/C2000Ware_1_00_03_00_Software/device_support/f2802x/common/ccs/Debug/</path>
         <kind>archive</kind>
         <file>driverlib.lib</file>
         <name>pie.obj</name>
      </input_file>
      <input_file id="fl-14">
         <path>/home/markos/ti/C2000Ware_1_00_03_00_Software/device_support/f2802x/common/ccs/Debug/</path>
         <kind>archive</kind>
         <file>driverlib.lib</file>
         <name>pll.obj</name>
      </input_file>
      <input_file id="fl-15">
         <path>/home/markos/ti/C2000Ware_1_00_03_00_Software/device_support/f2802x/common/ccs/Debug/</path>
         <kind>archive</kind>
         <file>driverlib.lib</file>
         <name>pwm.obj</name>
      </input_file>
      <input_file id="fl-16">
         <path>/home/markos/ti/C2000Ware_1_00_03_00_Software/device_support/f2802x/common/ccs/Debug/</path>
         <kind>archive</kind>
         <file>driverlib.lib</file>
         <name>sci.obj</name>
      </input_file>
      <input_file id="fl-17">
         <path>/home/markos/ti/C2000Ware_1_00_03_00_Software/device_support/f2802x/common/ccs/Debug/</path>
         <kind>archive</kind>
         <file>driverlib.lib</file>
         <name>wdog.obj</name>
      </input_file>
      <input_file id="fl-18">
         <path>/home/markos/ti/C2000Ware_1_00_03_00_Software/device_support/f2802x/common/ccs/Debug/</path>
         <kind>archive</kind>
         <file>driverlib.lib</file>
         <name>f2802xx_defaultisr.obj</name>
      </input_file>
      <input_file id="fl-19">
         <path>/opt/ti/ccsv8/tools/compiler/ti-cgt-c2000_18.1.1.LTS/lib/</path>
         <kind>archive</kind>
         <file>rts2800_ml.lib</file>
         <name>boot28.asm.obj</name>
      </input_file>
      <input_file id="fl-1a">
         <path>/opt/ti/ccsv8/tools/compiler/ti-cgt-c2000_18.1.1.LTS/lib/</path>
         <kind>archive</kind>
         <file>rts2800_ml.lib</file>
         <name>fs_add28.asm.obj</name>
      </input_file>
      <input_file id="fl-1b">
         <path>/opt/ti/ccsv8/tools/compiler/ti-cgt-c2000_18.1.1.LTS/lib/</path>
         <kind>archive</kind>
         <file>rts2800_ml.lib</file>
         <name>fs_mpy28.asm.obj</name>
      </input_file>
      <input_file id="fl-1c">
         <path>/opt/ti/ccsv8/tools/compiler/ti-cgt-c2000_18.1.1.LTS/lib/</path>
         <kind>archive</kind>
         <file>rts2800_ml.lib</file>
         <name>fs_neg28.asm.obj</name>
      </input_file>
      <input_file id="fl-1d">
         <path>/opt/ti/ccsv8/tools/compiler/ti-cgt-c2000_18.1.1.LTS/lib/</path>
         <kind>archive</kind>
         <file>rts2800_ml.lib</file>
         <name>cpy_tbl.c.obj</name>
      </input_file>
      <input_file id="fl-1e">
         <path>/opt/ti/ccsv8/tools/compiler/ti-cgt-c2000_18.1.1.LTS/lib/</path>
         <kind>archive</kind>
         <file>rts2800_ml.lib</file>
         <name>memcpy.c.obj</name>
      </input_file>
      <input_file id="fl-1f">
         <path>/opt/ti/ccsv8/tools/compiler/ti-cgt-c2000_18.1.1.LTS/lib/</path>
         <kind>archive</kind>
         <file>rts2800_ml.lib</file>
         <name>pre_init.c.obj</name>
      </input_file>
      <input_file id="fl-20">
         <path>/opt/ti/ccsv8/tools/compiler/ti-cgt-c2000_18.1.1.LTS/lib/</path>
         <kind>archive</kind>
         <file>rts2800_ml.lib</file>
         <name>startup.c.obj</name>
      </input_file>
      <input_file id="fl-21">
         <path>/opt/ti/ccsv8/tools/compiler/ti-cgt-c2000_18.1.1.LTS/lib/</path>
         <kind>archive</kind>
         <file>rts2800_ml.lib</file>
         <name>exit.c.obj</name>
      </input_file>
      <input_file id="fl-22">
         <path>/opt/ti/ccsv8/tools/compiler/ti-cgt-c2000_18.1.1.LTS/lib/</path>
         <kind>archive</kind>
         <file>rts2800_ml.lib</file>
         <name>_lock.c.obj</name>
      </input_file>
      <input_file id="fl-23">
         <path>/opt/ti/ccsv8/tools/compiler/ti-cgt-c2000_18.1.1.LTS/lib/</path>
         <kind>archive</kind>
         <file>rts2800_ml.lib</file>
         <name>args_main.c.obj</name>
      </input_file>
   </input_file_list>
   <object_component_list>
      <object_component id="oc-13">
         <name>codestart</name>
         <load_address>0x3f7ff6</load_address>
         <run_address>0x3f7ff6</run_address>
         <size>0x2</size>
         <input_file_ref idref="fl-10"/>
      </object_component>
      <object_component id="oc-3c">
         <name>ramfuncs</name>
         <load_address>0x3f7000</load_address>
         <run_address>0x50</run_address>
         <size>0x4</size>
         <input_file_ref idref="fl-f"/>
      </object_component>
      <object_component id="oc-1f">
         <name>.cinit</name>
         <load_address>0x3f79f8</load_address>
         <run_address>0x3f79f8</run_address>
         <size>0x1d</size>
         <input_file_ref idref="fl-4"/>
      </object_component>
      <object_component id="oc-cd">
         <name>.cinit</name>
         <load_address>0x3f7a15</load_address>
         <run_address>0x3f7a15</run_address>
         <size>0xe</size>
         <input_file_ref idref="fl-21"/>
      </object_component>
      <object_component id="oc-fd">
         <name>.cinit:__lock</name>
         <load_address>0x3f7a23</load_address>
         <run_address>0x3f7a23</run_address>
         <size>0x5</size>
         <input_file_ref idref="fl-22"/>
      </object_component>
      <object_component id="oc-130">
         <name>.cinit:__unlock</name>
         <load_address>0x3f7a28</load_address>
         <run_address>0x3f7a28</run_address>
         <size>0x5</size>
         <input_file_ref idref="fl-22"/>
      </object_component>
      <object_component id="oc-fa">
         <name>.text</name>
         <load_address>0x3f7004</load_address>
         <run_address>0x3f7004</run_address>
         <size>0x1c9</size>
         <input_file_ref idref="fl-5"/>
      </object_component>
      <object_component id="oc-de">
         <name>.text</name>
         <load_address>0x3f71cd</load_address>
         <run_address>0x3f71cd</run_address>
         <size>0x85</size>
         <input_file_ref idref="fl-2"/>
      </object_component>
      <object_component id="oc-a9">
         <name>.text</name>
         <load_address>0x3f7252</load_address>
         <run_address>0x3f7252</run_address>
         <size>0x78</size>
         <input_file_ref idref="fl-1a"/>
      </object_component>
      <object_component id="oc-21">
         <name>.text:retain</name>
         <load_address>0x3f72ca</load_address>
         <run_address>0x3f72ca</run_address>
         <size>0x5c</size>
         <input_file_ref idref="fl-4"/>
      </object_component>
      <object_component id="oc-ae">
         <name>.text</name>
         <load_address>0x3f7326</load_address>
         <run_address>0x3f7326</run_address>
         <size>0x5a</size>
         <input_file_ref idref="fl-1b"/>
      </object_component>
      <object_component id="oc-a2">
         <name>.text</name>
         <load_address>0x3f7380</load_address>
         <run_address>0x3f7380</run_address>
         <size>0x54</size>
         <input_file_ref idref="fl-19"/>
      </object_component>
      <object_component id="oc-12d">
         <name>.text:_GPIO_setMode</name>
         <load_address>0x3f73d4</load_address>
         <run_address>0x3f73d4</run_address>
         <size>0x48</size>
         <input_file_ref idref="fl-12"/>
      </object_component>
      <object_component id="oc-12e">
         <name>.text:_GPIO_setDirection</name>
         <load_address>0x3f741c</load_address>
         <run_address>0x3f741c</run_address>
         <size>0x29</size>
         <input_file_ref idref="fl-12"/>
      </object_component>
      <object_component id="oc-12b">
         <name>.text:_GPIO_setPullUp</name>
         <load_address>0x3f7445</load_address>
         <run_address>0x3f7445</run_address>
         <size>0x29</size>
         <input_file_ref idref="fl-12"/>
      </object_component>
      <object_component id="oc-e5">
         <name>.text</name>
         <load_address>0x3f746e</load_address>
         <run_address>0x3f746e</run_address>
         <size>0x29</size>
         <input_file_ref idref="fl-21"/>
      </object_component>
      <object_component id="oc-12c">
         <name>.text:_GPIO_setQualification</name>
         <load_address>0x3f7497</load_address>
         <run_address>0x3f7497</run_address>
         <size>0x27</size>
         <input_file_ref idref="fl-12"/>
      </object_component>
      <object_component id="oc-e2">
         <name>.text</name>
         <load_address>0x3f74be</load_address>
         <run_address>0x3f74be</run_address>
         <size>0x24</size>
         <input_file_ref idref="fl-1d"/>
      </object_component>
      <object_component id="oc-11e">
         <name>.text:_ADC_setIntMode</name>
         <load_address>0x3f74e2</load_address>
         <run_address>0x3f74e2</run_address>
         <size>0x22</size>
         <input_file_ref idref="fl-c"/>
      </object_component>
      <object_component id="oc-11f">
         <name>.text:_ADC_setIntSrc</name>
         <load_address>0x3f7504</load_address>
         <run_address>0x3f7504</run_address>
         <size>0x22</size>
         <input_file_ref idref="fl-c"/>
      </object_component>
      <object_component id="oc-fb">
         <name>.text</name>
         <load_address>0x3f7526</load_address>
         <run_address>0x3f7526</run_address>
         <size>0x1d</size>
         <input_file_ref idref="fl-1e"/>
      </object_component>
      <object_component id="oc-e0">
         <name>.text</name>
         <load_address>0x3f7543</load_address>
         <run_address>0x3f7543</run_address>
         <size>0x1c</size>
         <input_file_ref idref="fl-4"/>
      </object_component>
      <object_component id="oc-e4">
         <name>.text</name>
         <load_address>0x3f755f</load_address>
         <run_address>0x3f755f</run_address>
         <size>0x19</size>
         <input_file_ref idref="fl-23"/>
      </object_component>
      <object_component id="oc-11d">
         <name>.text:_ADC_enableInt</name>
         <load_address>0x3f7578</load_address>
         <run_address>0x3f7578</run_address>
         <size>0x17</size>
         <input_file_ref idref="fl-c"/>
      </object_component>
      <object_component id="oc-123">
         <name>.text:_ADC_setSampleMode</name>
         <load_address>0x3f758f</load_address>
         <run_address>0x3f758f</run_address>
         <size>0x17</size>
         <input_file_ref idref="fl-c"/>
      </object_component>
      <object_component id="oc-10b">
         <name>.text:_PLL_setup</name>
         <load_address>0x3f75a6</load_address>
         <run_address>0x3f75a6</run_address>
         <size>0x15</size>
         <input_file_ref idref="fl-14"/>
      </object_component>
      <object_component id="oc-dd">
         <name>.text:_GPIO_setHigh</name>
         <load_address>0x3f75bb</load_address>
         <run_address>0x3f75bb</run_address>
         <size>0x14</size>
         <input_file_ref idref="fl-12"/>
      </object_component>
      <object_component id="oc-df">
         <name>.text:_GPIO_setLow</name>
         <load_address>0x3f75cf</load_address>
         <run_address>0x3f75cf</run_address>
         <size>0x14</size>
         <input_file_ref idref="fl-12"/>
      </object_component>
      <object_component id="oc-118">
         <name>.text:_PIE_enableAdcInt</name>
         <load_address>0x3f75e3</load_address>
         <run_address>0x3f75e3</run_address>
         <size>0x14</size>
         <input_file_ref idref="fl-13"/>
      </object_component>
      <object_component id="oc-120">
         <name>.text:_ADC_setSocChanNumber</name>
         <load_address>0x3f75f7</load_address>
         <run_address>0x3f75f7</run_address>
         <size>0x12</size>
         <input_file_ref idref="fl-c"/>
      </object_component>
      <object_component id="oc-122">
         <name>.text:_ADC_setSocSampleWindow</name>
         <load_address>0x3f7609</load_address>
         <run_address>0x3f7609</run_address>
         <size>0x12</size>
         <input_file_ref idref="fl-c"/>
      </object_component>
      <object_component id="oc-121">
         <name>.text:_ADC_setSocTrigSrc</name>
         <load_address>0x3f761b</load_address>
         <run_address>0x3f761b</run_address>
         <size>0x12</size>
         <input_file_ref idref="fl-c"/>
      </object_component>
      <object_component id="oc-11c">
         <name>.text:_ADC_setIntPulseGenMode</name>
         <load_address>0x3f762d</load_address>
         <run_address>0x3f762d</run_address>
         <size>0x11</size>
         <input_file_ref idref="fl-c"/>
      </object_component>
      <object_component id="oc-117">
         <name>.text:_ADC_setVoltRefSrc</name>
         <load_address>0x3f763e</load_address>
         <run_address>0x3f763e</run_address>
         <size>0x11</size>
         <input_file_ref idref="fl-c"/>
      </object_component>
      <object_component id="oc-10d">
         <name>.text:_PIE_disableAllInts</name>
         <load_address>0x3f764f</load_address>
         <run_address>0x3f764f</run_address>
         <size>0x11</size>
         <input_file_ref idref="fl-13"/>
      </object_component>
      <object_component id="oc-110">
         <name>.text:_PIE_setDebugIntVectorTable</name>
         <load_address>0x3f7660</load_address>
         <run_address>0x3f7660</run_address>
         <size>0x11</size>
         <input_file_ref idref="fl-13"/>
      </object_component>
      <object_component id="oc-112">
         <name>.text:_PIE_registerPieIntHandler</name>
         <load_address>0x3f7671</load_address>
         <run_address>0x3f7671</run_address>
         <size>0xf</size>
         <input_file_ref idref="fl-13"/>
      </object_component>
      <object_component id="oc-116">
         <name>.text:_ADC_enable</name>
         <load_address>0x3f7680</load_address>
         <run_address>0x3f7680</run_address>
         <size>0xa</size>
         <input_file_ref idref="fl-c"/>
      </object_component>
      <object_component id="oc-113">
         <name>.text:_ADC_enableBandGap</name>
         <load_address>0x3f768a</load_address>
         <run_address>0x3f768a</run_address>
         <size>0xa</size>
         <input_file_ref idref="fl-c"/>
      </object_component>
      <object_component id="oc-114">
         <name>.text:_ADC_enableRefBuffers</name>
         <load_address>0x3f7694</load_address>
         <run_address>0x3f7694</run_address>
         <size>0xa</size>
         <input_file_ref idref="fl-c"/>
      </object_component>
      <object_component id="oc-fe">
         <name>.text:_ADC_init</name>
         <load_address>0x3f769e</load_address>
         <run_address>0x3f769e</run_address>
         <size>0xa</size>
         <input_file_ref idref="fl-c"/>
      </object_component>
      <object_component id="oc-115">
         <name>.text:_ADC_powerUp</name>
         <load_address>0x3f76a8</load_address>
         <run_address>0x3f76a8</run_address>
         <size>0xa</size>
         <input_file_ref idref="fl-c"/>
      </object_component>
      <object_component id="oc-103">
         <name>.text:_PIE_init</name>
         <load_address>0x3f76b2</load_address>
         <run_address>0x3f76b2</run_address>
         <size>0xa</size>
         <input_file_ref idref="fl-13"/>
      </object_component>
      <object_component id="oc-f5">
         <name>.text:_SCI_resetChannels</name>
         <load_address>0x3f76bc</load_address>
         <run_address>0x3f76bc</run_address>
         <size>0xa</size>
         <input_file_ref idref="fl-16"/>
      </object_component>
      <object_component id="oc-f7">
         <name>.text:_SCI_resetRxFifo</name>
         <load_address>0x3f76c6</load_address>
         <run_address>0x3f76c6</run_address>
         <size>0xa</size>
         <input_file_ref idref="fl-16"/>
      </object_component>
      <object_component id="oc-f3">
         <name>.text:_SCI_resetTxFifo</name>
         <load_address>0x3f76d0</load_address>
         <run_address>0x3f76d0</run_address>
         <size>0xa</size>
         <input_file_ref idref="fl-16"/>
      </object_component>
      <object_component id="oc-3b">
         <name>.text</name>
         <load_address>0x3f76da</load_address>
         <run_address>0x3f76da</run_address>
         <size>0xa</size>
         <input_file_ref idref="fl-f"/>
      </object_component>
      <object_component id="oc-124">
         <name>.text:_CLK_enablePwmClock</name>
         <load_address>0x3f76e4</load_address>
         <run_address>0x3f76e4</run_address>
         <size>0x9</size>
         <input_file_ref idref="fl-d"/>
      </object_component>
      <object_component id="oc-e6">
         <name>.text:_CLK_enableSciaClock</name>
         <load_address>0x3f76ed</load_address>
         <run_address>0x3f76ed</run_address>
         <size>0x9</size>
         <input_file_ref idref="fl-d"/>
      </object_component>
      <object_component id="oc-127">
         <name>.text:_PWM_setSocAPeriod</name>
         <load_address>0x3f76f6</load_address>
         <run_address>0x3f76f6</run_address>
         <size>0x9</size>
         <input_file_ref idref="fl-15"/>
      </object_component>
      <object_component id="oc-126">
         <name>.text:_PWM_setSocAPulseSrc</name>
         <load_address>0x3f76ff</load_address>
         <run_address>0x3f76ff</run_address>
         <size>0x9</size>
         <input_file_ref idref="fl-15"/>
      </object_component>
      <object_component id="oc-f1">
         <name>.text:_SCI_putDataNonBlocking</name>
         <load_address>0x3f7708</load_address>
         <run_address>0x3f7708</run_address>
         <size>0x9</size>
         <input_file_ref idref="fl-16"/>
      </object_component>
      <object_component id="oc-12f">
         <name>.text</name>
         <load_address>0x3f7711</load_address>
         <run_address>0x3f7711</run_address>
         <size>0x9</size>
         <input_file_ref idref="fl-22"/>
      </object_component>
      <object_component id="oc-ff">
         <name>.text:_CLK_init</name>
         <load_address>0x3f771a</load_address>
         <run_address>0x3f771a</run_address>
         <size>0x8</size>
         <input_file_ref idref="fl-d"/>
      </object_component>
      <object_component id="oc-101">
         <name>.text:_FLASH_init</name>
         <load_address>0x3f7722</load_address>
         <run_address>0x3f7722</run_address>
         <size>0x8</size>
         <input_file_ref idref="fl-11"/>
      </object_component>
      <object_component id="oc-102">
         <name>.text:_GPIO_init</name>
         <load_address>0x3f772a</load_address>
         <run_address>0x3f772a</run_address>
         <size>0x8</size>
         <input_file_ref idref="fl-12"/>
      </object_component>
      <object_component id="oc-104">
         <name>.text:_PLL_init</name>
         <load_address>0x3f7732</load_address>
         <run_address>0x3f7732</run_address>
         <size>0x8</size>
         <input_file_ref idref="fl-14"/>
      </object_component>
      <object_component id="oc-105">
         <name>.text:_PWM_init</name>
         <load_address>0x3f773a</load_address>
         <run_address>0x3f773a</run_address>
         <size>0x8</size>
         <input_file_ref idref="fl-15"/>
      </object_component>
      <object_component id="oc-107">
         <name>.text:_SCI_init</name>
         <load_address>0x3f7742</load_address>
         <run_address>0x3f7742</run_address>
         <size>0x8</size>
         <input_file_ref idref="fl-16"/>
      </object_component>
      <object_component id="oc-108">
         <name>.text:_WDOG_disable</name>
         <load_address>0x3f774a</load_address>
         <run_address>0x3f774a</run_address>
         <size>0x8</size>
         <input_file_ref idref="fl-17"/>
      </object_component>
      <object_component id="oc-106">
         <name>.text:_WDOG_init</name>
         <load_address>0x3f7752</load_address>
         <run_address>0x3f7752</run_address>
         <size>0x8</size>
         <input_file_ref idref="fl-17"/>
      </object_component>
      <object_component id="oc-41">
         <name>.text</name>
         <load_address>0x3f775a</load_address>
         <run_address>0x3f775a</run_address>
         <size>0x8</size>
         <input_file_ref idref="fl-10"/>
      </object_component>
      <object_component id="oc-109">
         <name>.text:_CLK_enableAdcClock</name>
         <load_address>0x3f7762</load_address>
         <run_address>0x3f7762</run_address>
         <size>0x7</size>
         <input_file_ref idref="fl-d"/>
      </object_component>
      <object_component id="oc-12a">
         <name>.text:_CLK_enableTbClockSync</name>
         <load_address>0x3f7769</load_address>
         <run_address>0x3f7769</run_address>
         <size>0x7</size>
         <input_file_ref idref="fl-d"/>
      </object_component>
      <object_component id="oc-10a">
         <name>.text:_CLK_setOscSrc</name>
         <load_address>0x3f7770</load_address>
         <run_address>0x3f7770</run_address>
         <size>0x7</size>
         <input_file_ref idref="fl-d"/>
      </object_component>
      <object_component id="oc-132">
         <name>.text:_PLL_setDivider</name>
         <load_address>0x3f7777</load_address>
         <run_address>0x3f7777</run_address>
         <size>0x7</size>
         <input_file_ref idref="fl-14"/>
      </object_component>
      <object_component id="oc-f9">
         <name>.text:_SCI_setRxFifoIntLevel</name>
         <load_address>0x3f777e</load_address>
         <run_address>0x3f777e</run_address>
         <size>0x7</size>
         <input_file_ref idref="fl-16"/>
      </object_component>
      <object_component id="oc-f6">
         <name>.text:_SCI_setTxFifoIntLevel</name>
         <load_address>0x3f7785</load_address>
         <run_address>0x3f7785</run_address>
         <size>0x7</size>
         <input_file_ref idref="fl-16"/>
      </object_component>
      <object_component id="oc-133">
         <name>.text:_PLL_setMultiplier</name>
         <load_address>0x3f778c</load_address>
         <run_address>0x3f778c</run_address>
         <size>0x6</size>
         <input_file_ref idref="fl-14"/>
      </object_component>
      <object_component id="oc-ee">
         <name>.text:_SCI_setBaudRate</name>
         <load_address>0x3f7792</load_address>
         <run_address>0x3f7792</run_address>
         <size>0x6</size>
         <input_file_ref idref="fl-16"/>
      </object_component>
      <object_component id="oc-7e">
         <name>.text:_ADCINT1_ISR</name>
         <load_address>0x3f7798</load_address>
         <run_address>0x3f7798</run_address>
         <size>0x5</size>
         <input_file_ref idref="fl-18"/>
      </object_component>
      <object_component id="oc-7f">
         <name>.text:_ADCINT2_ISR</name>
         <load_address>0x3f779d</load_address>
         <run_address>0x3f779d</run_address>
         <size>0x5</size>
         <input_file_ref idref="fl-18"/>
      </object_component>
      <object_component id="oc-94">
         <name>.text:_ADCINT3_ISR</name>
         <load_address>0x3f77a2</load_address>
         <run_address>0x3f77a2</run_address>
         <size>0x5</size>
         <input_file_ref idref="fl-18"/>
      </object_component>
      <object_component id="oc-95">
         <name>.text:_ADCINT4_ISR</name>
         <load_address>0x3f77a7</load_address>
         <run_address>0x3f77a7</run_address>
         <size>0x5</size>
         <input_file_ref idref="fl-18"/>
      </object_component>
      <object_component id="oc-96">
         <name>.text:_ADCINT5_ISR</name>
         <load_address>0x3f77ac</load_address>
         <run_address>0x3f77ac</run_address>
         <size>0x5</size>
         <input_file_ref idref="fl-18"/>
      </object_component>
      <object_component id="oc-97">
         <name>.text:_ADCINT6_ISR</name>
         <load_address>0x3f77b1</load_address>
         <run_address>0x3f77b1</run_address>
         <size>0x5</size>
         <input_file_ref idref="fl-18"/>
      </object_component>
      <object_component id="oc-98">
         <name>.text:_ADCINT7_ISR</name>
         <load_address>0x3f77b6</load_address>
         <run_address>0x3f77b6</run_address>
         <size>0x5</size>
         <input_file_ref idref="fl-18"/>
      </object_component>
      <object_component id="oc-99">
         <name>.text:_ADCINT8_ISR</name>
         <load_address>0x3f77bb</load_address>
         <run_address>0x3f77bb</run_address>
         <size>0x5</size>
         <input_file_ref idref="fl-18"/>
      </object_component>
      <object_component id="oc-82">
         <name>.text:_ADCINT9_ISR</name>
         <load_address>0x3f77c0</load_address>
         <run_address>0x3f77c0</run_address>
         <size>0x5</size>
         <input_file_ref idref="fl-18"/>
      </object_component>
      <object_component id="oc-6d">
         <name>.text:_DATALOG_ISR</name>
         <load_address>0x3f77c5</load_address>
         <run_address>0x3f77c5</run_address>
         <size>0x5</size>
         <input_file_ref idref="fl-18"/>
      </object_component>
      <object_component id="oc-8d">
         <name>.text:_ECAP1_INT_ISR</name>
         <load_address>0x3f77ca</load_address>
         <run_address>0x3f77ca</run_address>
         <size>0x5</size>
         <input_file_ref idref="fl-18"/>
      </object_component>
      <object_component id="oc-9b">
         <name>.text:_EMPTY_ISR</name>
         <load_address>0x3f77cf</load_address>
         <run_address>0x3f77cf</run_address>
         <size>0x5</size>
         <input_file_ref idref="fl-18"/>
      </object_component>
      <object_component id="oc-6f">
         <name>.text:_EMUINT_ISR</name>
         <load_address>0x3f77d4</load_address>
         <run_address>0x3f77d4</run_address>
         <size>0x5</size>
         <input_file_ref idref="fl-18"/>
      </object_component>
      <object_component id="oc-89">
         <name>.text:_EPWM1_INT_ISR</name>
         <load_address>0x3f77d9</load_address>
         <run_address>0x3f77d9</run_address>
         <size>0x5</size>
         <input_file_ref idref="fl-18"/>
      </object_component>
      <object_component id="oc-85">
         <name>.text:_EPWM1_TZINT_ISR</name>
         <load_address>0x3f77de</load_address>
         <run_address>0x3f77de</run_address>
         <size>0x5</size>
         <input_file_ref idref="fl-18"/>
      </object_component>
      <object_component id="oc-8a">
         <name>.text:_EPWM2_INT_ISR</name>
         <load_address>0x3f77e3</load_address>
         <run_address>0x3f77e3</run_address>
         <size>0x5</size>
         <input_file_ref idref="fl-18"/>
      </object_component>
      <object_component id="oc-86">
         <name>.text:_EPWM2_TZINT_ISR</name>
         <load_address>0x3f77e8</load_address>
         <run_address>0x3f77e8</run_address>
         <size>0x5</size>
         <input_file_ref idref="fl-18"/>
      </object_component>
      <object_component id="oc-8b">
         <name>.text:_EPWM3_INT_ISR</name>
         <load_address>0x3f77ed</load_address>
         <run_address>0x3f77ed</run_address>
         <size>0x5</size>
         <input_file_ref idref="fl-18"/>
      </object_component>
      <object_component id="oc-87">
         <name>.text:_EPWM3_TZINT_ISR</name>
         <load_address>0x3f77f2</load_address>
         <run_address>0x3f77f2</run_address>
         <size>0x5</size>
         <input_file_ref idref="fl-18"/>
      </object_component>
      <object_component id="oc-8c">
         <name>.text:_EPWM4_INT_ISR</name>
         <load_address>0x3f77f7</load_address>
         <run_address>0x3f77f7</run_address>
         <size>0x5</size>
         <input_file_ref idref="fl-18"/>
      </object_component>
      <object_component id="oc-88">
         <name>.text:_EPWM4_TZINT_ISR</name>
         <load_address>0x3f77fc</load_address>
         <run_address>0x3f77fc</run_address>
         <size>0x5</size>
         <input_file_ref idref="fl-18"/>
      </object_component>
      <object_component id="oc-90">
         <name>.text:_I2CINT1A_ISR</name>
         <load_address>0x3f7801</load_address>
         <run_address>0x3f7801</run_address>
         <size>0x5</size>
         <input_file_ref idref="fl-18"/>
      </object_component>
      <object_component id="oc-91">
         <name>.text:_I2CINT2A_ISR</name>
         <load_address>0x3f7806</load_address>
         <run_address>0x3f7806</run_address>
         <size>0x5</size>
         <input_file_ref idref="fl-18"/>
      </object_component>
      <object_component id="oc-71">
         <name>.text:_ILLEGAL_ISR</name>
         <load_address>0x3f780b</load_address>
         <run_address>0x3f780b</run_address>
         <size>0x5</size>
         <input_file_ref idref="fl-18"/>
      </object_component>
      <object_component id="oc-6b">
         <name>.text:_INT13_ISR</name>
         <load_address>0x3f7810</load_address>
         <run_address>0x3f7810</run_address>
         <size>0x5</size>
         <input_file_ref idref="fl-18"/>
      </object_component>
      <object_component id="oc-6c">
         <name>.text:_INT14_ISR</name>
         <load_address>0x3f7815</load_address>
         <run_address>0x3f7815</run_address>
         <size>0x5</size>
         <input_file_ref idref="fl-18"/>
      </object_component>
      <object_component id="oc-70">
         <name>.text:_NMI_ISR</name>
         <load_address>0x3f781a</load_address>
         <run_address>0x3f781a</run_address>
         <size>0x5</size>
         <input_file_ref idref="fl-18"/>
      </object_component>
      <object_component id="oc-9c">
         <name>.text:_PIE_RESERVED</name>
         <load_address>0x3f781f</load_address>
         <run_address>0x3f781f</run_address>
         <size>0x5</size>
         <input_file_ref idref="fl-18"/>
      </object_component>
      <object_component id="oc-51">
         <name>.text:_PIE_illegalIsr</name>
         <load_address>0x3f7824</load_address>
         <run_address>0x3f7824</run_address>
         <size>0x5</size>
         <input_file_ref idref="fl-13"/>
      </object_component>
      <object_component id="oc-6e">
         <name>.text:_RTOSINT_ISR</name>
         <load_address>0x3f7829</load_address>
         <run_address>0x3f7829</run_address>
         <size>0x5</size>
         <input_file_ref idref="fl-18"/>
      </object_component>
      <object_component id="oc-92">
         <name>.text:_SCIRXINTA_ISR</name>
         <load_address>0x3f782e</load_address>
         <run_address>0x3f782e</run_address>
         <size>0x5</size>
         <input_file_ref idref="fl-18"/>
      </object_component>
      <object_component id="oc-93">
         <name>.text:_SCITXINTA_ISR</name>
         <load_address>0x3f7833</load_address>
         <run_address>0x3f7833</run_address>
         <size>0x5</size>
         <input_file_ref idref="fl-18"/>
      </object_component>
      <object_component id="oc-8e">
         <name>.text:_SPIRXINTA_ISR</name>
         <load_address>0x3f7838</load_address>
         <run_address>0x3f7838</run_address>
         <size>0x5</size>
         <input_file_ref idref="fl-18"/>
      </object_component>
      <object_component id="oc-8f">
         <name>.text:_SPITXINTA_ISR</name>
         <load_address>0x3f783d</load_address>
         <run_address>0x3f783d</run_address>
         <size>0x5</size>
         <input_file_ref idref="fl-18"/>
      </object_component>
      <object_component id="oc-83">
         <name>.text:_TINT0_ISR</name>
         <load_address>0x3f7842</load_address>
         <run_address>0x3f7842</run_address>
         <size>0x5</size>
         <input_file_ref idref="fl-18"/>
      </object_component>
      <object_component id="oc-7b">
         <name>.text:_USER10_ISR</name>
         <load_address>0x3f7847</load_address>
         <run_address>0x3f7847</run_address>
         <size>0x5</size>
         <input_file_ref idref="fl-18"/>
      </object_component>
      <object_component id="oc-7c">
         <name>.text:_USER11_ISR</name>
         <load_address>0x3f784c</load_address>
         <run_address>0x3f784c</run_address>
         <size>0x5</size>
         <input_file_ref idref="fl-18"/>
      </object_component>
      <object_component id="oc-7d">
         <name>.text:_USER12_ISR</name>
         <load_address>0x3f7851</load_address>
         <run_address>0x3f7851</run_address>
         <size>0x5</size>
         <input_file_ref idref="fl-18"/>
      </object_component>
      <object_component id="oc-72">
         <name>.text:_USER1_ISR</name>
         <load_address>0x3f7856</load_address>
         <run_address>0x3f7856</run_address>
         <size>0x5</size>
         <input_file_ref idref="fl-18"/>
      </object_component>
      <object_component id="oc-73">
         <name>.text:_USER2_ISR</name>
         <load_address>0x3f785b</load_address>
         <run_address>0x3f785b</run_address>
         <size>0x5</size>
         <input_file_ref idref="fl-18"/>
      </object_component>
      <object_component id="oc-74">
         <name>.text:_USER3_ISR</name>
         <load_address>0x3f7860</load_address>
         <run_address>0x3f7860</run_address>
         <size>0x5</size>
         <input_file_ref idref="fl-18"/>
      </object_component>
      <object_component id="oc-75">
         <name>.text:_USER4_ISR</name>
         <load_address>0x3f7865</load_address>
         <run_address>0x3f7865</run_address>
         <size>0x5</size>
         <input_file_ref idref="fl-18"/>
      </object_component>
      <object_component id="oc-76">
         <name>.text:_USER5_ISR</name>
         <load_address>0x3f786a</load_address>
         <run_address>0x3f786a</run_address>
         <size>0x5</size>
         <input_file_ref idref="fl-18"/>
      </object_component>
      <object_component id="oc-77">
         <name>.text:_USER6_ISR</name>
         <load_address>0x3f786f</load_address>
         <run_address>0x3f786f</run_address>
         <size>0x5</size>
         <input_file_ref idref="fl-18"/>
      </object_component>
      <object_component id="oc-78">
         <name>.text:_USER7_ISR</name>
         <load_address>0x3f7874</load_address>
         <run_address>0x3f7874</run_address>
         <size>0x5</size>
         <input_file_ref idref="fl-18"/>
      </object_component>
      <object_component id="oc-79">
         <name>.text:_USER8_ISR</name>
         <load_address>0x3f7879</load_address>
         <run_address>0x3f7879</run_address>
         <size>0x5</size>
         <input_file_ref idref="fl-18"/>
      </object_component>
      <object_component id="oc-7a">
         <name>.text:_USER9_ISR</name>
         <load_address>0x3f787e</load_address>
         <run_address>0x3f787e</run_address>
         <size>0x5</size>
         <input_file_ref idref="fl-18"/>
      </object_component>
      <object_component id="oc-84">
         <name>.text:_WAKEINT_ISR</name>
         <load_address>0x3f7883</load_address>
         <run_address>0x3f7883</run_address>
         <size>0x5</size>
         <input_file_ref idref="fl-18"/>
      </object_component>
      <object_component id="oc-80">
         <name>.text:_XINT1_ISR</name>
         <load_address>0x3f7888</load_address>
         <run_address>0x3f7888</run_address>
         <size>0x5</size>
         <input_file_ref idref="fl-18"/>
      </object_component>
      <object_component id="oc-81">
         <name>.text:_XINT2_ISR</name>
         <load_address>0x3f788d</load_address>
         <run_address>0x3f788d</run_address>
         <size>0x5</size>
         <input_file_ref idref="fl-18"/>
      </object_component>
      <object_component id="oc-9a">
         <name>.text:_XINT3_ISR</name>
         <load_address>0x3f7892</load_address>
         <run_address>0x3f7892</run_address>
         <size>0x5</size>
         <input_file_ref idref="fl-18"/>
      </object_component>
      <object_component id="oc-9d">
         <name>.text:_rsvd_ISR</name>
         <load_address>0x3f7897</load_address>
         <run_address>0x3f7897</run_address>
         <size>0x5</size>
         <input_file_ref idref="fl-18"/>
      </object_component>
      <object_component id="oc-b3">
         <name>.text</name>
         <load_address>0x3f789c</load_address>
         <run_address>0x3f789c</run_address>
         <size>0x5</size>
         <input_file_ref idref="fl-1c"/>
      </object_component>
      <object_component id="oc-119">
         <name>.text:_CPU_enableInt</name>
         <load_address>0x3f78a1</load_address>
         <run_address>0x3f78a1</run_address>
         <size>0x4</size>
         <input_file_ref idref="fl-e"/>
      </object_component>
      <object_component id="oc-100">
         <name>.text:_CPU_init</name>
         <load_address>0x3f78a5</load_address>
         <run_address>0x3f78a5</run_address>
         <size>0x4</size>
         <input_file_ref idref="fl-e"/>
      </object_component>
      <object_component id="oc-125">
         <name>.text:_PWM_enableSocAPulse</name>
         <load_address>0x3f78a9</load_address>
         <run_address>0x3f78a9</run_address>
         <size>0x4</size>
         <input_file_ref idref="fl-15"/>
      </object_component>
      <object_component id="oc-129">
         <name>.text:_PWM_setCounterMode</name>
         <load_address>0x3f78ad</load_address>
         <run_address>0x3f78ad</run_address>
         <size>0x4</size>
         <input_file_ref idref="fl-15"/>
      </object_component>
      <object_component id="oc-f8">
         <name>.text:_SCI_clearRxFifoInt</name>
         <load_address>0x3f78b1</load_address>
         <run_address>0x3f78b1</run_address>
         <size>0x4</size>
         <input_file_ref idref="fl-16"/>
      </object_component>
      <object_component id="oc-f4">
         <name>.text:_SCI_clearTxFifoInt</name>
         <load_address>0x3f78b5</load_address>
         <run_address>0x3f78b5</run_address>
         <size>0x4</size>
         <input_file_ref idref="fl-16"/>
      </object_component>
      <object_component id="oc-f2">
         <name>.text:_SCI_enableFifoEnh</name>
         <load_address>0x3f78b9</load_address>
         <run_address>0x3f78b9</run_address>
         <size>0x4</size>
         <input_file_ref idref="fl-16"/>
      </object_component>
      <object_component id="oc-f0">
         <name>.text:_SCI_getTxFifoStatus</name>
         <load_address>0x3f78bd</load_address>
         <run_address>0x3f78bd</run_address>
         <size>0x4</size>
         <input_file_ref idref="fl-16"/>
      </object_component>
      <object_component id="oc-e9">
         <name>.text:_SCI_setCharLength</name>
         <load_address>0x3f78c1</load_address>
         <run_address>0x3f78c1</run_address>
         <size>0x4</size>
         <input_file_ref idref="fl-16"/>
      </object_component>
      <object_component id="oc-e8">
         <name>.text:_SCI_setNumStopBits</name>
         <load_address>0x3f78c5</load_address>
         <run_address>0x3f78c5</run_address>
         <size>0x4</size>
         <input_file_ref idref="fl-16"/>
      </object_component>
      <object_component id="oc-10f">
         <name>.text:_CPU_clearIntFlags</name>
         <load_address>0x3f78c9</load_address>
         <run_address>0x3f78c9</run_address>
         <size>0x3</size>
         <input_file_ref idref="fl-e"/>
      </object_component>
      <object_component id="oc-10e">
         <name>.text:_CPU_disableGlobalInts</name>
         <load_address>0x3f78cc</load_address>
         <run_address>0x3f78cc</run_address>
         <size>0x3</size>
         <input_file_ref idref="fl-e"/>
      </object_component>
      <object_component id="oc-11b">
         <name>.text:_CPU_enableDebugInt</name>
         <load_address>0x3f78cf</load_address>
         <run_address>0x3f78cf</run_address>
         <size>0x3</size>
         <input_file_ref idref="fl-e"/>
      </object_component>
      <object_component id="oc-11a">
         <name>.text:_CPU_enableGlobalInts</name>
         <load_address>0x3f78d2</load_address>
         <run_address>0x3f78d2</run_address>
         <size>0x3</size>
         <input_file_ref idref="fl-e"/>
      </object_component>
      <object_component id="oc-10c">
         <name>.text:_PIE_disable</name>
         <load_address>0x3f78d5</load_address>
         <run_address>0x3f78d5</run_address>
         <size>0x3</size>
         <input_file_ref idref="fl-13"/>
      </object_component>
      <object_component id="oc-111">
         <name>.text:_PIE_enable</name>
         <load_address>0x3f78d8</load_address>
         <run_address>0x3f78d8</run_address>
         <size>0x3</size>
         <input_file_ref idref="fl-13"/>
      </object_component>
      <object_component id="oc-131">
         <name>.text:_PLL_getClkStatus</name>
         <load_address>0x3f78db</load_address>
         <run_address>0x3f78db</run_address>
         <size>0x3</size>
         <input_file_ref idref="fl-14"/>
      </object_component>
      <object_component id="oc-134">
         <name>.text:_PLL_getLockStatus</name>
         <load_address>0x3f78de</load_address>
         <run_address>0x3f78de</run_address>
         <size>0x3</size>
         <input_file_ref idref="fl-14"/>
      </object_component>
      <object_component id="oc-e7">
         <name>.text:_SCI_disableParity</name>
         <load_address>0x3f78e1</load_address>
         <run_address>0x3f78e1</run_address>
         <size>0x3</size>
         <input_file_ref idref="fl-16"/>
      </object_component>
      <object_component id="oc-ef">
         <name>.text:_SCI_enable</name>
         <load_address>0x3f78e4</load_address>
         <run_address>0x3f78e4</run_address>
         <size>0x3</size>
         <input_file_ref idref="fl-16"/>
      </object_component>
      <object_component id="oc-eb">
         <name>.text:_SCI_enableRx</name>
         <load_address>0x3f78e7</load_address>
         <run_address>0x3f78e7</run_address>
         <size>0x3</size>
         <input_file_ref idref="fl-16"/>
      </object_component>
      <object_component id="oc-ed">
         <name>.text:_SCI_enableRxInt</name>
         <load_address>0x3f78ea</load_address>
         <run_address>0x3f78ea</run_address>
         <size>0x3</size>
         <input_file_ref idref="fl-16"/>
      </object_component>
      <object_component id="oc-ea">
         <name>.text:_SCI_enableTx</name>
         <load_address>0x3f78ed</load_address>
         <run_address>0x3f78ed</run_address>
         <size>0x3</size>
         <input_file_ref idref="fl-16"/>
      </object_component>
      <object_component id="oc-ec">
         <name>.text:_SCI_enableTxInt</name>
         <load_address>0x3f78f0</load_address>
         <run_address>0x3f78f0</run_address>
         <size>0x3</size>
         <input_file_ref idref="fl-16"/>
      </object_component>
      <object_component id="oc-128">
         <name>.text:_PWM_setPeriod</name>
         <load_address>0x3f78f3</load_address>
         <run_address>0x3f78f3</run_address>
         <size>0x2</size>
         <input_file_ref idref="fl-15"/>
      </object_component>
      <object_component id="oc-e1">
         <name>.text</name>
         <load_address>0x3f78f5</load_address>
         <run_address>0x3f78f5</run_address>
         <size>0x2</size>
         <input_file_ref idref="fl-1f"/>
      </object_component>
      <object_component id="oc-e3">
         <name>.text</name>
         <load_address>0x3f78f7</load_address>
         <run_address>0x3f78f7</run_address>
         <size>0x1</size>
         <input_file_ref idref="fl-20"/>
      </object_component>
      <object_component id="oc-a3">
         <name>.stack</name>
         <uninitialized>true</uninitialized>
         <run_address>0x400</run_address>
         <size>0x0</size>
         <input_file_ref idref="fl-19"/>
      </object_component>
      <object_component id="oc-153">
         <name>.stack</name>
         <uninitialized>true</uninitialized>
         <run_address>0x400</run_address>
         <size>0x0</size>
      </object_component>
      <object_component id="oc-ce">
         <name>.ebss</name>
         <uninitialized>true</uninitialized>
         <run_address>0x600</run_address>
         <size>0x6</size>
         <input_file_ref idref="fl-21"/>
      </object_component>
      <object_component id="oc-fc">
         <name>.ebss:__lock</name>
         <uninitialized>true</uninitialized>
         <run_address>0x606</run_address>
         <size>0x2</size>
         <input_file_ref idref="fl-22"/>
      </object_component>
      <object_component id="oc-136">
         <name>.ebss:__unlock</name>
         <uninitialized>true</uninitialized>
         <run_address>0x608</run_address>
         <size>0x2</size>
         <input_file_ref idref="fl-22"/>
      </object_component>
      <object_component id="oc-36">
         <name>.ebss</name>
         <uninitialized>true</uninitialized>
         <run_address>0x60a</run_address>
         <size>0x1</size>
         <input_file_ref idref="fl-e"/>
      </object_component>
      <object_component id="oc-20">
         <name>.ebss</name>
         <uninitialized>true</uninitialized>
         <run_address>0x8000</run_address>
         <size>0x2be</size>
         <input_file_ref idref="fl-4"/>
      </object_component>
      <object_component id="oc-135">
         <name>.econst:_PIE_tableDebugInit</name>
         <load_address>0x3f78f8</load_address>
         <run_address>0x3f78f8</run_address>
         <size>0x100</size>
         <input_file_ref idref="fl-13"/>
      </object_component>
      <object_component id="oc-a4">
         <name>.reset</name>
         <load_address>0x3fffc0</load_address>
         <run_address>0x3fffc0</run_address>
         <size>0x2</size>
         <input_file_ref idref="fl-19"/>
      </object_component>
      <object_component id="oc-14">
         <name>.debug_info</name>
         <load_address>0x0</load_address>
         <run_address>0x0</run_address>
         <size>0x10a5</size>
         <input_file_ref idref="fl-2"/>
      </object_component>
      <object_component id="oc-19">
         <name>.debug_info</name>
         <load_address>0x10a5</load_address>
         <run_address>0x10a5</run_address>
         <size>0x35b</size>
         <input_file_ref idref="fl-3"/>
      </object_component>
      <object_component id="oc-1e">
         <name>.debug_info</name>
         <load_address>0x1400</load_address>
         <run_address>0x1400</run_address>
         <size>0x2f35</size>
         <input_file_ref idref="fl-4"/>
      </object_component>
      <object_component id="oc-26">
         <name>.debug_info</name>
         <load_address>0x4335</load_address>
         <run_address>0x4335</run_address>
         <size>0x5e0d</size>
         <input_file_ref idref="fl-5"/>
      </object_component>
      <object_component id="oc-2b">
         <name>.debug_info</name>
         <load_address>0xa142</load_address>
         <run_address>0xa142</run_address>
         <size>0x2aa0</size>
         <input_file_ref idref="fl-c"/>
      </object_component>
      <object_component id="oc-30">
         <name>.debug_info</name>
         <load_address>0xcbe2</load_address>
         <run_address>0xcbe2</run_address>
         <size>0x100e</size>
         <input_file_ref idref="fl-d"/>
      </object_component>
      <object_component id="oc-35">
         <name>.debug_info</name>
         <load_address>0xdbf0</load_address>
         <run_address>0xdbf0</run_address>
         <size>0xa77</size>
         <input_file_ref idref="fl-e"/>
      </object_component>
      <object_component id="oc-3d">
         <name>.debug_info</name>
         <load_address>0xe667</load_address>
         <run_address>0xe667</run_address>
         <size>0x1f9</size>
         <input_file_ref idref="fl-f"/>
      </object_component>
      <object_component id="oc-42">
         <name>.debug_info</name>
         <load_address>0xe860</load_address>
         <run_address>0xe860</run_address>
         <size>0x1eb</size>
         <input_file_ref idref="fl-10"/>
      </object_component>
      <object_component id="oc-46">
         <name>.debug_info</name>
         <load_address>0xea4b</load_address>
         <run_address>0xea4b</run_address>
         <size>0xc8c</size>
         <input_file_ref idref="fl-11"/>
      </object_component>
      <object_component id="oc-4b">
         <name>.debug_info</name>
         <load_address>0xf6d7</load_address>
         <run_address>0xf6d7</run_address>
         <size>0x1e4e</size>
         <input_file_ref idref="fl-12"/>
      </object_component>
      <object_component id="oc-50">
         <name>.debug_info</name>
         <load_address>0x11525</load_address>
         <run_address>0x11525</run_address>
         <size>0x2cdf</size>
         <input_file_ref idref="fl-13"/>
      </object_component>
      <object_component id="oc-56">
         <name>.debug_info</name>
         <load_address>0x14204</load_address>
         <run_address>0x14204</run_address>
         <size>0xd6c</size>
         <input_file_ref idref="fl-14"/>
      </object_component>
      <object_component id="oc-5b">
         <name>.debug_info</name>
         <load_address>0x14f70</load_address>
         <run_address>0x14f70</run_address>
         <size>0x2ab8</size>
         <input_file_ref idref="fl-15"/>
      </object_component>
      <object_component id="oc-60">
         <name>.debug_info</name>
         <load_address>0x17a28</load_address>
         <run_address>0x17a28</run_address>
         <size>0x1e17</size>
         <input_file_ref idref="fl-16"/>
      </object_component>
      <object_component id="oc-65">
         <name>.debug_info</name>
         <load_address>0x1983f</load_address>
         <run_address>0x1983f</run_address>
         <size>0x7a9</size>
         <input_file_ref idref="fl-17"/>
      </object_component>
      <object_component id="oc-6a">
         <name>.debug_info</name>
         <load_address>0x19fe8</load_address>
         <run_address>0x19fe8</run_address>
         <size>0x2d3e</size>
         <input_file_ref idref="fl-18"/>
      </object_component>
      <object_component id="oc-a5">
         <name>.debug_info</name>
         <load_address>0x1cd26</load_address>
         <run_address>0x1cd26</run_address>
         <size>0x16b</size>
         <input_file_ref idref="fl-19"/>
      </object_component>
      <object_component id="oc-aa">
         <name>.debug_info</name>
         <load_address>0x1ce91</load_address>
         <run_address>0x1ce91</run_address>
         <size>0x10c</size>
         <input_file_ref idref="fl-1a"/>
      </object_component>
      <object_component id="oc-af">
         <name>.debug_info</name>
         <load_address>0x1cf9d</load_address>
         <run_address>0x1cf9d</run_address>
         <size>0x10c</size>
         <input_file_ref idref="fl-1b"/>
      </object_component>
      <object_component id="oc-b4">
         <name>.debug_info</name>
         <load_address>0x1d0a9</load_address>
         <run_address>0x1d0a9</run_address>
         <size>0x10c</size>
         <input_file_ref idref="fl-1c"/>
      </object_component>
      <object_component id="oc-b8">
         <name>.debug_info</name>
         <load_address>0x1d1b5</load_address>
         <run_address>0x1d1b5</run_address>
         <size>0x4c2</size>
         <input_file_ref idref="fl-1d"/>
      </object_component>
      <object_component id="oc-bd">
         <name>.debug_info</name>
         <load_address>0x1d677</load_address>
         <run_address>0x1d677</run_address>
         <size>0x3bd</size>
         <input_file_ref idref="fl-1e"/>
      </object_component>
      <object_component id="oc-c2">
         <name>.debug_info</name>
         <load_address>0x1da34</load_address>
         <run_address>0x1da34</run_address>
         <size>0x330</size>
         <input_file_ref idref="fl-1f"/>
      </object_component>
      <object_component id="oc-c7">
         <name>.debug_info</name>
         <load_address>0x1dd64</load_address>
         <run_address>0x1dd64</run_address>
         <size>0x32d</size>
         <input_file_ref idref="fl-20"/>
      </object_component>
      <object_component id="oc-cc">
         <name>.debug_info</name>
         <load_address>0x1e091</load_address>
         <run_address>0x1e091</run_address>
         <size>0x4c7</size>
         <input_file_ref idref="fl-21"/>
      </object_component>
      <object_component id="oc-d3">
         <name>.debug_info</name>
         <load_address>0x1e558</load_address>
         <run_address>0x1e558</run_address>
         <size>0x44f</size>
         <input_file_ref idref="fl-22"/>
      </object_component>
      <object_component id="oc-d8">
         <name>.debug_info</name>
         <load_address>0x1e9a7</load_address>
         <run_address>0x1e9a7</run_address>
         <size>0x3ea</size>
         <input_file_ref idref="fl-23"/>
      </object_component>
      <object_component id="oc-158">
         <name>.debug_info</name>
         <load_address>0x1ed91</load_address>
         <run_address>0x1ed91</run_address>
         <size>0xd8</size>
      </object_component>
      <object_component id="oc-15">
         <name>.debug_frame</name>
         <load_address>0x0</load_address>
         <run_address>0x0</run_address>
         <size>0x88</size>
         <input_file_ref idref="fl-2"/>
      </object_component>
      <object_component id="oc-1a">
         <name>.debug_frame</name>
         <load_address>0x88</load_address>
         <run_address>0x88</run_address>
         <size>0x20</size>
         <input_file_ref idref="fl-3"/>
      </object_component>
      <object_component id="oc-22">
         <name>.debug_frame</name>
         <load_address>0xa8</load_address>
         <run_address>0xa8</run_address>
         <size>0xb0</size>
         <input_file_ref idref="fl-4"/>
      </object_component>
      <object_component id="oc-27">
         <name>.debug_frame</name>
         <load_address>0x158</load_address>
         <run_address>0x158</run_address>
         <size>0x54</size>
         <input_file_ref idref="fl-5"/>
      </object_component>
      <object_component id="oc-2c">
         <name>.debug_frame</name>
         <load_address>0x3a4</load_address>
         <run_address>0x3a4</run_address>
         <size>0x188</size>
         <input_file_ref idref="fl-c"/>
      </object_component>
      <object_component id="oc-31">
         <name>.debug_frame</name>
         <load_address>0x52c</load_address>
         <run_address>0x52c</run_address>
         <size>0xe0</size>
         <input_file_ref idref="fl-d"/>
      </object_component>
      <object_component id="oc-37">
         <name>.debug_frame</name>
         <load_address>0x60c</load_address>
         <run_address>0x60c</run_address>
         <size>0xe0</size>
         <input_file_ref idref="fl-e"/>
      </object_component>
      <object_component id="oc-47">
         <name>.debug_frame</name>
         <load_address>0x6ec</load_address>
         <run_address>0x6ec</run_address>
         <size>0x77</size>
         <input_file_ref idref="fl-11"/>
      </object_component>
      <object_component id="oc-4c">
         <name>.debug_frame</name>
         <load_address>0x763</load_address>
         <run_address>0x763</run_address>
         <size>0xf5</size>
         <input_file_ref idref="fl-12"/>
      </object_component>
      <object_component id="oc-52">
         <name>.debug_frame</name>
         <load_address>0x858</load_address>
         <run_address>0x858</run_address>
         <size>0x10a</size>
         <input_file_ref idref="fl-13"/>
      </object_component>
      <object_component id="oc-57">
         <name>.debug_frame</name>
         <load_address>0x962</load_address>
         <run_address>0x962</run_address>
         <size>0xe0</size>
         <input_file_ref idref="fl-14"/>
      </object_component>
      <object_component id="oc-5c">
         <name>.debug_frame</name>
         <load_address>0xa42</load_address>
         <run_address>0xa42</run_address>
         <size>0xe0</size>
         <input_file_ref idref="fl-15"/>
      </object_component>
      <object_component id="oc-61">
         <name>.debug_frame</name>
         <load_address>0xb22</load_address>
         <run_address>0xb22</run_address>
         <size>0x206</size>
         <input_file_ref idref="fl-16"/>
      </object_component>
      <object_component id="oc-66">
         <name>.debug_frame</name>
         <load_address>0xd28</load_address>
         <run_address>0xd28</run_address>
         <size>0x8c</size>
         <input_file_ref idref="fl-17"/>
      </object_component>
      <object_component id="oc-9e">
         <name>.debug_frame</name>
         <load_address>0xdb4</load_address>
         <run_address>0xdb4</run_address>
         <size>0x491</size>
         <input_file_ref idref="fl-18"/>
      </object_component>
      <object_component id="oc-b9">
         <name>.debug_frame</name>
         <load_address>0x1ac</load_address>
         <run_address>0x1ac</run_address>
         <size>0x58</size>
         <input_file_ref idref="fl-1d"/>
      </object_component>
      <object_component id="oc-be">
         <name>.debug_frame</name>
         <load_address>0x204</load_address>
         <run_address>0x204</run_address>
         <size>0x38</size>
         <input_file_ref idref="fl-1e"/>
      </object_component>
      <object_component id="oc-c3">
         <name>.debug_frame</name>
         <load_address>0x23c</load_address>
         <run_address>0x23c</run_address>
         <size>0x38</size>
         <input_file_ref idref="fl-1f"/>
      </object_component>
      <object_component id="oc-c8">
         <name>.debug_frame</name>
         <load_address>0x274</load_address>
         <run_address>0x274</run_address>
         <size>0x38</size>
         <input_file_ref idref="fl-20"/>
      </object_component>
      <object_component id="oc-cf">
         <name>.debug_frame</name>
         <load_address>0x2ac</load_address>
         <run_address>0x2ac</run_address>
         <size>0x58</size>
         <input_file_ref idref="fl-21"/>
      </object_component>
      <object_component id="oc-d4">
         <name>.debug_frame</name>
         <load_address>0x304</load_address>
         <run_address>0x304</run_address>
         <size>0x68</size>
         <input_file_ref idref="fl-22"/>
      </object_component>
      <object_component id="oc-d9">
         <name>.debug_frame</name>
         <load_address>0x36c</load_address>
         <run_address>0x36c</run_address>
         <size>0x38</size>
         <input_file_ref idref="fl-23"/>
      </object_component>
      <object_component id="oc-16">
         <name>.debug_line</name>
         <load_address>0x0</load_address>
         <run_address>0x0</run_address>
         <size>0xb3</size>
         <input_file_ref idref="fl-2"/>
      </object_component>
      <object_component id="oc-1b">
         <name>.debug_line</name>
         <load_address>0xb3</load_address>
         <run_address>0xb3</run_address>
         <size>0x34</size>
         <input_file_ref idref="fl-3"/>
      </object_component>
      <object_component id="oc-23">
         <name>.debug_line</name>
         <load_address>0xe7</load_address>
         <run_address>0xe7</run_address>
         <size>0x107</size>
         <input_file_ref idref="fl-4"/>
      </object_component>
      <object_component id="oc-28">
         <name>.debug_line</name>
         <load_address>0x1ee</load_address>
         <run_address>0x1ee</run_address>
         <size>0x10c</size>
         <input_file_ref idref="fl-5"/>
      </object_component>
      <object_component id="oc-2d">
         <name>.debug_line</name>
         <load_address>0x2fa</load_address>
         <run_address>0x2fa</run_address>
         <size>0x236</size>
         <input_file_ref idref="fl-c"/>
      </object_component>
      <object_component id="oc-32">
         <name>.debug_line</name>
         <load_address>0x530</load_address>
         <run_address>0x530</run_address>
         <size>0x11d</size>
         <input_file_ref idref="fl-d"/>
      </object_component>
      <object_component id="oc-38">
         <name>.debug_line</name>
         <load_address>0x64d</load_address>
         <run_address>0x64d</run_address>
         <size>0xfb</size>
         <input_file_ref idref="fl-e"/>
      </object_component>
      <object_component id="oc-3e">
         <name>.debug_line</name>
         <load_address>0x748</load_address>
         <run_address>0x748</run_address>
         <size>0x9f</size>
         <input_file_ref idref="fl-f"/>
      </object_component>
      <object_component id="oc-43">
         <name>.debug_line</name>
         <load_address>0x7e7</load_address>
         <run_address>0x7e7</run_address>
         <size>0x9d</size>
         <input_file_ref idref="fl-10"/>
      </object_component>
      <object_component id="oc-48">
         <name>.debug_line</name>
         <load_address>0x884</load_address>
         <run_address>0x884</run_address>
         <size>0x84</size>
         <input_file_ref idref="fl-11"/>
      </object_component>
      <object_component id="oc-4d">
         <name>.debug_line</name>
         <load_address>0x908</load_address>
         <run_address>0x908</run_address>
         <size>0x1ba</size>
         <input_file_ref idref="fl-12"/>
      </object_component>
      <object_component id="oc-53">
         <name>.debug_line</name>
         <load_address>0xac2</load_address>
         <run_address>0xac2</run_address>
         <size>0x164</size>
         <input_file_ref idref="fl-13"/>
      </object_component>
      <object_component id="oc-58">
         <name>.debug_line</name>
         <load_address>0xc26</load_address>
         <run_address>0xc26</run_address>
         <size>0x123</size>
         <input_file_ref idref="fl-14"/>
      </object_component>
      <object_component id="oc-5d">
         <name>.debug_line</name>
         <load_address>0xd49</load_address>
         <run_address>0xd49</run_address>
         <size>0x111</size>
         <input_file_ref idref="fl-15"/>
      </object_component>
      <object_component id="oc-62">
         <name>.debug_line</name>
         <load_address>0xe5a</load_address>
         <run_address>0xe5a</run_address>
         <size>0x302</size>
         <input_file_ref idref="fl-16"/>
      </object_component>
      <object_component id="oc-67">
         <name>.debug_line</name>
         <load_address>0x115c</load_address>
         <run_address>0x115c</run_address>
         <size>0xa3</size>
         <input_file_ref idref="fl-17"/>
      </object_component>
      <object_component id="oc-9f">
         <name>.debug_line</name>
         <load_address>0x11ff</load_address>
         <run_address>0x11ff</run_address>
         <size>0x4fb</size>
         <input_file_ref idref="fl-18"/>
      </object_component>
      <object_component id="oc-a6">
         <name>.debug_line</name>
         <load_address>0x16fa</load_address>
         <run_address>0x16fa</run_address>
         <size>0x7d</size>
         <input_file_ref idref="fl-19"/>
      </object_component>
      <object_component id="oc-ab">
         <name>.debug_line</name>
         <load_address>0x1777</load_address>
         <run_address>0x1777</run_address>
         <size>0xa9</size>
         <input_file_ref idref="fl-1a"/>
      </object_component>
      <object_component id="oc-b0">
         <name>.debug_line</name>
         <load_address>0x1820</load_address>
         <run_address>0x1820</run_address>
         <size>0x8d</size>
         <input_file_ref idref="fl-1b"/>
      </object_component>
      <object_component id="oc-b5">
         <name>.debug_line</name>
         <load_address>0x18ad</load_address>
         <run_address>0x18ad</run_address>
         <size>0x41</size>
         <input_file_ref idref="fl-1c"/>
      </object_component>
      <object_component id="oc-ba">
         <name>.debug_line</name>
         <load_address>0x18ee</load_address>
         <run_address>0x18ee</run_address>
         <size>0x50</size>
         <input_file_ref idref="fl-1d"/>
      </object_component>
      <object_component id="oc-bf">
         <name>.debug_line</name>
         <load_address>0x193e</load_address>
         <run_address>0x193e</run_address>
         <size>0x62</size>
         <input_file_ref idref="fl-1e"/>
      </object_component>
      <object_component id="oc-c4">
         <name>.debug_line</name>
         <load_address>0x19a0</load_address>
         <run_address>0x19a0</run_address>
         <size>0x3e</size>
         <input_file_ref idref="fl-1f"/>
      </object_component>
      <object_component id="oc-c9">
         <name>.debug_line</name>
         <load_address>0x19de</load_address>
         <run_address>0x19de</run_address>
         <size>0x3a</size>
         <input_file_ref idref="fl-20"/>
      </object_component>
      <object_component id="oc-d0">
         <name>.debug_line</name>
         <load_address>0x1a18</load_address>
         <run_address>0x1a18</run_address>
         <size>0x65</size>
         <input_file_ref idref="fl-21"/>
      </object_component>
      <object_component id="oc-d5">
         <name>.debug_line</name>
         <load_address>0x1a7d</load_address>
         <run_address>0x1a7d</run_address>
         <size>0x5e</size>
         <input_file_ref idref="fl-22"/>
      </object_component>
      <object_component id="oc-da">
         <name>.debug_line</name>
         <load_address>0x1adb</load_address>
         <run_address>0x1adb</run_address>
         <size>0x55</size>
         <input_file_ref idref="fl-23"/>
      </object_component>
      <object_component id="oc-17">
         <name>.debug_abbrev</name>
         <load_address>0x0</load_address>
         <run_address>0x0</run_address>
         <size>0x13b</size>
         <input_file_ref idref="fl-2"/>
      </object_component>
      <object_component id="oc-1c">
         <name>.debug_abbrev</name>
         <load_address>0x13b</load_address>
         <run_address>0x13b</run_address>
         <size>0xc7</size>
         <input_file_ref idref="fl-3"/>
      </object_component>
      <object_component id="oc-24">
         <name>.debug_abbrev</name>
         <load_address>0x202</load_address>
         <run_address>0x202</run_address>
         <size>0x1a3</size>
         <input_file_ref idref="fl-4"/>
      </object_component>
      <object_component id="oc-29">
         <name>.debug_abbrev</name>
         <load_address>0x3a5</load_address>
         <run_address>0x3a5</run_address>
         <size>0x1ac</size>
         <input_file_ref idref="fl-5"/>
      </object_component>
      <object_component id="oc-2e">
         <name>.debug_abbrev</name>
         <load_address>0x551</load_address>
         <run_address>0x551</run_address>
         <size>0x191</size>
         <input_file_ref idref="fl-c"/>
      </object_component>
      <object_component id="oc-33">
         <name>.debug_abbrev</name>
         <load_address>0x6e2</load_address>
         <run_address>0x6e2</run_address>
         <size>0x174</size>
         <input_file_ref idref="fl-d"/>
      </object_component>
      <object_component id="oc-39">
         <name>.debug_abbrev</name>
         <load_address>0x856</load_address>
         <run_address>0x856</run_address>
         <size>0x11b</size>
         <input_file_ref idref="fl-e"/>
      </object_component>
      <object_component id="oc-3f">
         <name>.debug_abbrev</name>
         <load_address>0x971</load_address>
         <run_address>0x971</run_address>
         <size>0x2f</size>
         <input_file_ref idref="fl-f"/>
      </object_component>
      <object_component id="oc-44">
         <name>.debug_abbrev</name>
         <load_address>0x9a0</load_address>
         <run_address>0x9a0</run_address>
         <size>0x21</size>
         <input_file_ref idref="fl-10"/>
      </object_component>
      <object_component id="oc-49">
         <name>.debug_abbrev</name>
         <load_address>0x9c1</load_address>
         <run_address>0x9c1</run_address>
         <size>0x16e</size>
         <input_file_ref idref="fl-11"/>
      </object_component>
      <object_component id="oc-4e">
         <name>.debug_abbrev</name>
         <load_address>0xb2f</load_address>
         <run_address>0xb2f</run_address>
         <size>0x16b</size>
         <input_file_ref idref="fl-12"/>
      </object_component>
      <object_component id="oc-54">
         <name>.debug_abbrev</name>
         <load_address>0xc9a</load_address>
         <run_address>0xc9a</run_address>
         <size>0x1d9</size>
         <input_file_ref idref="fl-13"/>
      </object_component>
      <object_component id="oc-59">
         <name>.debug_abbrev</name>
         <load_address>0xe73</load_address>
         <run_address>0xe73</run_address>
         <size>0x182</size>
         <input_file_ref idref="fl-14"/>
      </object_component>
      <object_component id="oc-5e">
         <name>.debug_abbrev</name>
         <load_address>0xff5</load_address>
         <run_address>0xff5</run_address>
         <size>0x176</size>
         <input_file_ref idref="fl-15"/>
      </object_component>
      <object_component id="oc-63">
         <name>.debug_abbrev</name>
         <load_address>0x116b</load_address>
         <run_address>0x116b</run_address>
         <size>0x174</size>
         <input_file_ref idref="fl-16"/>
      </object_component>
      <object_component id="oc-68">
         <name>.debug_abbrev</name>
         <load_address>0x12df</load_address>
         <run_address>0x12df</run_address>
         <size>0x11d</size>
         <input_file_ref idref="fl-17"/>
      </object_component>
      <object_component id="oc-a0">
         <name>.debug_abbrev</name>
         <load_address>0x13fc</load_address>
         <run_address>0x13fc</run_address>
         <size>0xb6</size>
         <input_file_ref idref="fl-18"/>
      </object_component>
      <object_component id="oc-a7">
         <name>.debug_abbrev</name>
         <load_address>0x14b2</load_address>
         <run_address>0x14b2</run_address>
         <size>0x46</size>
         <input_file_ref idref="fl-19"/>
      </object_component>
      <object_component id="oc-ac">
         <name>.debug_abbrev</name>
         <load_address>0x14f8</load_address>
         <run_address>0x14f8</run_address>
         <size>0x38</size>
         <input_file_ref idref="fl-1a"/>
      </object_component>
      <object_component id="oc-b1">
         <name>.debug_abbrev</name>
         <load_address>0x1530</load_address>
         <run_address>0x1530</run_address>
         <size>0x38</size>
         <input_file_ref idref="fl-1b"/>
      </object_component>
      <object_component id="oc-b6">
         <name>.debug_abbrev</name>
         <load_address>0x1568</load_address>
         <run_address>0x1568</run_address>
         <size>0x38</size>
         <input_file_ref idref="fl-1c"/>
      </object_component>
      <object_component id="oc-bb">
         <name>.debug_abbrev</name>
         <load_address>0x15a0</load_address>
         <run_address>0x15a0</run_address>
         <size>0xe3</size>
         <input_file_ref idref="fl-1d"/>
      </object_component>
      <object_component id="oc-c0">
         <name>.debug_abbrev</name>
         <load_address>0x1683</load_address>
         <run_address>0x1683</run_address>
         <size>0xa8</size>
         <input_file_ref idref="fl-1e"/>
      </object_component>
      <object_component id="oc-c5">
         <name>.debug_abbrev</name>
         <load_address>0x172b</load_address>
         <run_address>0x172b</run_address>
         <size>0x68</size>
         <input_file_ref idref="fl-1f"/>
      </object_component>
      <object_component id="oc-ca">
         <name>.debug_abbrev</name>
         <load_address>0x1793</load_address>
         <run_address>0x1793</run_address>
         <size>0x66</size>
         <input_file_ref idref="fl-20"/>
      </object_component>
      <object_component id="oc-d1">
         <name>.debug_abbrev</name>
         <load_address>0x17f9</load_address>
         <run_address>0x17f9</run_address>
         <size>0x130</size>
         <input_file_ref idref="fl-21"/>
      </object_component>
      <object_component id="oc-d6">
         <name>.debug_abbrev</name>
         <load_address>0x1929</load_address>
         <run_address>0x1929</run_address>
         <size>0xb2</size>
         <input_file_ref idref="fl-22"/>
      </object_component>
      <object_component id="oc-db">
         <name>.debug_abbrev</name>
         <load_address>0x19db</load_address>
         <run_address>0x19db</run_address>
         <size>0xee</size>
         <input_file_ref idref="fl-23"/>
      </object_component>
      <object_component id="oc-159">
         <name>.debug_abbrev</name>
         <load_address>0x1ac9</load_address>
         <run_address>0x1ac9</run_address>
         <size>0xf</size>
      </object_component>
      <object_component id="oc-18">
         <name>.debug_aranges</name>
         <load_address>0x0</load_address>
         <run_address>0x0</run_address>
         <size>0x38</size>
         <input_file_ref idref="fl-2"/>
      </object_component>
      <object_component id="oc-1d">
         <name>.debug_aranges</name>
         <load_address>0x38</load_address>
         <run_address>0x38</run_address>
         <size>0x18</size>
         <input_file_ref idref="fl-3"/>
      </object_component>
      <object_component id="oc-25">
         <name>.debug_aranges</name>
         <load_address>0x50</load_address>
         <run_address>0x50</run_address>
         <size>0x30</size>
         <input_file_ref idref="fl-4"/>
      </object_component>
      <object_component id="oc-2a">
         <name>.debug_aranges</name>
         <load_address>0x80</load_address>
         <run_address>0x80</run_address>
         <size>0x28</size>
         <input_file_ref idref="fl-5"/>
      </object_component>
      <object_component id="oc-2f">
         <name>.debug_aranges</name>
         <load_address>0xa8</load_address>
         <run_address>0xa8</run_address>
         <size>0x88</size>
         <input_file_ref idref="fl-c"/>
      </object_component>
      <object_component id="oc-34">
         <name>.debug_aranges</name>
         <load_address>0x130</load_address>
         <run_address>0x130</run_address>
         <size>0x48</size>
         <input_file_ref idref="fl-d"/>
      </object_component>
      <object_component id="oc-3a">
         <name>.debug_aranges</name>
         <load_address>0x178</load_address>
         <run_address>0x178</run_address>
         <size>0x48</size>
         <input_file_ref idref="fl-e"/>
      </object_component>
      <object_component id="oc-40">
         <name>.debug_aranges</name>
         <load_address>0x1c0</load_address>
         <run_address>0x1c0</run_address>
         <size>0x28</size>
         <input_file_ref idref="fl-f"/>
      </object_component>
      <object_component id="oc-45">
         <name>.debug_aranges</name>
         <load_address>0x1e8</load_address>
         <run_address>0x1e8</run_address>
         <size>0x28</size>
         <input_file_ref idref="fl-10"/>
      </object_component>
      <object_component id="oc-4a">
         <name>.debug_aranges</name>
         <load_address>0x210</load_address>
         <run_address>0x210</run_address>
         <size>0x20</size>
         <input_file_ref idref="fl-11"/>
      </object_component>
      <object_component id="oc-4f">
         <name>.debug_aranges</name>
         <load_address>0x230</load_address>
         <run_address>0x230</run_address>
         <size>0x50</size>
         <input_file_ref idref="fl-12"/>
      </object_component>
      <object_component id="oc-55">
         <name>.debug_aranges</name>
         <load_address>0x280</load_address>
         <run_address>0x280</run_address>
         <size>0x58</size>
         <input_file_ref idref="fl-13"/>
      </object_component>
      <object_component id="oc-5a">
         <name>.debug_aranges</name>
         <load_address>0x2d8</load_address>
         <run_address>0x2d8</run_address>
         <size>0x48</size>
         <input_file_ref idref="fl-14"/>
      </object_component>
      <object_component id="oc-5f">
         <name>.debug_aranges</name>
         <load_address>0x320</load_address>
         <run_address>0x320</run_address>
         <size>0x48</size>
         <input_file_ref idref="fl-15"/>
      </object_component>
      <object_component id="oc-64">
         <name>.debug_aranges</name>
         <load_address>0x368</load_address>
         <run_address>0x368</run_address>
         <size>0xb8</size>
         <input_file_ref idref="fl-16"/>
      </object_component>
      <object_component id="oc-69">
         <name>.debug_aranges</name>
         <load_address>0x420</load_address>
[...]
         <name>code_start</name>
         <value>0x3f7ff6</value>
         <object_component_ref idref="oc-13"/>
      </symbol>
      <symbol id="sm-138">
         <name>_FLASH_init</name>
         <value>0x3f7722</value>
         <object_component_ref idref="oc-101"/>
      </symbol>
      <symbol id="sm-161">
         <name>_GPIO_setLow</name>
         <value>0x3f75cf</value>
         <object_component_ref idref="oc-df"/>
      </symbol>
      <symbol id="sm-162">
         <name>_GPIO_setQualification</name>
         <value>0x3f7497</value>
         <object_component_ref idref="oc-12c"/>
      </symbol>
      <symbol id="sm-163">
         <name>_GPIO_setMode</name>
         <value>0x3f73d4</value>
         <object_component_ref idref="oc-12d"/>
      </symbol>
      <symbol id="sm-164">
         <name>_GPIO_init</name>
         <value>0x3f772a</value>
         <object_component_ref idref="oc-102"/>
      </symbol>
      <symbol id="sm-165">
         <name>_GPIO_setPullUp</name>
         <value>0x3f7445</value>
         <object_component_ref idref="oc-12b"/>
      </symbol>
      <symbol id="sm-166">
         <name>_GPIO_setDirection</name>
         <value>0x3f741c</value>
         <object_component_ref idref="oc-12e"/>
      </symbol>
      <symbol id="sm-167">
         <name>_GPIO_setHigh</name>
         <value>0x3f75bb</value>
         <object_component_ref idref="oc-dd"/>
      </symbol>
      <symbol id="sm-18d">
         <name>_PIE_enable</name>
         <value>0x3f78d8</value>
         <object_component_ref idref="oc-111"/>
      </symbol>
      <symbol id="sm-18e">
         <name>_PIE_enableAdcInt</name>
         <value>0x3f75e3</value>
         <object_component_ref idref="oc-118"/>
      </symbol>
      <symbol id="sm-18f">
         <name>_PIE_disableAllInts</name>
         <value>0x3f764f</value>
         <object_component_ref idref="oc-10d"/>
      </symbol>
      <symbol id="sm-190">
         <name>_PIE_disable</name>
         <value>0x3f78d5</value>
         <object_component_ref idref="oc-10c"/>
      </symbol>
      <symbol id="sm-191">
         <name>_PIE_illegalIsr</name>
         <value>0x3f7824</value>
         <object_component_ref idref="oc-51"/>
      </symbol>
      <symbol id="sm-192">
         <name>_PIE_registerPieIntHandler</name>
         <value>0x3f7671</value>
         <object_component_ref idref="oc-112"/>
      </symbol>
      <symbol id="sm-193">
         <name>_PIE_init</name>
         <value>0x3f76b2</value>
         <object_component_ref idref="oc-103"/>
      </symbol>
      <symbol id="sm-194">
         <name>_PIE_setDebugIntVectorTable</name>
         <value>0x3f7660</value>
         <object_component_ref idref="oc-110"/>
      </symbol>
      <symbol id="sm-195">
         <name>_PIE_tableDebugInit</name>
         <value>0x3f78f8</value>
         <object_component_ref idref="oc-135"/>
      </symbol>
      <symbol id="sm-1b0">
         <name>_PLL_getClkStatus</name>
         <value>0x3f78db</value>
         <object_component_ref idref="oc-131"/>
      </symbol>
      <symbol id="sm-1b1">
         <name>_PLL_setDivider</name>
         <value>0x3f7777</value>
         <object_component_ref idref="oc-132"/>
      </symbol>
      <symbol id="sm-1b2">
         <name>_PLL_init</name>
         <value>0x3f7732</value>
         <object_component_ref idref="oc-104"/>
      </symbol>
      <symbol id="sm-1b3">
         <name>_PLL_getLockStatus</name>
         <value>0x3f78de</value>
         <object_component_ref idref="oc-134"/>
      </symbol>
      <symbol id="sm-1b4">
         <name>_PLL_setup</name>
         <value>0x3f75a6</value>
         <object_component_ref idref="oc-10b"/>
      </symbol>
      <symbol id="sm-1b5">
         <name>_PLL_setMultiplier</name>
         <value>0x3f778c</value>
         <object_component_ref idref="oc-133"/>
      </symbol>
      <symbol id="sm-1ce">
         <name>_PWM_setPeriod</name>
         <value>0x3f78f3</value>
         <object_component_ref idref="oc-128"/>
      </symbol>
      <symbol id="sm-1cf">
         <name>_PWM_init</name>
         <value>0x3f773a</value>
         <object_component_ref idref="oc-105"/>
      </symbol>
      <symbol id="sm-1d0">
         <name>_PWM_setSocAPeriod</name>
         <value>0x3f76f6</value>
         <object_component_ref idref="oc-127"/>
      </symbol>
      <symbol id="sm-1d1">
         <name>_PWM_enableSocAPulse</name>
         <value>0x3f78a9</value>
         <object_component_ref idref="oc-125"/>
      </symbol>
      <symbol id="sm-1d2">
         <name>_PWM_setCounterMode</name>
         <value>0x3f78ad</value>
         <object_component_ref idref="oc-129"/>
      </symbol>
      <symbol id="sm-1d3">
         <name>_PWM_setSocAPulseSrc</name>
         <value>0x3f76ff</value>
         <object_component_ref idref="oc-126"/>
      </symbol>
      <symbol id="sm-20a">
         <name>_SCI_enableFifoEnh</name>
         <value>0x3f78b9</value>
         <object_component_ref idref="oc-f2"/>
      </symbol>
      <symbol id="sm-20b">
         <name>_SCI_setNumStopBits</name>
         <value>0x3f78c5</value>
         <object_component_ref idref="oc-e8"/>
      </symbol>
      <symbol id="sm-20c">
         <name>_SCI_clearRxFifoInt</name>
         <value>0x3f78b1</value>
         <object_component_ref idref="oc-f8"/>
      </symbol>
      <symbol id="sm-20d">
         <name>_SCI_init</name>
         <value>0x3f7742</value>
         <object_component_ref idref="oc-107"/>
      </symbol>
      <symbol id="sm-20e">
         <name>_SCI_resetChannels</name>
         <value>0x3f76bc</value>
         <object_component_ref idref="oc-f5"/>
      </symbol>
      <symbol id="sm-20f">
         <name>_SCI_enableTxInt</name>
         <value>0x3f78f0</value>
         <object_component_ref idref="oc-ec"/>
      </symbol>
      <symbol id="sm-210">
         <name>_SCI_putDataNonBlocking</name>
         <value>0x3f7708</value>
         <object_component_ref idref="oc-f1"/>
      </symbol>
      <symbol id="sm-211">
         <name>_SCI_disableParity</name>
         <value>0x3f78e1</value>
         <object_component_ref idref="oc-e7"/>
      </symbol>
      <symbol id="sm-212">
         <name>_SCI_setRxFifoIntLevel</name>
         <value>0x3f777e</value>
         <object_component_ref idref="oc-f9"/>
      </symbol>
      <symbol id="sm-213">
         <name>_SCI_resetTxFifo</name>
         <value>0x3f76d0</value>
         <object_component_ref idref="oc-f3"/>
      </symbol>
      <symbol id="sm-214">
         <name>_SCI_resetRxFifo</name>
         <value>0x3f76c6</value>
         <object_component_ref idref="oc-f7"/>
      </symbol>
      <symbol id="sm-215">
         <name>_SCI_getTxFifoStatus</name>
         <value>0x3f78bd</value>
         <object_component_ref idref="oc-f0"/>
      </symbol>
      <symbol id="sm-216">
         <name>_SCI_clearTxFifoInt</name>
         <value>0x3f78b5</value>
         <object_component_ref idref="oc-f4"/>
      </symbol>
      <symbol id="sm-217">
         <name>_SCI_enable</name>
         <value>0x3f78e4</value>
         <object_component_ref idref="oc-ef"/>
      </symbol>
      <symbol id="sm-218">
         <name>_SCI_setTxFifoIntLevel</name>
         <value>0x3f7785</value>
         <object_component_ref idref="oc-f6"/>
      </symbol>
      <symbol id="sm-219">
         <name>_SCI_enableRxInt</name>
         <value>0x3f78ea</value>
         <object_component_ref idref="oc-ed"/>
      </symbol>
      <symbol id="sm-21a">
         <name>_SCI_setBaudRate</name>
         <value>0x3f7792</value>
         <object_component_ref idref="oc-ee"/>
      </symbol>
      <symbol id="sm-21b">
         <name>_SCI_enableRx</name>
         <value>0x3f78e7</value>
         <object_component_ref idref="oc-eb"/>
      </symbol>
      <symbol id="sm-21c">
         <name>_SCI_enableTx</name>
         <value>0x3f78ed</value>
         <object_component_ref idref="oc-ea"/>
      </symbol>
      <symbol id="sm-21d">
         <name>_SCI_setCharLength</name>
         <value>0x3f78c1</value>
         <object_component_ref idref="oc-e9"/>
      </symbol>
      <symbol id="sm-22e">
         <name>_WDOG_init</name>
         <value>0x3f7752</value>
         <object_component_ref idref="oc-106"/>
      </symbol>
      <symbol id="sm-22f">
         <name>_WDOG_disable</name>
         <value>0x3f774a</value>
         <object_component_ref idref="oc-108"/>
      </symbol>
      <symbol id="sm-2d2">
         <name>_ILLEGAL_ISR</name>
         <value>0x3f780b</value>
         <object_component_ref idref="oc-71"/>
      </symbol>
      <symbol id="sm-2d3">
         <name>_ADCINT4_ISR</name>
         <value>0x3f77a7</value>
         <object_component_ref idref="oc-95"/>
      </symbol>
      <symbol id="sm-2d4">
         <name>_DATALOG_ISR</name>
         <value>0x3f77c5</value>
         <object_component_ref idref="oc-6d"/>
      </symbol>
      <symbol id="sm-2d5">
         <name>_SPITXINTA_ISR</name>
         <value>0x3f783d</value>
         <object_component_ref idref="oc-8f"/>
      </symbol>
      <symbol id="sm-2d6">
         <name>_SPIRXINTA_ISR</name>
         <value>0x3f7838</value>
         <object_component_ref idref="oc-8e"/>
      </symbol>
      <symbol id="sm-2d7">
         <name>_INT13_ISR</name>
         <value>0x3f7810</value>
         <object_component_ref idref="oc-6b"/>
      </symbol>
      <symbol id="sm-2d8">
         <name>_ADCINT5_ISR</name>
         <value>0x3f77ac</value>
         <object_component_ref idref="oc-96"/>
      </symbol>
      <symbol id="sm-2d9">
         <name>_EPWM4_INT_ISR</name>
         <value>0x3f77f7</value>
         <object_component_ref idref="oc-8c"/>
      </symbol>
      <symbol id="sm-2da">
         <name>_USER5_ISR</name>
         <value>0x3f786a</value>
         <object_component_ref idref="oc-76"/>
      </symbol>
      <symbol id="sm-2db">
         <name>_EMPTY_ISR</name>
         <value>0x3f77cf</value>
         <object_component_ref idref="oc-9b"/>
      </symbol>
      <symbol id="sm-2dc">
         <name>_EPWM4_TZINT_ISR</name>
         <value>0x3f77fc</value>
         <object_component_ref idref="oc-88"/>
      </symbol>
      <symbol id="sm-2dd">
         <name>_EMUINT_ISR</name>
         <value>0x3f77d4</value>
         <object_component_ref idref="oc-6f"/>
      </symbol>
      <symbol id="sm-2de">
         <name>_ECAP1_INT_ISR</name>
         <value>0x3f77ca</value>
         <object_component_ref idref="oc-8d"/>
      </symbol>
      <symbol id="sm-2df">
         <name>_EPWM1_TZINT_ISR</name>
         <value>0x3f77de</value>
         <object_component_ref idref="oc-85"/>
      </symbol>
      <symbol id="sm-2e0">
         <name>_ADCINT6_ISR</name>
         <value>0x3f77b1</value>
         <object_component_ref idref="oc-97"/>
      </symbol>
      <symbol id="sm-2e1">
         <name>_ADCINT8_ISR</name>
         <value>0x3f77bb</value>
         <object_component_ref idref="oc-99"/>
      </symbol>
      <symbol id="sm-2e2">
         <name>_USER11_ISR</name>
         <value>0x3f784c</value>
         <object_component_ref idref="oc-7c"/>
      </symbol>
      <symbol id="sm-2e3">
         <name>_EPWM3_TZINT_ISR</name>
         <value>0x3f77f2</value>
         <object_component_ref idref="oc-87"/>
      </symbol>
      <symbol id="sm-2e4">
         <name>_USER4_ISR</name>
         <value>0x3f7865</value>
         <object_component_ref idref="oc-75"/>
      </symbol>
      <symbol id="sm-2e5">
         <name>_EPWM2_TZINT_ISR</name>
         <value>0x3f77e8</value>
         <object_component_ref idref="oc-86"/>
      </symbol>
      <symbol id="sm-2e6">
         <name>_EPWM2_INT_ISR</name>
         <value>0x3f77e3</value>
         <object_component_ref idref="oc-8a"/>
      </symbol>
      <symbol id="sm-2e7">
         <name>_TINT0_ISR</name>
         <value>0x3f7842</value>
         <object_component_ref idref="oc-83"/>
      </symbol>
      <symbol id="sm-2e8">
         <name>_WAKEINT_ISR</name>
         <value>0x3f7883</value>
         <object_component_ref idref="oc-84"/>
      </symbol>
      <symbol id="sm-2e9">
         <name>_ADCINT7_ISR</name>
         <value>0x3f77b6</value>
         <object_component_ref idref="oc-98"/>
      </symbol>
      <symbol id="sm-2ea">
         <name>_ADCINT9_ISR</name>
         <value>0x3f77c0</value>
         <object_component_ref idref="oc-82"/>
      </symbol>
      <symbol id="sm-2eb">
         <name>_USER10_ISR</name>
         <value>0x3f7847</value>
         <object_component_ref idref="oc-7b"/>
      </symbol>
      <symbol id="sm-2ec">
         <name>_USER7_ISR</name>
         <value>0x3f7874</value>
         <object_component_ref idref="oc-78"/>
      </symbol>
      <symbol id="sm-2ed">
         <name>_XINT1_ISR</name>
         <value>0x3f7888</value>
         <object_component_ref idref="oc-80"/>
      </symbol>
      <symbol id="sm-2ee">
         <name>_INT14_ISR</name>
         <value>0x3f7815</value>
         <object_component_ref idref="oc-6c"/>
      </symbol>
      <symbol id="sm-2ef">
         <name>_USER6_ISR</name>
         <value>0x3f786f</value>
         <object_component_ref idref="oc-77"/>
      </symbol>
      <symbol id="sm-2f0">
         <name>_ADCINT1_ISR</name>
         <value>0x3f7798</value>
         <object_component_ref idref="oc-7e"/>
      </symbol>
      <symbol id="sm-2f1">
         <name>_USER12_ISR</name>
         <value>0x3f7851</value>
         <object_component_ref idref="oc-7d"/>
      </symbol>
      <symbol id="sm-2f2">
         <name>_USER1_ISR</name>
         <value>0x3f7856</value>
         <object_component_ref idref="oc-72"/>
      </symbol>
      <symbol id="sm-2f3">
         <name>_XINT3_ISR</name>
         <value>0x3f7892</value>
         <object_component_ref idref="oc-9a"/>
      </symbol>
      <symbol id="sm-2f4">
         <name>_NMI_ISR</name>
         <value>0x3f781a</value>
         <object_component_ref idref="oc-70"/>
      </symbol>
      <symbol id="sm-2f5">
         <name>_ADCINT2_ISR</name>
         <value>0x3f779d</value>
         <object_component_ref idref="oc-7f"/>
      </symbol>
      <symbol id="sm-2f6">
         <name>_PIE_RESERVED</name>
         <value>0x3f781f</value>
         <object_component_ref idref="oc-9c"/>
      </symbol>
      <symbol id="sm-2f7">
         <name>_I2CINT1A_ISR</name>
         <value>0x3f7801</value>
         <object_component_ref idref="oc-90"/>
      </symbol>
      <symbol id="sm-2f8">
         <name>_XINT2_ISR</name>
         <value>0x3f788d</value>
         <object_component_ref idref="oc-81"/>
      </symbol>
      <symbol id="sm-2f9">
         <name>_I2CINT2A_ISR</name>
         <value>0x3f7806</value>
         <object_component_ref idref="oc-91"/>
      </symbol>
      <symbol id="sm-2fa">
         <name>_RTOSINT_ISR</name>
         <value>0x3f7829</value>
         <object_component_ref idref="oc-6e"/>
      </symbol>
      <symbol id="sm-2fb">
         <name>_EPWM3_INT_ISR</name>
         <value>0x3f77ed</value>
         <object_component_ref idref="oc-8b"/>
      </symbol>
      <symbol id="sm-2fc">
         <name>_ADCINT3_ISR</name>
         <value>0x3f77a2</value>
         <object_component_ref idref="oc-94"/>
      </symbol>
      <symbol id="sm-2fd">
         <name>_USER9_ISR</name>
         <value>0x3f787e</value>
         <object_component_ref idref="oc-7a"/>
      </symbol>
      <symbol id="sm-2fe">
         <name>_USER3_ISR</name>
         <value>0x3f7860</value>
         <object_component_ref idref="oc-74"/>
      </symbol>
      <symbol id="sm-2ff">
         <name>_USER8_ISR</name>
         <value>0x3f7879</value>
         <object_component_ref idref="oc-79"/>
      </symbol>
      <symbol id="sm-300">
         <name>_EPWM1_INT_ISR</name>
         <value>0x3f77d9</value>
         <object_component_ref idref="oc-89"/>
      </symbol>
      <symbol id="sm-301">
         <name>_USER2_ISR</name>
         <value>0x3f785b</value>
         <object_component_ref idref="oc-73"/>
      </symbol>
      <symbol id="sm-302">
         <name>_SCITXINTA_ISR</name>
         <value>0x3f7833</value>
         <object_component_ref idref="oc-93"/>
      </symbol>
      <symbol id="sm-303">
         <name>_SCIRXINTA_ISR</name>
         <value>0x3f782e</value>
         <object_component_ref idref="oc-92"/>
      </symbol>
      <symbol id="sm-304">
         <name>_rsvd_ISR</name>
         <value>0x3f7897</value>
         <object_component_ref idref="oc-9d"/>
      </symbol>
      <symbol id="sm-31f">
         <name>_c_int00</name>
         <value>0x3f7380</value>
         <object_component_ref idref="oc-a2"/>
      </symbol>
      <symbol id="sm-320">
         <name>__stack</name>
         <value>0x400</value>
         <object_component_ref idref="oc-a3"/>
      </symbol>
      <symbol id="sm-33a">
         <name>FS$$ADD</name>
         <value>0x3f7257</value>
         <object_component_ref idref="oc-a9"/>
      </symbol>
      <symbol id="sm-33b">
         <name>FS$$SUB</name>
         <value>0x3f7252</value>
         <object_component_ref idref="oc-a9"/>
      </symbol>
      <symbol id="sm-34c">
         <name>FS$$MPY</name>
         <value>0x3f7326</value>
         <object_component_ref idref="oc-ae"/>
      </symbol>
      <symbol id="sm-359">
         <name>FS$$NEG</name>
         <value>0x3f789c</value>
         <object_component_ref idref="oc-b3"/>
      </symbol>
      <symbol id="sm-368">
         <name>_copy_in</name>
         <value>0x3f74be</value>
         <object_component_ref idref="oc-e2"/>
      </symbol>
      <symbol id="sm-379">
         <name>_memcpy</name>
         <value>0x3f7526</value>
         <object_component_ref idref="oc-fb"/>
      </symbol>
      <symbol id="sm-385">
         <name>__system_pre_init</name>
         <value>0x3f78f5</value>
         <object_component_ref idref="oc-e1"/>
      </symbol>
      <symbol id="sm-392">
         <name>__system_post_cinit</name>
         <value>0x3f78f7</value>
         <object_component_ref idref="oc-e3"/>
      </symbol>
      <symbol id="sm-3a6">
         <name>C$$EXIT</name>
         <value>0x3f746e</value>
         <object_component_ref idref="oc-e5"/>
      </symbol>
      <symbol id="sm-3a7">
         <name>_exit</name>
         <value>0x3f7470</value>
         <object_component_ref idref="oc-e5"/>
      </symbol>
      <symbol id="sm-3a8">
         <name>___TI_cleanup_ptr</name>
         <value>0x602</value>
         <object_component_ref idref="oc-ce"/>
      </symbol>
      <symbol id="sm-3a9">
         <name>___TI_enable_exit_profile_output</name>
         <value>0x600</value>
         <object_component_ref idref="oc-ce"/>
      </symbol>
      <symbol id="sm-3aa">
         <name>_abort</name>
         <value>0x3f746e</value>
         <object_component_ref idref="oc-e5"/>
      </symbol>
      <symbol id="sm-3ab">
         <name>___TI_dtors_ptr</name>
         <value>0x604</value>
         <object_component_ref idref="oc-ce"/>
      </symbol>
      <symbol id="sm-3bf">
         <name>__unlock</name>
         <value>0x608</value>
         <object_component_ref idref="oc-136"/>
      </symbol>
      <symbol id="sm-3c0">
         <name>__lock</name>
         <value>0x606</value>
         <object_component_ref idref="oc-fc"/>
      </symbol>
      <symbol id="sm-3c1">
         <name>__register_lock</name>
         <value>0x3f7715</value>
         <object_component_ref idref="oc-12f"/>
      </symbol>
      <symbol id="sm-3c2">
         <name>__nop</name>
         <value>0x3f7719</value>
         <object_component_ref idref="oc-12f"/>
      </symbol>
      <symbol id="sm-3c3">
         <name>__register_unlock</name>
         <value>0x3f7711</value>
         <object_component_ref idref="oc-12f"/>
      </symbol>
      <symbol id="sm-3d2">
         <name>__args_main</name>
         <value>0x3f755f</value>
         <object_component_ref idref="oc-e4"/>
      </symbol>
   </symbol_table>
   <title>Link successful</title>
</link_info>
