******************************************************************************
             TMS320C2000 Linker Unix v18.1.1                   
******************************************************************************
>> Linked Mon Jun  4 16:28:21 2018

OUTPUT FILE NAME:   <Example_F2802xAdcSoc.out>
ENTRY POINT SYMBOL: "code_start"  address: 003f7ff6


MEMORY CONFIGURATION

         name            origin    length      used     unused   attr    fill
----------------------  --------  ---------  --------  --------  ----  --------
PAGE 0:
  RAMM0                 00000050   000003b0  00000004  000003ac  RWIX
  OTP                   003d7800   00000400  00000000  00000400  RWIX
  FLASHB                003f6000   00001000  00000000  00001000  RWIX
  FLASHA                003f7000   00000f80  00000df0  00000190  RWIX
  CSM_RSVD              003f7f80   00000076  00000000  00000076  RWIX
  BEGIN                 003f7ff6   00000002  00000002  00000000  RWIX
  CSM_PWL_P0            003f7ff8   00000008  00000000  00000008  RWIX
  IQTABLES              003fe000   00000b50  00000000  00000b50  RWIX
  IQTABLES2             003feb50   0000008c  00000000  0000008c  RWIX
  IQTABLES3             003febdc   000000aa  00000000  000000aa  RWIX
  ROM                   003ff27c   00000d44  00000000  00000d44  RWIX
  RESET                 003fffc0   00000002  00000000  00000002  RWIX
  VECTORS               003fffc2   0000003e  00000000  0000003e  RWIX

PAGE 1:
  BOOT_RSVD             00000000   00000050  00000000  00000050  RWIX
  RAMM1                 00000400   00000400  0000020c  000001f4  RWIX
  RAML0                 00008000   00000400  000002a4  0000015c  RWIX


SECTION ALLOCATION MAP

 output                                  attributes/
section   page    origin      length       input sections
--------  ----  ----------  ----------   ----------------
ramfuncs   0    003f7000    00000004     RUN ADDR = 00000050
                  003f7000    00000004     driverlib.lib : f2802xx_asmfuncs.obj (ramfuncs)

.cinit     0    003f7d56    00000087     
                  003f7d56    00000069     Example_2802xAdcSoc.obj (.cinit)
                  003f7dbf    0000000e     rts2800_ml.lib : exit.c.obj (.cinit)
                  003f7dcd    00000005                    : _lock.c.obj (.cinit:__lock)
                  003f7dd2    00000005                    : _lock.c.obj (.cinit:__unlock)
                  003f7dd7    00000004                    : errno.c.obj (.cinit)
                  003f7ddb    00000002     --HOLE-- [fill = 0]

codestart 
*          0    003f7ff6    00000002     
                  003f7ff6    00000002     driverlib.lib : f2802xx_codestartbranch.obj (codestart)

.pinit     0    003f7000    00000000     UNINITIALIZED

.stack     1    00000400    00000200     UNINITIALIZED
                  00000400    00000200     --HOLE--

.reset     0    003fffc0    00000002     DSECT
                  003fffc0    00000002     rts2800_ml.lib : boot28.asm.obj (.reset)

vectors    0    003fffc2    00000000     DSECT

.text      0    003f7004    00000c49     
                  003f7004    000001c9     Initialization.obj (.text)
                  003f71cd    000000a1     DigitalFilters.obj (.text)
                  003f726e    00000099     Example_2802xAdcSoc.obj (.text:retain)
                  003f7307    00000085     Communication.obj (.text)
                  003f738c    00000083     rts2800_ml.lib : fd_mpy28.asm.obj (.text)
                  003f740f    00000083                    : fs_div28.asm.obj (.text)
                  003f7492    00000078                    : fs_add28.asm.obj (.text)
                  003f750a    00000076                    : e_sqrtf.c.obj (.text)
                  003f7580    0000005a                    : fs_mpy28.asm.obj (.text)
                  003f75da    00000054                    : boot28.asm.obj (.text)
                  003f762e    00000048     driverlib.lib : gpio.obj (.text:_GPIO_setMode)
                  003f7676    00000033     Example_2802xAdcSoc.obj (.text)
                  003f76a9    0000002c     Rms.obj (.text)
                  003f76d5    00000029     driverlib.lib : gpio.obj (.text:_GPIO_setDirection)
                  003f76fe    00000029                   : gpio.obj (.text:_GPIO_setPullUp)
                  003f7727    00000029     rts2800_ml.lib : exit.c.obj (.text)
                  003f7750    00000029                    : fs_tol28.asm.obj (.text)
                  003f7779    00000027     driverlib.lib : gpio.obj (.text:_GPIO_setQualification)
                  003f77a0    00000025     rts2800_ml.lib : fs_toi28.asm.obj (.text)
                  003f77c5    00000024                    : cpy_tbl.c.obj (.text)
                  003f77e9    00000022     driverlib.lib : adc.obj (.text:_ADC_setIntMode)
                  003f780b    00000022                   : adc.obj (.text:_ADC_setIntSrc)
                  003f782d    0000001f     rts2800_ml.lib : fd_tol28.asm.obj (.text)
                  003f784c    0000001d                    : memcpy.c.obj (.text)
                  003f7869    0000001c                    : fs_tofd28.asm.obj (.text)
                  003f7885    0000001a                    : i_tofs28.asm.obj (.text)
                  003f789f    0000001a                    : l_tofs28.asm.obj (.text)
                  003f78b9    00000019                    : args_main.c.obj (.text)
                  003f78d2    00000017     driverlib.lib : adc.obj (.text:_ADC_enableInt)
                  003f78e9    00000017                   : adc.obj (.text:_ADC_setSampleMode)
                  003f7900    00000015                   : pll.obj (.text:_PLL_setup)
                  003f7915    00000014                   : gpio.obj (.text:_GPIO_setHigh)
                  003f7929    00000014                   : gpio.obj (.text:_GPIO_setLow)
                  003f793d    00000014                   : pie.obj (.text:_PIE_enableAdcInt)
                  003f7951    00000012                   : adc.obj (.text:_ADC_setSocChanNumber)
                  003f7963    00000012                   : adc.obj (.text:_ADC_setSocSampleWindow)
                  003f7975    00000012                   : adc.obj (.text:_ADC_setSocTrigSrc)
                  003f7987    00000011                   : adc.obj (.text:_ADC_setIntPulseGenMode)
                  003f7998    00000011                   : adc.obj (.text:_ADC_setVoltRefSrc)
                  003f79a9    00000011                   : pie.obj (.text:_PIE_disableAllInts)
                  003f79ba    00000011                   : pie.obj (.text:_PIE_setDebugIntVectorTable)
                  003f79cb    0000000f                   : pie.obj (.text:_PIE_registerPieIntHandler)
                  003f79da    0000000a                   : adc.obj (.text:_ADC_enable)
                  003f79e4    0000000a                   : adc.obj (.text:_ADC_enableBandGap)
                  003f79ee    0000000a                   : adc.obj (.text:_ADC_enableRefBuffers)
                  003f79f8    0000000a                   : adc.obj (.text:_ADC_init)
                  003f7a02    0000000a                   : adc.obj (.text:_ADC_powerUp)
                  003f7a0c    0000000a                   : pie.obj (.text:_PIE_init)
                  003f7a16    0000000a                   : sci.obj (.text:_SCI_resetChannels)
                  003f7a20    0000000a                   : sci.obj (.text:_SCI_resetRxFifo)
                  003f7a2a    0000000a                   : sci.obj (.text:_SCI_resetTxFifo)
                  003f7a34    0000000a                   : f2802xx_asmfuncs.obj (.text)
                  003f7a3e    00000009                   : clk.obj (.text:_CLK_enablePwmClock)
                  003f7a47    00000009                   : clk.obj (.text:_CLK_enableSciaClock)
                  003f7a50    00000009                   : pwm.obj (.text:_PWM_setSocAPeriod)
                  003f7a59    00000009                   : pwm.obj (.text:_PWM_setSocAPulseSrc)
                  003f7a62    00000009                   : sci.obj (.text:_SCI_putDataNonBlocking)
                  003f7a6b    00000009     rts2800_ml.lib : _lock.c.obj (.text)
                  003f7a74    00000008     driverlib.lib : clk.obj (.text:_CLK_init)
                  003f7a7c    00000008                   : flash.obj (.text:_FLASH_init)
                  003f7a84    00000008                   : gpio.obj (.text:_GPIO_init)
                  003f7a8c    00000008                   : pll.obj (.text:_PLL_init)
                  003f7a94    00000008                   : pwm.obj (.text:_PWM_init)
                  003f7a9c    00000008                   : sci.obj (.text:_SCI_init)
                  003f7aa4    00000008                   : wdog.obj (.text:_WDOG_disable)
                  003f7aac    00000008                   : wdog.obj (.text:_WDOG_init)
                  003f7ab4    00000008                   : f2802xx_codestartbranch.obj (.text)
                  003f7abc    00000007                   : clk.obj (.text:_CLK_enableAdcClock)
                  003f7ac3    00000007                   : clk.obj (.text:_CLK_enableTbClockSync)
                  003f7aca    00000007                   : clk.obj (.text:_CLK_setOscSrc)
                  003f7ad1    00000007                   : pll.obj (.text:_PLL_setDivider)
                  003f7ad8    00000007                   : sci.obj (.text:_SCI_setRxFifoIntLevel)
                  003f7adf    00000007                   : sci.obj (.text:_SCI_setTxFifoIntLevel)
                  003f7ae6    00000006                   : pll.obj (.text:_PLL_setMultiplier)
                  003f7aec    00000006                   : sci.obj (.text:_SCI_setBaudRate)
                  003f7af2    00000005                   : f2802xx_defaultisr.obj (.text:_ADCINT1_ISR)
                  003f7af7    00000005                   : f2802xx_defaultisr.obj (.text:_ADCINT2_ISR)
                  003f7afc    00000005                   : f2802xx_defaultisr.obj (.text:_ADCINT3_ISR)
                  003f7b01    00000005                   : f2802xx_defaultisr.obj (.text:_ADCINT4_ISR)
                  003f7b06    00000005                   : f2802xx_defaultisr.obj (.text:_ADCINT5_ISR)
                  003f7b0b    00000005                   : f2802xx_defaultisr.obj (.text:_ADCINT6_ISR)
                  003f7b10    00000005                   : f2802xx_defaultisr.obj (.text:_ADCINT7_ISR)
                  003f7b15    00000005                   : f2802xx_defaultisr.obj (.text:_ADCINT8_ISR)
                  003f7b1a    00000005                   : f2802xx_defaultisr.obj (.text:_ADCINT9_ISR)
                  003f7b1f    00000005                   : f2802xx_defaultisr.obj (.text:_DATALOG_ISR)
                  003f7b24    00000005                   : f2802xx_defaultisr.obj (.text:_ECAP1_INT_ISR)
                  003f7b29    00000005                   : f2802xx_defaultisr.obj (.text:_EMPTY_ISR)
                  003f7b2e    00000005                   : f2802xx_defaultisr.obj (.text:_EMUINT_ISR)
                  003f7b33    00000005                   : f2802xx_defaultisr.obj (.text:_EPWM1_INT_ISR)
                  003f7b38    00000005                   : f2802xx_defaultisr.obj (.text:_EPWM1_TZINT_ISR)
                  003f7b3d    00000005                   : f2802xx_defaultisr.obj (.text:_EPWM2_INT_ISR)
                  003f7b42    00000005                   : f2802xx_defaultisr.obj (.text:_EPWM2_TZINT_ISR)
                  003f7b47    00000005                   : f2802xx_defaultisr.obj (.text:_EPWM3_INT_ISR)
                  003f7b4c    00000005                   : f2802xx_defaultisr.obj (.text:_EPWM3_TZINT_ISR)
                  003f7b51    00000005                   : f2802xx_defaultisr.obj (.text:_EPWM4_INT_ISR)
                  003f7b56    00000005                   : f2802xx_defaultisr.obj (.text:_EPWM4_TZINT_ISR)
                  003f7b5b    00000005                   : f2802xx_defaultisr.obj (.text:_I2CINT1A_ISR)
                  003f7b60    00000005                   : f2802xx_defaultisr.obj (.text:_I2CINT2A_ISR)
                  003f7b65    00000005                   : f2802xx_defaultisr.obj (.text:_ILLEGAL_ISR)
                  003f7b6a    00000005                   : f2802xx_defaultisr.obj (.text:_INT13_ISR)
                  003f7b6f    00000005                   : f2802xx_defaultisr.obj (.text:_INT14_ISR)
                  003f7b74    00000005                   : f2802xx_defaultisr.obj (.text:_NMI_ISR)
                  003f7b79    00000005                   : f2802xx_defaultisr.obj (.text:_PIE_RESERVED)
                  003f7b7e    00000005                   : pie.obj (.text:_PIE_illegalIsr)
                  003f7b83    00000005                   : f2802xx_defaultisr.obj (.text:_RTOSINT_ISR)
                  003f7b88    00000005                   : f2802xx_defaultisr.obj (.text:_SCIRXINTA_ISR)
                  003f7b8d    00000005                   : f2802xx_defaultisr.obj (.text:_SCITXINTA_ISR)
                  003f7b92    00000005                   : f2802xx_defaultisr.obj (.text:_SPIRXINTA_ISR)
                  003f7b97    00000005                   : f2802xx_defaultisr.obj (.text:_SPITXINTA_ISR)
                  003f7b9c    00000005                   : f2802xx_defaultisr.obj (.text:_TINT0_ISR)
                  003f7ba1    00000005                   : f2802xx_defaultisr.obj (.text:_USER10_ISR)
                  003f7ba6    00000005                   : f2802xx_defaultisr.obj (.text:_USER11_ISR)
                  003f7bab    00000005                   : f2802xx_defaultisr.obj (.text:_USER12_ISR)
                  003f7bb0    00000005                   : f2802xx_defaultisr.obj (.text:_USER1_ISR)
                  003f7bb5    00000005                   : f2802xx_defaultisr.obj (.text:_USER2_ISR)
                  003f7bba    00000005                   : f2802xx_defaultisr.obj (.text:_USER3_ISR)
                  003f7bbf    00000005                   : f2802xx_defaultisr.obj (.text:_USER4_ISR)
                  003f7bc4    00000005                   : f2802xx_defaultisr.obj (.text:_USER5_ISR)
                  003f7bc9    00000005                   : f2802xx_defaultisr.obj (.text:_USER6_ISR)
                  003f7bce    00000005                   : f2802xx_defaultisr.obj (.text:_USER7_ISR)
                  003f7bd3    00000005                   : f2802xx_defaultisr.obj (.text:_USER8_ISR)
                  003f7bd8    00000005                   : f2802xx_defaultisr.obj (.text:_USER9_ISR)
                  003f7bdd    00000005                   : f2802xx_defaultisr.obj (.text:_WAKEINT_ISR)
                  003f7be2    00000005                   : f2802xx_defaultisr.obj (.text:_XINT1_ISR)
                  003f7be7    00000005                   : f2802xx_defaultisr.obj (.text:_XINT2_ISR)
                  003f7bec    00000005                   : f2802xx_defaultisr.obj (.text:_XINT3_ISR)
                  003f7bf1    00000005                   : f2802xx_defaultisr.obj (.text:_rsvd_ISR)
                  003f7bf6    00000004                   : cpu.obj (.text:_CPU_enableInt)
                  003f7bfa    00000004                   : cpu.obj (.text:_CPU_init)
                  003f7bfe    00000004                   : pwm.obj (.text:_PWM_enableSocAPulse)
                  003f7c02    00000004                   : pwm.obj (.text:_PWM_setCounterMode)
                  003f7c06    00000004                   : sci.obj (.text:_SCI_clearRxFifoInt)
                  003f7c0a    00000004                   : sci.obj (.text:_SCI_clearTxFifoInt)
                  003f7c0e    00000004                   : sci.obj (.text:_SCI_enableFifoEnh)
                  003f7c12    00000004                   : sci.obj (.text:_SCI_getTxFifoStatus)
                  003f7c16    00000004                   : sci.obj (.text:_SCI_setCharLength)
                  003f7c1a    00000004                   : sci.obj (.text:_SCI_setNumStopBits)
                  003f7c1e    00000003                   : cpu.obj (.text:_CPU_clearIntFlags)
                  003f7c21    00000003                   : cpu.obj (.text:_CPU_disableGlobalInts)
                  003f7c24    00000003                   : cpu.obj (.text:_CPU_enableDebugInt)
                  003f7c27    00000003                   : cpu.obj (.text:_CPU_enableGlobalInts)
                  003f7c2a    00000003                   : pie.obj (.text:_PIE_disable)
                  003f7c2d    00000003                   : pie.obj (.text:_PIE_enable)
                  003f7c30    00000003                   : pll.obj (.text:_PLL_getClkStatus)
                  003f7c33    00000003                   : pll.obj (.text:_PLL_getLockStatus)
                  003f7c36    00000003                   : sci.obj (.text:_SCI_disableParity)
                  003f7c39    00000003                   : sci.obj (.text:_SCI_enable)
                  003f7c3c    00000003                   : sci.obj (.text:_SCI_enableRx)
                  003f7c3f    00000003                   : sci.obj (.text:_SCI_enableRxInt)
                  003f7c42    00000003                   : sci.obj (.text:_SCI_enableTx)
                  003f7c45    00000003                   : sci.obj (.text:_SCI_enableTxInt)
                  003f7c48    00000002                   : pwm.obj (.text:_PWM_setPeriod)
                  003f7c4a    00000002     rts2800_ml.lib : pre_init.c.obj (.text)
                  003f7c4c    00000001                    : startup.c.obj (.text)

.econst    0    003f7c4e    00000108     
                  003f7c4e    00000100     driverlib.lib : pie.obj (.econst:_PIE_tableDebugInit)
                  003f7d4e    00000004     Example_2802xAdcSoc.obj (.econst)
                  003f7d52    00000004     rts2800_ml.lib : e_sqrtf.c.obj (.econst)

IQmath     0    003f7ddd    00000014     
                  003f7ddd    00000014     IQmath.lib : IQ10toF.obj (IQmath)

.ebss.1    1    00000600    0000000c     UNINITIALIZED
                  00000600    00000006     rts2800_ml.lib : exit.c.obj (.ebss)
                  00000606    00000002                    : _lock.c.obj (.ebss:__lock)
                  00000608    00000002                    : _lock.c.obj (.ebss:__unlock)
                  0000060a    00000001     driverlib.lib : cpu.obj (.ebss)
                  0000060b    00000001     rts2800_ml.lib : errno.c.obj (.ebss)

.ebss.2    1    00008000    000002a4     UNINITIALIZED
                  00008000    000002a4     Example_2802xAdcSoc.obj (.ebss)

MODULE SUMMARY

       Module                        code   initialized data   uninitialized data
       ------                        ----   ----------------   ------------------
    ./
       Example_2802xAdcSoc.obj       204    109                676               
       Initialization.obj            457    0                  0                 
       DigitalFilters.obj            161    0                  0                 
       Communication.obj             133    0                  0                 
       Rms.obj                       44     0                  0                 
    +--+-----------------------------+------+------------------+--------------------+
       Total:                        999    109                676               
                                                                                 
    /home/markos/ti/C2000Ware_1_00_03_00_Software/device_support/f2802x/common/ccs/Debug/driverlib.lib
       pie.obj                       90     256                0                 
       f2802xx_defaultisr.obj        255    0                  0                 
       adc.obj                       252    0                  0                 
       gpio.obj                      241    0                  0                 
       sci.obj                       109    0                  0                 
       pll.obj                       48     0                  0                 
       clk.obj                       47     0                  0                 
       pwm.obj                       36     0                  0                 
       cpu.obj                       20     0                  1                 
       f2802xx_asmfuncs.obj          18     0                  0                 
       wdog.obj                      16     0                  0                 
       f2802xx_codestartbranch.obj   10     0                  0                 
       flash.obj                     8      0                  0                 
    +--+-----------------------------+------+------------------+--------------------+
       Total:                        1150   256                1                 
                                                                                 
    /home/markos/ti/C2000Ware_1_00_03_00_Software/libraries/math/IQmath/c28/lib/IQmath.lib
       IQ10toF.obj                   0      20                 0                 
    +--+-----------------------------+------+------------------+--------------------+
       Total:                        0      20                 0                 
                                                                                 
    /opt/ti/ccsv8/tools/compiler/ti-cgt-c2000_18.1.1.LTS/lib/rts2800_ml.lib
       fd_mpy28.asm.obj              131    0                  0                 
       fs_div28.asm.obj              131    0                  0                 
       e_sqrtf.c.obj                 118    4                  0                 
       fs_add28.asm.obj              120    0                  0                 
       fs_mpy28.asm.obj              90     0                  0                 
       boot28.asm.obj                84     0                  0                 
       exit.c.obj                    41     14                 6                 
       fs_tol28.asm.obj              41     0                  0                 
       fs_toi28.asm.obj              37     0                  0                 
       cpy_tbl.c.obj                 36     0                  0                 
       fd_tol28.asm.obj              31     0                  0                 
       memcpy.c.obj                  29     0                  0                 
       fs_tofd28.asm.obj             28     0                  0                 
       i_tofs28.asm.obj              26     0                  0                 
       l_tofs28.asm.obj              26     0                  0                 
       args_main.c.obj               25     0                  0                 
       _lock.c.obj                   9      10                 4                 
       errno.c.obj                   0      4                  1                 
       pre_init.c.obj                2      0                  0                 
       startup.c.obj                 1      0                  0                 
    +--+-----------------------------+------+------------------+--------------------+
       Total:                        1006   32                 11                
                                                                                 
       Stack:                        0      0                  512               
    +--+-----------------------------+------+------------------+--------------------+
       Grand Total:                  3155   417                1200              


GLOBAL DATA SYMBOLS: SORTED BY DATA PAGE

address     data page           name
--------    ----------------    ----
00000400      10 (00000400)     __stack

00000600      18 (00000600)     ___TI_enable_exit_profile_output
00000602      18 (00000600)     ___TI_cleanup_ptr
00000604      18 (00000600)     ___TI_dtors_ptr
00000606      18 (00000600)     __lock
00000608      18 (00000600)     __unlock
0000060a      18 (00000600)     _cpu
0000060b      18 (00000600)     _errno

00008000     200 (00008000)     _RmsState
00008001     200 (00008000)     _rms_plot
00008002     200 (00008000)     _is_time_to_rms
00008003     200 (00008000)     _rms_pos
00008004     200 (00008000)     _counter
00008005     200 (00008000)     _is_time_to_send
00008006     200 (00008000)     _packet
00008008     200 (00008000)     _myPwm
0000800a     200 (00008000)     _myPll
0000800c     200 (00008000)     _myCpu
0000800e     200 (00008000)     _mySci
00008010     200 (00008000)     _myWDog
00008012     200 (00008000)     _myAdc
00008014     200 (00008000)     _myClk
00008016     200 (00008000)     _rms_buf_ptr
00008018     200 (00008000)     _rms_value
0000801a     200 (00008000)     _myPie
0000801c     200 (00008000)     _myFlash
0000801e     200 (00008000)     _myGpio

000080c0     203 (000080c0)     _curr1

00008140     205 (00008140)     _volt1

000081c0     207 (000081c0)     _curr2

00008240     209 (00008240)     _volt2

003f7c4e    fdf1 (003f7c40)     _PIE_tableDebugInit

003f7ddd    fdf7 (003f7dc0)     __IQ10toF


GLOBAL SYMBOLS: SORTED ALPHABETICALLY BY Name 

page  address   name                            
----  -------   ----                            
abs   ffffffff  .text                           
0     003f7727  C$$EXIT                         
0     003f738c  FD$$MPY                         
0     003f782d  FD$$TOL                         
0     003f7497  FS$$ADD                         
0     003f740f  FS$$DIV                         
0     003f7580  FS$$MPY                         
0     003f7492  FS$$SUB                         
0     003f7869  FS$$TOFD                        
0     003f77a0  FS$$TOI                         
0     003f7750  FS$$TOL                         
0     003f7885  I$$TOFS                         
0     003f789f  L$$TOFS                         
0     003f7af2  _ADCINT1_ISR                    
0     003f7af7  _ADCINT2_ISR                    
0     003f7afc  _ADCINT3_ISR                    
0     003f7b01  _ADCINT4_ISR                    
0     003f7b06  _ADCINT5_ISR                    
0     003f7b0b  _ADCINT6_ISR                    
0     003f7b10  _ADCINT7_ISR                    
0     003f7b15  _ADCINT8_ISR                    
0     003f7b1a  _ADCINT9_ISR                    
0     003f79da  _ADC_enable                     
0     003f79e4  _ADC_enableBandGap              
0     003f78d2  _ADC_enableInt                  
0     003f79ee  _ADC_enableRefBuffers           
0     003f79f8  _ADC_init                       
0     003f7a02  _ADC_powerUp                    
0     003f77e9  _ADC_setIntMode                 
0     003f7987  _ADC_setIntPulseGenMode         
0     003f780b  _ADC_setIntSrc                  
0     003f78e9  _ADC_setSampleMode              
0     003f7951  _ADC_setSocChanNumber           
0     003f7963  _ADC_setSocSampleWindow         
0     003f7975  _ADC_setSocTrigSrc              
0     003f7998  _ADC_setVoltRefSrc              
0     003f7abc  _CLK_enableAdcClock             
0     003f7a3e  _CLK_enablePwmClock             
0     003f7a47  _CLK_enableSciaClock            
0     003f7ac3  _CLK_enableTbClockSync          
0     003f7a74  _CLK_init                       
0     003f7aca  _CLK_setOscSrc                  
0     003f7c1e  _CPU_clearIntFlags              
0     003f7c21  _CPU_disableGlobalInts          
0     003f7c24  _CPU_enableDebugInt             
0     003f7c27  _CPU_enableGlobalInts           
0     003f7bf6  _CPU_enableInt                  
0     003f7bfa  _CPU_init                       
0     003f7b1f  _DATALOG_ISR                    
0     003f7a37  _DSP28x_DisableInt              
0     003f7a3b  _DSP28x_RestoreInt              
0     00000050  _DSP28x_usDelay                 
0     003f7b24  _ECAP1_INT_ISR                  
0     003f7b29  _EMPTY_ISR                      
0     003f7b2e  _EMUINT_ISR                     
0     003f7b33  _EPWM1_INT_ISR                  
0     003f7b38  _EPWM1_TZINT_ISR                
0     003f7b3d  _EPWM2_INT_ISR                  
0     003f7b42  _EPWM2_TZINT_ISR                
0     003f7b47  _EPWM3_INT_ISR                  
0     003f7b4c  _EPWM3_TZINT_ISR                
0     003f7b51  _EPWM4_INT_ISR                  
0     003f7b56  _EPWM4_TZINT_ISR                
0     003f7a7c  _FLASH_init                     
0     003f7a84  _GPIO_init                      
0     003f76d5  _GPIO_setDirection              
0     003f7915  _GPIO_setHigh                   
0     003f7929  _GPIO_setLow                    
0     003f762e  _GPIO_setMode                   
0     003f76fe  _GPIO_setPullUp                 
0     003f7779  _GPIO_setQualification          
0     003f7b5b  _I2CINT1A_ISR                   
0     003f7b60  _I2CINT2A_ISR                   
0     003f7b65  _ILLEGAL_ISR                    
0     003f7b6a  _INT13_ISR                      
0     003f7b6f  _INT14_ISR                      
0     003f7b74  _NMI_ISR                        
0     003f7b79  _PIE_RESERVED                   
0     003f7c2a  _PIE_disable                    
0     003f79a9  _PIE_disableAllInts             
0     003f7c2d  _PIE_enable                     
0     003f793d  _PIE_enableAdcInt               
0     003f7b7e  _PIE_illegalIsr                 
0     003f7a0c  _PIE_init                       
0     003f79cb  _PIE_registerPieIntHandler      
0     003f79ba  _PIE_setDebugIntVectorTable     
0     003f7c4e  _PIE_tableDebugInit             
0     003f7c30  _PLL_getClkStatus               
0     003f7c33  _PLL_getLockStatus              
0     003f7a8c  _PLL_init                       
0     003f7ad1  _PLL_setDivider                 
0     003f7ae6  _PLL_setMultiplier              
0     003f7900  _PLL_setup                      
0     003f7bfe  _PWM_enableSocAPulse            
0     003f7a94  _PWM_init                       
0     003f7c02  _PWM_setCounterMode             
0     003f7c48  _PWM_setPeriod                  
0     003f7a50  _PWM_setSocAPeriod              
0     003f7a59  _PWM_setSocAPulseSrc            
0     003f7b83  _RTOSINT_ISR                    
abs   00000004  _RamfuncsLoadSize               
0     003f7000  _RamfuncsLoadStart              
0     00000050  _RamfuncsRunStart               
1     00008000  _RmsState                       
0     003f7b88  _SCIRXINTA_ISR                  
0     003f7b8d  _SCITXINTA_ISR                  
0     003f7c06  _SCI_clearRxFifoInt             
0     003f7c0a  _SCI_clearTxFifoInt             
0     003f7c36  _SCI_disableParity              
0     003f7c39  _SCI_enable                     
0     003f7c0e  _SCI_enableFifoEnh              
0     003f7c3c  _SCI_enableRx                   
0     003f7c3f  _SCI_enableRxInt                
0     003f7c42  _SCI_enableTx                   
0     003f7c45  _SCI_enableTxInt                
0     003f7c12  _SCI_getTxFifoStatus            
0     003f7a9c  _SCI_init                       
0     003f7a62  _SCI_putDataNonBlocking         
0     003f7a16  _SCI_resetChannels              
0     003f7a20  _SCI_resetRxFifo                
0     003f7a2a  _SCI_resetTxFifo                
0     003f7aec  _SCI_setBaudRate                
0     003f7c16  _SCI_setCharLength              
0     003f7c1a  _SCI_setNumStopBits             
0     003f7ad8  _SCI_setRxFifoIntLevel          
0     003f7adf  _SCI_setTxFifoIntLevel          
0     003f7b92  _SPIRXINTA_ISR                  
0     003f7b97  _SPITXINTA_ISR                  
0     003f7b9c  _TINT0_ISR                      
0     003f7ba1  _USER10_ISR                     
0     003f7ba6  _USER11_ISR                     
0     003f7bab  _USER12_ISR                     
0     003f7bb0  _USER1_ISR                      
0     003f7bb5  _USER2_ISR                      
0     003f7bba  _USER3_ISR                      
0     003f7bbf  _USER4_ISR                      
0     003f7bc4  _USER5_ISR                      
0     003f7bc9  _USER6_ISR                      
0     003f7bce  _USER7_ISR                      
0     003f7bd3  _USER8_ISR                      
0     003f7bd8  _USER9_ISR                      
0     003f7bdd  _WAKEINT_ISR                    
0     003f7aa4  _WDOG_disable                   
0     003f7aac  _WDOG_init                      
0     003f7be2  _XINT1_ISR                      
0     003f7be7  _XINT2_ISR                      
0     003f7bec  _XINT3_ISR                      
0     003f7ddd  __IQ10toF                       
1     00000600  __STACK_END                     
abs   00000200  __STACK_SIZE                    
1     00000602  ___TI_cleanup_ptr               
1     00000604  ___TI_dtors_ptr                 
1     00000600  ___TI_enable_exit_profile_output
abs   ffffffff  ___TI_pprof_out_hndl            
abs   ffffffff  ___TI_prof_data_size            
abs   ffffffff  ___TI_prof_data_start           
abs   ffffffff  ___binit__                      
abs   ffffffff  ___c_args__                     
0     003f7d56  ___cinit__                      
abs   ffffffff  ___etext__                      
abs   ffffffff  ___pinit__                      
abs   ffffffff  ___text__                       
0     003f78b9  __args_main                     
1     00000606  __lock                          
0     003f7a73  __nop                           
0     003f7a6f  __register_lock                 
0     003f7a6b  __register_unlock               
1     00000400  __stack                         
0     003f7c4c  __system_post_cinit             
0     003f7c4a  __system_pre_init               
1     00000608  __unlock                        
0     003f7727  _abort                          
0     003f726e  _adc_isr                        
0     003f75da  _c_int00                        
0     003f77c5  _copy_in                        
1     00008004  _counter                        
1     0000060a  _cpu                            
1     000080c0  _curr1                          
1     000081c0  _curr2                          
1     0000060b  _errno                          
0     003f7729  _exit                           
0     003f7010  _initialize                     
1     00008002  _is_time_to_rms                 
1     00008005  _is_time_to_send                
0     003f7681  _main                           
0     003f784c  _memcpy                         
1     00008012  _myAdc                          
1     00008014  _myClk                          
1     0000800c  _myCpu                          
1     0000801c  _myFlash                        
1     0000801e  _myGpio                         
1     0000801a  _myPie                          
1     0000800a  _myPll                          
1     00008008  _myPwm                          
1     0000800e  _mySci                          
1     00008010  _myWDog                         
1     00008006  _packet                         
0     003f76a9  _rms                            
1     00008016  _rms_buf_ptr                    
1     00008001  _rms_plot                       
1     00008003  _rms_pos                        
1     00008018  _rms_value                      
0     003f7bf1  _rsvd_ISR                       
0     003f7307  _scia_echoback_init             
0     003f7361  _scia_fifo_init                 
0     003f734e  _scia_msg                       
0     003f733d  _scia_xmit                      
0     003f7a34  _setDBGIER                      
0     003f750a  _sqrt                           
0     003f750a  _sqrtf                          
0     003f71cd  _stepNotch                      
1     00008140  _volt1                          
1     00008240  _volt2                          
abs   ffffffff  binit                           
0     003f7d56  cinit                           
0     003f7ff6  code_start                      
abs   ffffffff  etext                           
abs   ffffffff  pinit                           


GLOBAL SYMBOLS: SORTED BY Symbol Address 

page  address   name                            
----  -------   ----                            
0     00000050  _DSP28x_usDelay                 
0     00000050  _RamfuncsRunStart               
0     003f7000  _RamfuncsLoadStart              
0     003f7010  _initialize                     
0     003f71cd  _stepNotch                      
0     003f726e  _adc_isr                        
0     003f7307  _scia_echoback_init             
0     003f733d  _scia_xmit                      
0     003f734e  _scia_msg                       
0     003f7361  _scia_fifo_init                 
0     003f738c  FD$$MPY                         
0     003f740f  FS$$DIV                         
0     003f7492  FS$$SUB                         
0     003f7497  FS$$ADD                         
0     003f750a  _sqrt                           
0     003f750a  _sqrtf                          
0     003f7580  FS$$MPY                         
0     003f75da  _c_int00                        
0     003f762e  _GPIO_setMode                   
0     003f7681  _main                           
0     003f76a9  _rms                            
0     003f76d5  _GPIO_setDirection              
0     003f76fe  _GPIO_setPullUp                 
0     003f7727  C$$EXIT                         
0     003f7727  _abort                          
0     003f7729  _exit                           
0     003f7750  FS$$TOL                         
0     003f7779  _GPIO_setQualification          
0     003f77a0  FS$$TOI                         
0     003f77c5  _copy_in                        
0     003f77e9  _ADC_setIntMode                 
0     003f780b  _ADC_setIntSrc                  
0     003f782d  FD$$TOL                         
0     003f784c  _memcpy                         
0     003f7869  FS$$TOFD                        
0     003f7885  I$$TOFS                         
0     003f789f  L$$TOFS                         
0     003f78b9  __args_main                     
0     003f78d2  _ADC_enableInt                  
0     003f78e9  _ADC_setSampleMode              
0     003f7900  _PLL_setup                      
0     003f7915  _GPIO_setHigh                   
0     003f7929  _GPIO_setLow                    
0     003f793d  _PIE_enableAdcInt               
0     003f7951  _ADC_setSocChanNumber           
0     003f7963  _ADC_setSocSampleWindow         
0     003f7975  _ADC_setSocTrigSrc              
0     003f7987  _ADC_setIntPulseGenMode         
0     003f7998  _ADC_setVoltRefSrc              
0     003f79a9  _PIE_disableAllInts             
0     003f79ba  _PIE_setDebugIntVectorTable     
0     003f79cb  _PIE_registerPieIntHandler      
0     003f79da  _ADC_enable                     
0     003f79e4  _ADC_enableBandGap              
0     003f79ee  _ADC_enableRefBuffers           
0     003f79f8  _ADC_init                       
0     003f7a02  _ADC_powerUp                    
0     003f7a0c  _PIE_init                       
0     003f7a16  _SCI_resetChannels              
0     003f7a20  _SCI_resetRxFifo                
0     003f7a2a  _SCI_resetTxFifo                
0     003f7a34  _setDBGIER                      
0     003f7a37  _DSP28x_DisableInt              
0     003f7a3b  _DSP28x_RestoreInt              
0     003f7a3e  _CLK_enablePwmClock             
0     003f7a47  _CLK_enableSciaClock            
0     003f7a50  _PWM_setSocAPeriod              
0     003f7a59  _PWM_setSocAPulseSrc            
0     003f7a62  _SCI_putDataNonBlocking         
0     003f7a6b  __register_unlock               
0     003f7a6f  __register_lock                 
0     003f7a73  __nop                           
0     003f7a74  _CLK_init                       
0     003f7a7c  _FLASH_init                     
0     003f7a84  _GPIO_init                      
0     003f7a8c  _PLL_init                       
0     003f7a94  _PWM_init                       
0     003f7a9c  _SCI_init                       
0     003f7aa4  _WDOG_disable                   
0     003f7aac  _WDOG_init                      
0     003f7abc  _CLK_enableAdcClock             
0     003f7ac3  _CLK_enableTbClockSync          
0     003f7aca  _CLK_setOscSrc                  
0     003f7ad1  _PLL_setDivider                 
0     003f7ad8  _SCI_setRxFifoIntLevel          
0     003f7adf  _SCI_setTxFifoIntLevel          
0     003f7ae6  _PLL_setMultiplier              
0     003f7aec  _SCI_setBaudRate                
0     003f7af2  _ADCINT1_ISR                    
0     003f7af7  _ADCINT2_ISR                    
0     003f7afc  _ADCINT3_ISR                    
0     003f7b01  _ADCINT4_ISR                    
0     003f7b06  _ADCINT5_ISR                    
0     003f7b0b  _ADCINT6_ISR                    
0     003f7b10  _ADCINT7_ISR                    
0     003f7b15  _ADCINT8_ISR                    
0     003f7b1a  _ADCINT9_ISR                    
0     003f7b1f  _DATALOG_ISR                    
0     003f7b24  _ECAP1_INT_ISR                  
0     003f7b29  _EMPTY_ISR                      
0     003f7b2e  _EMUINT_ISR                     
0     003f7b33  _EPWM1_INT_ISR                  
0     003f7b38  _EPWM1_TZINT_ISR                
0     003f7b3d  _EPWM2_INT_ISR                  
0     003f7b42  _EPWM2_TZINT_ISR                
0     003f7b47  _EPWM3_INT_ISR                  
0     003f7b4c  _EPWM3_TZINT_ISR                
0     003f7b51  _EPWM4_INT_ISR                  
0     003f7b56  _EPWM4_TZINT_ISR                
0     003f7b5b  _I2CINT1A_ISR                   
0     003f7b60  _I2CINT2A_ISR                   
0     003f7b65  _ILLEGAL_ISR                    
0     003f7b6a  _INT13_ISR                      
0     003f7b6f  _INT14_ISR                      
0     003f7b74  _NMI_ISR                        
0     003f7b79  _PIE_RESERVED                   
0     003f7b7e  _PIE_illegalIsr                 
0     003f7b83  _RTOSINT_ISR                    
0     003f7b88  _SCIRXINTA_ISR                  
0     003f7b8d  _SCITXINTA_ISR                  
0     003f7b92  _SPIRXINTA_ISR                  
0     003f7b97  _SPITXINTA_ISR                  
0     003f7b9c  _TINT0_ISR                      
0     003f7ba1  _USER10_ISR                     
0     003f7ba6  _USER11_ISR                     
0     003f7bab  _USER12_ISR                     
0     003f7bb0  _USER1_ISR                      
0     003f7bb5  _USER2_ISR                      
0     003f7bba  _USER3_ISR                      
0     003f7bbf  _USER4_ISR                      
0     003f7bc4  _USER5_ISR                      
0     003f7bc9  _USER6_ISR                      
0     003f7bce  _USER7_ISR                      
0     003f7bd3  _USER8_ISR                      
0     003f7bd8  _USER9_ISR                      
0     003f7bdd  _WAKEINT_ISR                    
0     003f7be2  _XINT1_ISR                      
0     003f7be7  _XINT2_ISR                      
0     003f7bec  _XINT3_ISR                      
0     003f7bf1  _rsvd_ISR                       
0     003f7bf6  _CPU_enableInt                  
0     003f7bfa  _CPU_init                       
0     003f7bfe  _PWM_enableSocAPulse            
0     003f7c02  _PWM_setCounterMode             
0     003f7c06  _SCI_clearRxFifoInt             
0     003f7c0a  _SCI_clearTxFifoInt             
0     003f7c0e  _SCI_enableFifoEnh              
0     003f7c12  _SCI_getTxFifoStatus            
0     003f7c16  _SCI_setCharLength              
0     003f7c1a  _SCI_setNumStopBits             
0     003f7c1e  _CPU_clearIntFlags              
0     003f7c21  _CPU_disableGlobalInts          
0     003f7c24  _CPU_enableDebugInt             
0     003f7c27  _CPU_enableGlobalInts           
0     003f7c2a  _PIE_disable                    
0     003f7c2d  _PIE_enable                     
0     003f7c30  _PLL_getClkStatus               
0     003f7c33  _PLL_getLockStatus              
0     003f7c36  _SCI_disableParity              
0     003f7c39  _SCI_enable                     
0     003f7c3c  _SCI_enableRx                   
0     003f7c3f  _SCI_enableRxInt                
0     003f7c42  _SCI_enableTx                   
0     003f7c45  _SCI_enableTxInt                
0     003f7c48  _PWM_setPeriod                  
0     003f7c4a  __system_pre_init               
0     003f7c4c  __system_post_cinit             
0     003f7c4e  _PIE_tableDebugInit             
0     003f7d56  ___cinit__                      
0     003f7d56  cinit                           
0     003f7ddd  __IQ10toF                       
0     003f7ff6  code_start                      
1     00000400  __stack                         
1     00000600  __STACK_END                     
1     00000600  ___TI_enable_exit_profile_output
1     00000602  ___TI_cleanup_ptr               
1     00000604  ___TI_dtors_ptr                 
1     00000606  __lock                          
1     00000608  __unlock                        
1     0000060a  _cpu                            
1     0000060b  _errno                          
1     00008000  _RmsState                       
1     00008001  _rms_plot                       
1     00008002  _is_time_to_rms                 
1     00008003  _rms_pos                        
1     00008004  _counter                        
1     00008005  _is_time_to_send                
1     00008006  _packet                         
1     00008008  _myPwm                          
1     0000800a  _myPll                          
1     0000800c  _myCpu                          
1     0000800e  _mySci                          
1     00008010  _myWDog                         
1     00008012  _myAdc                          
1     00008014  _myClk                          
1     00008016  _rms_buf_ptr                    
1     00008018  _rms_value                      
1     0000801a  _myPie                          
1     0000801c  _myFlash                        
1     0000801e  _myGpio                         
1     000080c0  _curr1                          
1     00008140  _volt1                          
1     000081c0  _curr2                          
1     00008240  _volt2                          
abs   00000004  _RamfuncsLoadSize               
abs   00000200  __STACK_SIZE                    
abs   ffffffff  .text                           
abs   ffffffff  ___TI_pprof_out_hndl            
abs   ffffffff  ___TI_prof_data_size            
abs   ffffffff  ___TI_prof_data_start           
abs   ffffffff  ___binit__                      
abs   ffffffff  ___c_args__                     
abs   ffffffff  ___etext__                      
abs   ffffffff  ___pinit__                      
abs   ffffffff  ___text__                       
abs   ffffffff  binit                           
abs   ffffffff  etext                           
abs   ffffffff  pinit                           

[218 symbols]
