******************************************************************************
             TMS320C2000 Linker Unix v18.1.1                   
******************************************************************************
>> Linked Tue Jul  3 21:56:55 2018

OUTPUT FILE NAME:   <Example_F2802xAdcSoc.out>
ENTRY POINT SYMBOL: "code_start"  address: 003f7ff6


MEMORY CONFIGURATION

         name            origin    length      used     unused   attr    fill
----------------------  --------  ---------  --------  --------  ----  --------
PAGE 0:
  RAMM0                 00000050   000003b0  00000004  000003ac  RWIX
  OTP                   003d7800   00000400  00000000  00000400  RWIX
  FLASHB                003f6000   00001000  00000000  00001000  RWIX
  FLASHA                003f7000   00000f80  00000cfd  00000283  RWIX
  CSM_RSVD              003f7f80   00000076  00000000  00000076  RWIX
  BEGIN                 003f7ff6   00000002  00000002  00000000  RWIX
  CSM_PWL_P0            003f7ff8   00000008  00000000  00000008  RWIX
  IQTABLES              003fe000   00000b50  00000b50  00000000  RWIX
  IQTABLES2             003feb50   0000008c  00000000  0000008c  RWIX
  IQTABLES3             003febdc   000000aa  00000000  000000aa  RWIX
  ROM                   003ff27c   00000d44  00000000  00000d44  RWIX
  RESET                 003fffc0   00000002  00000000  00000002  RWIX
  VECTORS               003fffc2   0000003e  00000000  0000003e  RWIX

PAGE 1:
  BOOT_RSVD             00000000   00000050  00000000  00000050  RWIX
  RAMM1                 00000400   00000400  00000287  00000179  RWIX
  RAML0                 00008000   00000400  00000000  00000400  RWIX


SECTION ALLOCATION MAP

 output                                  attributes/
section   page    origin      length       input sections
--------  ----  ----------  ----------   ----------------
ramfuncs   0    003f7000    00000004     RUN ADDR = 00000050
                  003f7000    00000004     driverlib.lib : f2802xx_asmfuncs.obj (ramfuncs)

.cinit     0    003f7ccf    0000002e     
                  003f7ccf    00000014     Example_2802xAdcSoc.obj (.cinit)
                  003f7ce3    0000000e     rts2800_ml.lib : exit.c.obj (.cinit)
                  003f7cf1    00000005                    : _lock.c.obj (.cinit:__lock)
                  003f7cf6    00000005                    : _lock.c.obj (.cinit:__unlock)
                  003f7cfb    00000002     --HOLE-- [fill = 0]

codestart 
*          0    003f7ff6    00000002     
                  003f7ff6    00000002     driverlib.lib : f2802xx_codestartbranch.obj (codestart)

.pinit     0    003f7000    00000000     UNINITIALIZED

.stack     1    00000400    00000200     UNINITIALIZED
                  00000400    00000200     --HOLE--

IQmathTables 
*          0    003fe000    00000b50     NOLOAD SECTION
                  003fe000    00000b50     IQmath.lib : IQmathTables.obj (IQmathTables)

.reset     0    003fffc0    00000002     DSECT
                  003fffc0    00000002     rts2800_ml.lib : boot28.asm.obj (.reset)

vectors    0    003fffc2    00000000     DSECT

.text      0    003f7004    00000b26     
                  003f7004    000001c9     Initialization.obj (.text)
                  003f71cd    000000f6     DigitalFilters.obj (.text)
                  003f72c3    00000085     Communication.obj (.text)
                  003f7348    00000083     rts2800_ml.lib : fd_mpy28.asm.obj (.text)
                  003f73cb    00000076     Example_2802xAdcSoc.obj (.text:retain)
                  003f7441    0000005a     rts2800_ml.lib : fs_mpy28.asm.obj (.text)
                  003f749b    00000054                    : boot28.asm.obj (.text)
                  003f74ef    00000052     Example_2802xAdcSoc.obj (.text)
                  003f7541    00000048     driverlib.lib : gpio.obj (.text:_GPIO_setMode)
                  003f7589    00000042     Rms.obj (.text)
                  003f75cb    00000029     driverlib.lib : gpio.obj (.text:_GPIO_setDirection)
                  003f75f4    00000029                   : gpio.obj (.text:_GPIO_setPullUp)
                  003f761d    00000029     rts2800_ml.lib : exit.c.obj (.text)
                  003f7646    00000027     driverlib.lib : gpio.obj (.text:_GPIO_setQualification)
                  003f766d    00000025     rts2800_ml.lib : fs_toi28.asm.obj (.text)
                  003f7692    00000024                    : cpy_tbl.c.obj (.text)
                  003f76b6    00000022     driverlib.lib : adc.obj (.text:_ADC_setIntMode)
                  003f76d8    00000022                   : adc.obj (.text:_ADC_setIntSrc)
                  003f76fa    0000001f     rts2800_ml.lib : fd_tol28.asm.obj (.text)
                  003f7719    0000001d                    : memcpy.c.obj (.text)
                  003f7736    0000001c                    : fs_tofd28.asm.obj (.text)
                  003f7752    0000001a                    : i_tofs28.asm.obj (.text)
                  003f776c    0000001a                    : l_tofs28.asm.obj (.text)
                  003f7786    00000019                    : args_main.c.obj (.text)
                  003f779f    00000017     driverlib.lib : adc.obj (.text:_ADC_enableInt)
                  003f77b6    00000017                   : adc.obj (.text:_ADC_setSampleMode)
                  003f77cd    00000015                   : pll.obj (.text:_PLL_setup)
                  003f77e2    00000014                   : gpio.obj (.text:_GPIO_setHigh)
                  003f77f6    00000014                   : gpio.obj (.text:_GPIO_setLow)
                  003f780a    00000014                   : pie.obj (.text:_PIE_enableAdcInt)
                  003f781e    00000012                   : adc.obj (.text:_ADC_setSocChanNumber)
                  003f7830    00000012                   : adc.obj (.text:_ADC_setSocSampleWindow)
                  003f7842    00000012                   : adc.obj (.text:_ADC_setSocTrigSrc)
                  003f7854    00000011                   : adc.obj (.text:_ADC_setIntPulseGenMode)
                  003f7865    00000011                   : adc.obj (.text:_ADC_setVoltRefSrc)
                  003f7876    00000011                   : pie.obj (.text:_PIE_disableAllInts)
                  003f7887    00000011                   : pie.obj (.text:_PIE_setDebugIntVectorTable)
                  003f7898    00000010     rts2800_ml.lib : u_tofs28.asm.obj (.text)
                  003f78a8    0000000f     driverlib.lib : pie.obj (.text:_PIE_registerPieIntHandler)
                  003f78b7    0000000a                   : adc.obj (.text:_ADC_enable)
                  003f78c1    0000000a                   : adc.obj (.text:_ADC_enableBandGap)
                  003f78cb    0000000a                   : adc.obj (.text:_ADC_enableRefBuffers)
                  003f78d5    0000000a                   : adc.obj (.text:_ADC_init)
                  003f78df    0000000a                   : adc.obj (.text:_ADC_powerUp)
                  003f78e9    0000000a                   : pie.obj (.text:_PIE_init)
                  003f78f3    0000000a                   : sci.obj (.text:_SCI_resetChannels)
                  003f78fd    0000000a                   : sci.obj (.text:_SCI_resetRxFifo)
                  003f7907    0000000a                   : sci.obj (.text:_SCI_resetTxFifo)
                  003f7911    0000000a                   : f2802xx_asmfuncs.obj (.text)
                  003f791b    00000009                   : clk.obj (.text:_CLK_enablePwmClock)
                  003f7924    00000009                   : clk.obj (.text:_CLK_enableSciaClock)
                  003f792d    00000009                   : pwm.obj (.text:_PWM_setSocAPeriod)
                  003f7936    00000009                   : pwm.obj (.text:_PWM_setSocAPulseSrc)
                  003f793f    00000009                   : sci.obj (.text:_SCI_putDataNonBlocking)
                  003f7948    00000009     rts2800_ml.lib : _lock.c.obj (.text)
                  003f7951    00000008     driverlib.lib : clk.obj (.text:_CLK_init)
                  003f7959    00000008                   : flash.obj (.text:_FLASH_init)
                  003f7961    00000008                   : gpio.obj (.text:_GPIO_init)
                  003f7969    00000008                   : pll.obj (.text:_PLL_init)
                  003f7971    00000008                   : pwm.obj (.text:_PWM_init)
                  003f7979    00000008                   : sci.obj (.text:_SCI_init)
                  003f7981    00000008                   : wdog.obj (.text:_WDOG_disable)
                  003f7989    00000008                   : wdog.obj (.text:_WDOG_init)
                  003f7991    00000008                   : f2802xx_codestartbranch.obj (.text)
                  003f7999    00000007                   : clk.obj (.text:_CLK_enableAdcClock)
                  003f79a0    00000007                   : clk.obj (.text:_CLK_enableTbClockSync)
                  003f79a7    00000007                   : clk.obj (.text:_CLK_setOscSrc)
                  003f79ae    00000007                   : pll.obj (.text:_PLL_setDivider)
                  003f79b5    00000007                   : sci.obj (.text:_SCI_setRxFifoIntLevel)
                  003f79bc    00000007                   : sci.obj (.text:_SCI_setTxFifoIntLevel)
                  003f79c3    00000006                   : pll.obj (.text:_PLL_setMultiplier)
                  003f79c9    00000006                   : sci.obj (.text:_SCI_setBaudRate)
                  003f79cf    00000005                   : f2802xx_defaultisr.obj (.text:_ADCINT1_ISR)
                  003f79d4    00000005                   : f2802xx_defaultisr.obj (.text:_ADCINT2_ISR)
                  003f79d9    00000005                   : f2802xx_defaultisr.obj (.text:_ADCINT3_ISR)
                  003f79de    00000005                   : f2802xx_defaultisr.obj (.text:_ADCINT4_ISR)
                  003f79e3    00000005                   : f2802xx_defaultisr.obj (.text:_ADCINT5_ISR)
                  003f79e8    00000005                   : f2802xx_defaultisr.obj (.text:_ADCINT6_ISR)
                  003f79ed    00000005                   : f2802xx_defaultisr.obj (.text:_ADCINT7_ISR)
                  003f79f2    00000005                   : f2802xx_defaultisr.obj (.text:_ADCINT8_ISR)
                  003f79f7    00000005                   : f2802xx_defaultisr.obj (.text:_ADCINT9_ISR)
                  003f79fc    00000005                   : f2802xx_defaultisr.obj (.text:_DATALOG_ISR)
                  003f7a01    00000005                   : f2802xx_defaultisr.obj (.text:_ECAP1_INT_ISR)
                  003f7a06    00000005                   : f2802xx_defaultisr.obj (.text:_EMPTY_ISR)
                  003f7a0b    00000005                   : f2802xx_defaultisr.obj (.text:_EMUINT_ISR)
                  003f7a10    00000005                   : f2802xx_defaultisr.obj (.text:_EPWM1_INT_ISR)
                  003f7a15    00000005                   : f2802xx_defaultisr.obj (.text:_EPWM1_TZINT_ISR)
                  003f7a1a    00000005                   : f2802xx_defaultisr.obj (.text:_EPWM2_INT_ISR)
                  003f7a1f    00000005                   : f2802xx_defaultisr.obj (.text:_EPWM2_TZINT_ISR)
                  003f7a24    00000005                   : f2802xx_defaultisr.obj (.text:_EPWM3_INT_ISR)
                  003f7a29    00000005                   : f2802xx_defaultisr.obj (.text:_EPWM3_TZINT_ISR)
                  003f7a2e    00000005                   : f2802xx_defaultisr.obj (.text:_EPWM4_INT_ISR)
                  003f7a33    00000005                   : f2802xx_defaultisr.obj (.text:_EPWM4_TZINT_ISR)
                  003f7a38    00000005                   : f2802xx_defaultisr.obj (.text:_I2CINT1A_ISR)
                  003f7a3d    00000005                   : f2802xx_defaultisr.obj (.text:_I2CINT2A_ISR)
                  003f7a42    00000005                   : f2802xx_defaultisr.obj (.text:_ILLEGAL_ISR)
                  003f7a47    00000005                   : f2802xx_defaultisr.obj (.text:_INT13_ISR)
                  003f7a4c    00000005                   : f2802xx_defaultisr.obj (.text:_INT14_ISR)
                  003f7a51    00000005                   : f2802xx_defaultisr.obj (.text:_NMI_ISR)
                  003f7a56    00000005                   : f2802xx_defaultisr.obj (.text:_PIE_RESERVED)
                  003f7a5b    00000005                   : pie.obj (.text:_PIE_illegalIsr)
                  003f7a60    00000005                   : f2802xx_defaultisr.obj (.text:_RTOSINT_ISR)
                  003f7a65    00000005                   : f2802xx_defaultisr.obj (.text:_SCIRXINTA_ISR)
                  003f7a6a    00000005                   : f2802xx_defaultisr.obj (.text:_SCITXINTA_ISR)
                  003f7a6f    00000005                   : f2802xx_defaultisr.obj (.text:_SPIRXINTA_ISR)
                  003f7a74    00000005                   : f2802xx_defaultisr.obj (.text:_SPITXINTA_ISR)
                  003f7a79    00000005                   : f2802xx_defaultisr.obj (.text:_TINT0_ISR)
                  003f7a7e    00000005                   : f2802xx_defaultisr.obj (.text:_USER10_ISR)
                  003f7a83    00000005                   : f2802xx_defaultisr.obj (.text:_USER11_ISR)
                  003f7a88    00000005                   : f2802xx_defaultisr.obj (.text:_USER12_ISR)
                  003f7a8d    00000005                   : f2802xx_defaultisr.obj (.text:_USER1_ISR)
                  003f7a92    00000005                   : f2802xx_defaultisr.obj (.text:_USER2_ISR)
                  003f7a97    00000005                   : f2802xx_defaultisr.obj (.text:_USER3_ISR)
                  003f7a9c    00000005                   : f2802xx_defaultisr.obj (.text:_USER4_ISR)
                  003f7aa1    00000005                   : f2802xx_defaultisr.obj (.text:_USER5_ISR)
                  003f7aa6    00000005                   : f2802xx_defaultisr.obj (.text:_USER6_ISR)
                  003f7aab    00000005                   : f2802xx_defaultisr.obj (.text:_USER7_ISR)
                  003f7ab0    00000005                   : f2802xx_defaultisr.obj (.text:_USER8_ISR)
                  003f7ab5    00000005                   : f2802xx_defaultisr.obj (.text:_USER9_ISR)
                  003f7aba    00000005                   : f2802xx_defaultisr.obj (.text:_WAKEINT_ISR)
                  003f7abf    00000005                   : f2802xx_defaultisr.obj (.text:_XINT1_ISR)
                  003f7ac4    00000005                   : f2802xx_defaultisr.obj (.text:_XINT2_ISR)
                  003f7ac9    00000005                   : f2802xx_defaultisr.obj (.text:_XINT3_ISR)
                  003f7ace    00000005                   : f2802xx_defaultisr.obj (.text:_rsvd_ISR)
                  003f7ad3    00000004                   : cpu.obj (.text:_CPU_enableInt)
                  003f7ad7    00000004                   : cpu.obj (.text:_CPU_init)
                  003f7adb    00000004                   : pwm.obj (.text:_PWM_enableSocAPulse)
                  003f7adf    00000004                   : pwm.obj (.text:_PWM_setCounterMode)
                  003f7ae3    00000004                   : sci.obj (.text:_SCI_clearRxFifoInt)
                  003f7ae7    00000004                   : sci.obj (.text:_SCI_clearTxFifoInt)
                  003f7aeb    00000004                   : sci.obj (.text:_SCI_enableFifoEnh)
                  003f7aef    00000004                   : sci.obj (.text:_SCI_getTxFifoStatus)
                  003f7af3    00000004                   : sci.obj (.text:_SCI_setCharLength)
                  003f7af7    00000004                   : sci.obj (.text:_SCI_setNumStopBits)
                  003f7afb    00000003                   : cpu.obj (.text:_CPU_clearIntFlags)
                  003f7afe    00000003                   : cpu.obj (.text:_CPU_disableGlobalInts)
                  003f7b01    00000003                   : cpu.obj (.text:_CPU_enableDebugInt)
                  003f7b04    00000003                   : cpu.obj (.text:_CPU_enableGlobalInts)
                  003f7b07    00000003                   : pie.obj (.text:_PIE_disable)
                  003f7b0a    00000003                   : pie.obj (.text:_PIE_enable)
                  003f7b0d    00000003                   : pll.obj (.text:_PLL_getClkStatus)
                  003f7b10    00000003                   : pll.obj (.text:_PLL_getLockStatus)
                  003f7b13    00000003                   : sci.obj (.text:_SCI_disableParity)
                  003f7b16    00000003                   : sci.obj (.text:_SCI_enable)
                  003f7b19    00000003                   : sci.obj (.text:_SCI_enableRx)
                  003f7b1c    00000003                   : sci.obj (.text:_SCI_enableRxInt)
                  003f7b1f    00000003                   : sci.obj (.text:_SCI_enableTx)
                  003f7b22    00000003                   : sci.obj (.text:_SCI_enableTxInt)
                  003f7b25    00000002                   : pwm.obj (.text:_PWM_setPeriod)
                  003f7b27    00000002     rts2800_ml.lib : pre_init.c.obj (.text)
                  003f7b29    00000001                    : startup.c.obj (.text)

.econst    0    003f7b2a    00000108     
                  003f7b2a    00000100     driverlib.lib : pie.obj (.econst:_PIE_tableDebugInit)
                  003f7c2a    00000004     DigitalFilters.obj (.econst)
                  003f7c2e    00000004     Rms.obj (.econst)

IQmath     0    003f7c32    0000009d     
                  003f7c32    00000047     IQmath.lib : IQ2div.obj (IQmath)
                  003f7c79    00000042                : IQ2sqrt.obj (IQmath)
                  003f7cbb    00000014                : IQ2toF.obj (IQmath)

.ebss      1    00000600    00000087     UNINITIALIZED
                  00000600    0000007c     Example_2802xAdcSoc.obj (.ebss)
                  0000067c    00000002     rts2800_ml.lib : _lock.c.obj (.ebss:__lock)
                  0000067e    00000002                    : _lock.c.obj (.ebss:__unlock)
                  00000680    00000006                    : exit.c.obj (.ebss)
                  00000686    00000001     driverlib.lib : cpu.obj (.ebss)

MODULE SUMMARY

       Module                        code   initialized data   uninitialized data
       ------                        ----   ----------------   ------------------
    ./
       Initialization.obj            457    0                  0                 
       Example_2802xAdcSoc.obj       200    20                 124               
       DigitalFilters.obj            246    4                  0                 
       Communication.obj             133    0                  0                 
       Rms.obj                       66     4                  0                 
    +--+-----------------------------+------+------------------+--------------------+
       Total:                        1102   28                 124               
                                                                                 
    /home/markos/ti/C2000Ware_1_00_03_00_Software/device_support/f2802x/common/ccs/Debug/driverlib.lib
       pie.obj                       90     256                0                 
       f2802xx_defaultisr.obj        255    0                  0                 
       adc.obj                       252    0                  0                 
       gpio.obj                      241    0                  0                 
       sci.obj                       109    0                  0                 
       pll.obj                       48     0                  0                 
       clk.obj                       47     0                  0                 
       pwm.obj                       36     0                  0                 
       cpu.obj                       20     0                  1                 
       f2802xx_asmfuncs.obj          18     0                  0                 
       wdog.obj                      16     0                  0                 
       f2802xx_codestartbranch.obj   10     0                  0                 
       flash.obj                     8      0                  0                 
    +--+-----------------------------+------+------------------+--------------------+
       Total:                        1150   256                1                 
                                                                                 
    /home/markos/ti/C2000Ware_1_00_03_00_Software/libraries/math/IQmath/c28/lib/IQmath.lib
       IQmathTables.obj              0      2896               0                 
       IQ2div.obj                    0      71                 0                 
       IQ2sqrt.obj                   0      66                 0                 
       IQ2toF.obj                    0      20                 0                 
    +--+-----------------------------+------+------------------+--------------------+
       Total:                        0      3053               0                 
                                                                                 
    /opt/ti/ccsv8/tools/compiler/ti-cgt-c2000_18.1.1.LTS/lib/rts2800_ml.lib
       fd_mpy28.asm.obj              131    0                  0                 
       fs_mpy28.asm.obj              90     0                  0                 
       boot28.asm.obj                84     0                  0                 
       exit.c.obj                    41     14                 6                 
       fs_toi28.asm.obj              37     0                  0                 
       cpy_tbl.c.obj                 36     0                  0                 
       fd_tol28.asm.obj              31     0                  0                 
       memcpy.c.obj                  29     0                  0                 
       fs_tofd28.asm.obj             28     0                  0                 
       i_tofs28.asm.obj              26     0                  0                 
       l_tofs28.asm.obj              26     0                  0                 
       args_main.c.obj               25     0                  0                 
       _lock.c.obj                   9      10                 4                 
       u_tofs28.asm.obj              16     0                  0                 
       pre_init.c.obj                2      0                  0                 
       startup.c.obj                 1      0                  0                 
    +--+-----------------------------+------+------------------+--------------------+
       Total:                        612    24                 10                
                                                                                 
       Stack:                        0      0                  512               
    +--+-----------------------------+------+------------------+--------------------+
       Grand Total:                  2864   3361               647               


GLOBAL DATA SYMBOLS: SORTED BY DATA PAGE

address     data page           name
--------    ----------------    ----
00000400      10 (00000400)     __stack

00000600      18 (00000600)     _cur1_filt
00000601      18 (00000600)     _pow_send
00000602      18 (00000600)     _RmsState
00000603      18 (00000600)     _volt1_filt
00000604      18 (00000600)     _cur2_filt
00000605      18 (00000600)     _volt2_filt
00000606      18 (00000600)     _rms_pos
00000607      18 (00000600)     _is_time_to_send
00000608      18 (00000600)     _is_time_to_rms
00000609      18 (00000600)     _rms_send
0000060a      18 (00000600)     _counter
0000060c      18 (00000600)     _myPll
0000060e      18 (00000600)     _myWDog
00000610      18 (00000600)     _myClk
00000612      18 (00000600)     _myFlash
00000614      18 (00000600)     _rms_value
00000616      18 (00000600)     _myAdc
00000618      18 (00000600)     _rms_buf_ptr
0000061a      18 (00000600)     _mySci
0000061c      18 (00000600)     _myCpu
0000061e      18 (00000600)     _myPie
00000620      18 (00000600)     _myPwm
00000622      18 (00000600)     _myGpio
00000624      18 (00000600)     _curr2

00000640      19 (00000640)     _volt1
00000654      19 (00000640)     _curr1
00000668      19 (00000640)     _volt2
0000067c      19 (00000640)     __lock
0000067e      19 (00000640)     __unlock

00000680      1a (00000680)     ___TI_enable_exit_profile_output
00000682      1a (00000680)     ___TI_cleanup_ptr
00000684      1a (00000680)     ___TI_dtors_ptr
00000686      1a (00000680)     _cpu

003f7b2a    fdec (003f7b00)     _PIE_tableDebugInit

003f7c32    fdf0 (003f7c00)     __IQ2div

003f7c79    fdf1 (003f7c40)     __IQ2sqrt

003f7cbb    fdf2 (003f7c80)     __IQ2toF

003fe000    ff80 (003fe000)     _IQsinTable

003fe100    ff84 (003fe100)     _IQcosTable

003fe400    ff90 (003fe400)     _IQsinTableEnd

003fe502    ff94 (003fe500)     _IQcosTableEnd
003fe502    ff94 (003fe500)     _IQdivRoundSatTable
003fe510    ff94 (003fe500)     _IQdivTable

003fe712    ff9c (003fe700)     _IQdivTableEnd
003fe712    ff9c (003fe700)     _IQisqrtRoundSatTable
003fe712    ff9c (003fe700)     _IQsqrtRoundSatTable
003fe722    ff9c (003fe700)     _IQisqrtTable
003fe722    ff9c (003fe700)     _IQsqrtTable

003fe824    ffa0 (003fe800)     _IQatan2HalfPITable
003fe824    ffa0 (003fe800)     _IQisqrtTableEnd
003fe824    ffa0 (003fe800)     _IQsqrtTableEnd

003fe862    ffa1 (003fe840)     _IQatan2Table

003fe9e8    ffa7 (003fe9c0)     _IQ30mpyRndSatTable
003fe9e8    ffa7 (003fe9c0)     _IQatan2TableEnd
003fe9e8    ffa7 (003fe9c0)     _IQmpyRndSatTable
003fe9f4    ffa7 (003fe9c0)     _IQ29mpyRndSatTable

003fea00    ffa8 (003fea00)     _IQ28mpyRndSatTable
003fea0c    ffa8 (003fea00)     _IQ27mpyRndSatTable
003fea18    ffa8 (003fea00)     _IQ26mpyRndSatTable
003fea24    ffa8 (003fea00)     _IQ25mpyRndSatTable
003fea30    ffa8 (003fea00)     _IQ24mpyRndSatTable
003fea3c    ffa8 (003fea00)     _IQ23mpyRndSatTable

003fea48    ffa9 (003fea40)     _IQ22mpyRndSatTable
003fea54    ffa9 (003fea40)     _IQ21mpyRndSatTable
003fea60    ffa9 (003fea40)     _IQ20mpyRndSatTable
003fea6c    ffa9 (003fea40)     _IQ19mpyRndSatTable
003fea78    ffa9 (003fea40)     _IQ18mpyRndSatTable

003fea84    ffaa (003fea80)     _IQ17mpyRndSatTable
003fea90    ffaa (003fea80)     _IQ16mpyRndSatTable
003fea9c    ffaa (003fea80)     _IQ15mpyRndSatTable
003feaa8    ffaa (003fea80)     _IQ14mpyRndSatTable
003feab4    ffaa (003fea80)     _IQ13mpyRndSatTable

003feac0    ffab (003feac0)     _IQ12mpyRndSatTable
003feacc    ffab (003feac0)     _IQ11mpyRndSatTable
003fead8    ffab (003feac0)     _IQ10mpyRndSatTable
003feae4    ffab (003feac0)     _IQ9mpyRndSatTable
003feaf0    ffab (003feac0)     _IQ8mpyRndSatTable
003feafc    ffab (003feac0)     _IQ7mpyRndSatTable

003feb08    ffac (003feb00)     _IQ6mpyRndSatTable
003feb14    ffac (003feb00)     _IQ5mpyRndSatTable
003feb20    ffac (003feb00)     _IQ4mpyRndSatTable
003feb2c    ffac (003feb00)     _IQ3mpyRndSatTable
003feb38    ffac (003feb00)     _IQ2mpyRndSatTable

003feb44    ffad (003feb40)     _IQ1mpyRndSatTable
003feb50    ffad (003feb40)     _IQmpyRndSatTableEnd


GLOBAL SYMBOLS: SORTED ALPHABETICALLY BY Name 

page  address   name                            
----  -------   ----                            
abs   ffffffff  .text                           
0     003f761d  C$$EXIT                         
0     003f7348  FD$$MPY                         
0     003f76fa  FD$$TOL                         
0     003f7441  FS$$MPY                         
0     003f7736  FS$$TOFD                        
0     003f766d  FS$$TOI                         
0     003f7752  I$$TOFS                         
0     003f776c  L$$TOFS                         
0     003f7898  U$$TOFS                         
0     003f79cf  _ADCINT1_ISR                    
0     003f79d4  _ADCINT2_ISR                    
0     003f79d9  _ADCINT3_ISR                    
0     003f79de  _ADCINT4_ISR                    
0     003f79e3  _ADCINT5_ISR                    
0     003f79e8  _ADCINT6_ISR                    
0     003f79ed  _ADCINT7_ISR                    
0     003f79f2  _ADCINT8_ISR                    
0     003f79f7  _ADCINT9_ISR                    
0     003f78b7  _ADC_enable                     
0     003f78c1  _ADC_enableBandGap              
0     003f779f  _ADC_enableInt                  
0     003f78cb  _ADC_enableRefBuffers           
0     003f78d5  _ADC_init                       
0     003f78df  _ADC_powerUp                    
0     003f76b6  _ADC_setIntMode                 
0     003f7854  _ADC_setIntPulseGenMode         
0     003f76d8  _ADC_setIntSrc                  
0     003f77b6  _ADC_setSampleMode              
0     003f781e  _ADC_setSocChanNumber           
0     003f7830  _ADC_setSocSampleWindow         
0     003f7842  _ADC_setSocTrigSrc              
0     003f7865  _ADC_setVoltRefSrc              
0     003f7999  _CLK_enableAdcClock             
0     003f791b  _CLK_enablePwmClock             
0     003f7924  _CLK_enableSciaClock            
0     003f79a0  _CLK_enableTbClockSync          
0     003f7951  _CLK_init                       
0     003f79a7  _CLK_setOscSrc                  
0     003f7afb  _CPU_clearIntFlags              
0     003f7afe  _CPU_disableGlobalInts          
0     003f7b01  _CPU_enableDebugInt             
0     003f7b04  _CPU_enableGlobalInts           
0     003f7ad3  _CPU_enableInt                  
0     003f7ad7  _CPU_init                       
0     003f79fc  _DATALOG_ISR                    
0     003f7914  _DSP28x_DisableInt              
0     003f7918  _DSP28x_RestoreInt              
0     00000050  _DSP28x_usDelay                 
0     003f7a01  _ECAP1_INT_ISR                  
0     003f7a06  _EMPTY_ISR                      
0     003f7a0b  _EMUINT_ISR                     
0     003f7a10  _EPWM1_INT_ISR                  
0     003f7a15  _EPWM1_TZINT_ISR                
0     003f7a1a  _EPWM2_INT_ISR                  
0     003f7a1f  _EPWM2_TZINT_ISR                
0     003f7a24  _EPWM3_INT_ISR                  
0     003f7a29  _EPWM3_TZINT_ISR                
0     003f7a2e  _EPWM4_INT_ISR                  
0     003f7a33  _EPWM4_TZINT_ISR                
0     003f7959  _FLASH_init                     
0     003f7961  _GPIO_init                      
0     003f75cb  _GPIO_setDirection              
0     003f77e2  _GPIO_setHigh                   
0     003f77f6  _GPIO_setLow                    
0     003f7541  _GPIO_setMode                   
0     003f75f4  _GPIO_setPullUp                 
0     003f7646  _GPIO_setQualification          
0     003f7a38  _I2CINT1A_ISR                   
0     003f7a3d  _I2CINT2A_ISR                   
0     003f7a42  _ILLEGAL_ISR                    
0     003f7a47  _INT13_ISR                      
0     003f7a4c  _INT14_ISR                      
0     003fead8  _IQ10mpyRndSatTable             
0     003feacc  _IQ11mpyRndSatTable             
0     003feac0  _IQ12mpyRndSatTable             
0     003feab4  _IQ13mpyRndSatTable             
0     003feaa8  _IQ14mpyRndSatTable             
0     003fea9c  _IQ15mpyRndSatTable             
0     003fea90  _IQ16mpyRndSatTable             
0     003fea84  _IQ17mpyRndSatTable             
0     003fea78  _IQ18mpyRndSatTable             
0     003fea6c  _IQ19mpyRndSatTable             
0     003feb44  _IQ1mpyRndSatTable              
0     003fea60  _IQ20mpyRndSatTable             
0     003fea54  _IQ21mpyRndSatTable             
0     003fea48  _IQ22mpyRndSatTable             
0     003fea3c  _IQ23mpyRndSatTable             
0     003fea30  _IQ24mpyRndSatTable             
0     003fea24  _IQ25mpyRndSatTable             
0     003fea18  _IQ26mpyRndSatTable             
0     003fea0c  _IQ27mpyRndSatTable             
0     003fea00  _IQ28mpyRndSatTable             
0     003fe9f4  _IQ29mpyRndSatTable             
0     003feb38  _IQ2mpyRndSatTable              
0     003fe9e8  _IQ30mpyRndSatTable             
0     003feb2c  _IQ3mpyRndSatTable              
0     003feb20  _IQ4mpyRndSatTable              
0     003feb14  _IQ5mpyRndSatTable              
0     003feb08  _IQ6mpyRndSatTable              
0     003feafc  _IQ7mpyRndSatTable              
0     003feaf0  _IQ8mpyRndSatTable              
0     003feae4  _IQ9mpyRndSatTable              
0     003fe824  _IQatan2HalfPITable             
0     003fe862  _IQatan2Table                   
0     003fe9e8  _IQatan2TableEnd                
0     003fe100  _IQcosTable                     
0     003fe502  _IQcosTableEnd                  
0     003fe502  _IQdivRoundSatTable             
0     003fe510  _IQdivTable                     
0     003fe712  _IQdivTableEnd                  
0     003fe712  _IQisqrtRoundSatTable           
0     003fe722  _IQisqrtTable                   
0     003fe824  _IQisqrtTableEnd                
0     003fe9e8  _IQmpyRndSatTable               
0     003feb50  _IQmpyRndSatTableEnd            
0     003fe000  _IQsinTable                     
0     003fe400  _IQsinTableEnd                  
0     003fe712  _IQsqrtRoundSatTable            
0     003fe722  _IQsqrtTable                    
0     003fe824  _IQsqrtTableEnd                 
0     003f7a51  _NMI_ISR                        
0     003f7a56  _PIE_RESERVED                   
0     003f7b07  _PIE_disable                    
0     003f7876  _PIE_disableAllInts             
0     003f7b0a  _PIE_enable                     
0     003f780a  _PIE_enableAdcInt               
0     003f7a5b  _PIE_illegalIsr                 
0     003f78e9  _PIE_init                       
0     003f78a8  _PIE_registerPieIntHandler      
0     003f7887  _PIE_setDebugIntVectorTable     
0     003f7b2a  _PIE_tableDebugInit             
0     003f7b0d  _PLL_getClkStatus               
0     003f7b10  _PLL_getLockStatus              
0     003f7969  _PLL_init                       
0     003f79ae  _PLL_setDivider                 
0     003f79c3  _PLL_setMultiplier              
0     003f77cd  _PLL_setup                      
0     003f7adb  _PWM_enableSocAPulse            
0     003f7971  _PWM_init                       
0     003f7adf  _PWM_setCounterMode             
0     003f7b25  _PWM_setPeriod                  
0     003f792d  _PWM_setSocAPeriod              
0     003f7936  _PWM_setSocAPulseSrc            
0     003f7a60  _RTOSINT_ISR                    
abs   00000004  _RamfuncsLoadSize               
0     003f7000  _RamfuncsLoadStart              
0     00000050  _RamfuncsRunStart               
1     00000602  _RmsState                       
0     003f7a65  _SCIRXINTA_ISR                  
0     003f7a6a  _SCITXINTA_ISR                  
0     003f7ae3  _SCI_clearRxFifoInt             
0     003f7ae7  _SCI_clearTxFifoInt             
0     003f7b13  _SCI_disableParity              
0     003f7b16  _SCI_enable                     
0     003f7aeb  _SCI_enableFifoEnh              
0     003f7b19  _SCI_enableRx                   
0     003f7b1c  _SCI_enableRxInt                
0     003f7b1f  _SCI_enableTx                   
0     003f7b22  _SCI_enableTxInt                
0     003f7aef  _SCI_getTxFifoStatus            
0     003f7979  _SCI_init                       
0     003f793f  _SCI_putDataNonBlocking         
0     003f78f3  _SCI_resetChannels              
0     003f78fd  _SCI_resetRxFifo                
0     003f7907  _SCI_resetTxFifo                
0     003f79c9  _SCI_setBaudRate                
0     003f7af3  _SCI_setCharLength              
0     003f7af7  _SCI_setNumStopBits             
0     003f79b5  _SCI_setRxFifoIntLevel          
0     003f79bc  _SCI_setTxFifoIntLevel          
0     003f7a6f  _SPIRXINTA_ISR                  
0     003f7a74  _SPITXINTA_ISR                  
0     003f7a79  _TINT0_ISR                      
0     003f7a7e  _USER10_ISR                     
0     003f7a83  _USER11_ISR                     
0     003f7a88  _USER12_ISR                     
0     003f7a8d  _USER1_ISR                      
0     003f7a92  _USER2_ISR                      
0     003f7a97  _USER3_ISR                      
0     003f7a9c  _USER4_ISR                      
0     003f7aa1  _USER5_ISR                      
0     003f7aa6  _USER6_ISR                      
0     003f7aab  _USER7_ISR                      
0     003f7ab0  _USER8_ISR                      
0     003f7ab5  _USER9_ISR                      
0     003f7aba  _WAKEINT_ISR                    
0     003f7981  _WDOG_disable                   
0     003f7989  _WDOG_init                      
0     003f7abf  _XINT1_ISR                      
0     003f7ac4  _XINT2_ISR                      
0     003f7ac9  _XINT3_ISR                      
0     003f7c32  __IQ2div                        
0     003f7c79  __IQ2sqrt                       
0     003f7cbb  __IQ2toF                        
1     00000600  __STACK_END                     
abs   00000200  __STACK_SIZE                    
1     00000682  ___TI_cleanup_ptr               
1     00000684  ___TI_dtors_ptr                 
1     00000680  ___TI_enable_exit_profile_output
abs   ffffffff  ___TI_pprof_out_hndl            
abs   ffffffff  ___TI_prof_data_size            
abs   ffffffff  ___TI_prof_data_start           
abs   ffffffff  ___binit__                      
abs   ffffffff  ___c_args__                     
0     003f7ccf  ___cinit__                      
abs   ffffffff  ___etext__                      
abs   ffffffff  ___pinit__                      
abs   ffffffff  ___text__                       
0     003f7786  __args_main                     
1     0000067c  __lock                          
0     003f7950  __nop                           
0     003f794c  __register_lock                 
0     003f7948  __register_unlock               
1     00000400  __stack                         
0     003f7b29  __system_post_cinit             
0     003f7b27  __system_pre_init               
1     0000067e  __unlock                        
0     003f761d  _abort                          
0     003f73cb  _adc_isr                        
0     003f749b  _c_int00                        
0     003f7692  _copy_in                        
1     0000060a  _counter                        
1     00000686  _cpu                            
1     00000600  _cur1_filt                      
1     00000604  _cur2_filt                      
1     00000654  _curr1                          
1     00000624  _curr2                          
0     003f761f  _exit                           
0     003f7010  _initialize                     
1     00000608  _is_time_to_rms                 
1     00000607  _is_time_to_send                
0     003f74fa  _main                           
0     003f7719  _memcpy                         
0     003f7274  _mov_avg                        
1     00000616  _myAdc                          
1     00000610  _myClk                          
1     0000061c  _myCpu                          
1     00000612  _myFlash                        
1     00000622  _myGpio                         
1     0000061e  _myPie                          
1     0000060c  _myPll                          
1     00000620  _myPwm                          
1     0000061a  _mySci                          
1     0000060e  _myWDog                         
1     00000601  _pow_send                       
0     003f7589  _rms                            
1     00000618  _rms_buf_ptr                    
1     00000606  _rms_pos                        
1     00000609  _rms_send                       
1     00000614  _rms_value                      
0     003f7ace  _rsvd_ISR                       
0     003f72c3  _scia_echoback_init             
0     003f731d  _scia_fifo_init                 
0     003f730a  _scia_msg                       
0     003f72f9  _scia_xmit                      
0     003f7911  _setDBGIER                      
0     003f71cd  _stepNotch                      
1     00000640  _volt1                          
1     00000603  _volt1_filt                     
1     00000668  _volt2                          
1     00000605  _volt2_filt                     
abs   ffffffff  binit                           
0     003f7ccf  cinit                           
0     003f7ff6  code_start                      
abs   ffffffff  etext                           
abs   ffffffff  pinit                           


GLOBAL SYMBOLS: SORTED BY Symbol Address 

page  address   name                            
----  -------   ----                            
0     00000050  _DSP28x_usDelay                 
0     00000050  _RamfuncsRunStart               
0     003f7000  _RamfuncsLoadStart              
0     003f7010  _initialize                     
0     003f71cd  _stepNotch                      
0     003f7274  _mov_avg                        
0     003f72c3  _scia_echoback_init             
0     003f72f9  _scia_xmit                      
0     003f730a  _scia_msg                       
0     003f731d  _scia_fifo_init                 
0     003f7348  FD$$MPY                         
0     003f73cb  _adc_isr                        
0     003f7441  FS$$MPY                         
0     003f749b  _c_int00                        
0     003f74fa  _main                           
0     003f7541  _GPIO_setMode                   
0     003f7589  _rms                            
0     003f75cb  _GPIO_setDirection              
0     003f75f4  _GPIO_setPullUp                 
0     003f761d  C$$EXIT                         
0     003f761d  _abort                          
0     003f761f  _exit                           
0     003f7646  _GPIO_setQualification          
0     003f766d  FS$$TOI                         
0     003f7692  _copy_in                        
0     003f76b6  _ADC_setIntMode                 
0     003f76d8  _ADC_setIntSrc                  
0     003f76fa  FD$$TOL                         
0     003f7719  _memcpy                         
0     003f7736  FS$$TOFD                        
0     003f7752  I$$TOFS                         
0     003f776c  L$$TOFS                         
0     003f7786  __args_main                     
0     003f779f  _ADC_enableInt                  
0     003f77b6  _ADC_setSampleMode              
0     003f77cd  _PLL_setup                      
0     003f77e2  _GPIO_setHigh                   
0     003f77f6  _GPIO_setLow                    
0     003f780a  _PIE_enableAdcInt               
0     003f781e  _ADC_setSocChanNumber           
0     003f7830  _ADC_setSocSampleWindow         
0     003f7842  _ADC_setSocTrigSrc              
0     003f7854  _ADC_setIntPulseGenMode         
0     003f7865  _ADC_setVoltRefSrc              
0     003f7876  _PIE_disableAllInts             
0     003f7887  _PIE_setDebugIntVectorTable     
0     003f7898  U$$TOFS                         
0     003f78a8  _PIE_registerPieIntHandler      
0     003f78b7  _ADC_enable                     
0     003f78c1  _ADC_enableBandGap              
0     003f78cb  _ADC_enableRefBuffers           
0     003f78d5  _ADC_init                       
0     003f78df  _ADC_powerUp                    
0     003f78e9  _PIE_init                       
0     003f78f3  _SCI_resetChannels              
0     003f78fd  _SCI_resetRxFifo                
0     003f7907  _SCI_resetTxFifo                
0     003f7911  _setDBGIER                      
0     003f7914  _DSP28x_DisableInt              
0     003f7918  _DSP28x_RestoreInt              
0     003f791b  _CLK_enablePwmClock             
0     003f7924  _CLK_enableSciaClock            
0     003f792d  _PWM_setSocAPeriod              
0     003f7936  _PWM_setSocAPulseSrc            
0     003f793f  _SCI_putDataNonBlocking         
0     003f7948  __register_unlock               
0     003f794c  __register_lock                 
0     003f7950  __nop                           
0     003f7951  _CLK_init                       
0     003f7959  _FLASH_init                     
0     003f7961  _GPIO_init                      
0     003f7969  _PLL_init                       
0     003f7971  _PWM_init                       
0     003f7979  _SCI_init                       
0     003f7981  _WDOG_disable                   
0     003f7989  _WDOG_init                      
0     003f7999  _CLK_enableAdcClock             
0     003f79a0  _CLK_enableTbClockSync          
0     003f79a7  _CLK_setOscSrc                  
0     003f79ae  _PLL_setDivider                 
0     003f79b5  _SCI_setRxFifoIntLevel          
0     003f79bc  _SCI_setTxFifoIntLevel          
0     003f79c3  _PLL_setMultiplier              
0     003f79c9  _SCI_setBaudRate                
0     003f79cf  _ADCINT1_ISR                    
0     003f79d4  _ADCINT2_ISR                    
0     003f79d9  _ADCINT3_ISR                    
0     003f79de  _ADCINT4_ISR                    
0     003f79e3  _ADCINT5_ISR                    
0     003f79e8  _ADCINT6_ISR                    
0     003f79ed  _ADCINT7_ISR                    
0     003f79f2  _ADCINT8_ISR                    
0     003f79f7  _ADCINT9_ISR                    
0     003f79fc  _DATALOG_ISR                    
0     003f7a01  _ECAP1_INT_ISR                  
0     003f7a06  _EMPTY_ISR                      
0     003f7a0b  _EMUINT_ISR                     
0     003f7a10  _EPWM1_INT_ISR                  
0     003f7a15  _EPWM1_TZINT_ISR                
0     003f7a1a  _EPWM2_INT_ISR                  
0     003f7a1f  _EPWM2_TZINT_ISR                
0     003f7a24  _EPWM3_INT_ISR                  
0     003f7a29  _EPWM3_TZINT_ISR                
0     003f7a2e  _EPWM4_INT_ISR                  
0     003f7a33  _EPWM4_TZINT_ISR                
0     003f7a38  _I2CINT1A_ISR                   
0     003f7a3d  _I2CINT2A_ISR                   
0     003f7a42  _ILLEGAL_ISR                    
0     003f7a47  _INT13_ISR                      
0     003f7a4c  _INT14_ISR                      
0     003f7a51  _NMI_ISR                        
0     003f7a56  _PIE_RESERVED                   
0     003f7a5b  _PIE_illegalIsr                 
0     003f7a60  _RTOSINT_ISR                    
0     003f7a65  _SCIRXINTA_ISR                  
0     003f7a6a  _SCITXINTA_ISR                  
0     003f7a6f  _SPIRXINTA_ISR                  
0     003f7a74  _SPITXINTA_ISR                  
0     003f7a79  _TINT0_ISR                      
0     003f7a7e  _USER10_ISR                     
0     003f7a83  _USER11_ISR                     
0     003f7a88  _USER12_ISR                     
0     003f7a8d  _USER1_ISR                      
0     003f7a92  _USER2_ISR                      
0     003f7a97  _USER3_ISR                      
0     003f7a9c  _USER4_ISR                      
0     003f7aa1  _USER5_ISR                      
0     003f7aa6  _USER6_ISR                      
0     003f7aab  _USER7_ISR                      
0     003f7ab0  _USER8_ISR                      
0     003f7ab5  _USER9_ISR                      
0     003f7aba  _WAKEINT_ISR                    
0     003f7abf  _XINT1_ISR                      
0     003f7ac4  _XINT2_ISR                      
0     003f7ac9  _XINT3_ISR                      
0     003f7ace  _rsvd_ISR                       
0     003f7ad3  _CPU_enableInt                  
0     003f7ad7  _CPU_init                       
0     003f7adb  _PWM_enableSocAPulse            
0     003f7adf  _PWM_setCounterMode             
0     003f7ae3  _SCI_clearRxFifoInt             
0     003f7ae7  _SCI_clearTxFifoInt             
0     003f7aeb  _SCI_enableFifoEnh              
0     003f7aef  _SCI_getTxFifoStatus            
0     003f7af3  _SCI_setCharLength              
0     003f7af7  _SCI_setNumStopBits             
0     003f7afb  _CPU_clearIntFlags              
0     003f7afe  _CPU_disableGlobalInts          
0     003f7b01  _CPU_enableDebugInt             
0     003f7b04  _CPU_enableGlobalInts           
0     003f7b07  _PIE_disable                    
0     003f7b0a  _PIE_enable                     
0     003f7b0d  _PLL_getClkStatus               
0     003f7b10  _PLL_getLockStatus              
0     003f7b13  _SCI_disableParity              
0     003f7b16  _SCI_enable                     
0     003f7b19  _SCI_enableRx                   
0     003f7b1c  _SCI_enableRxInt                
0     003f7b1f  _SCI_enableTx                   
0     003f7b22  _SCI_enableTxInt                
0     003f7b25  _PWM_setPeriod                  
0     003f7b27  __system_pre_init               
0     003f7b29  __system_post_cinit             
0     003f7b2a  _PIE_tableDebugInit             
0     003f7c32  __IQ2div                        
0     003f7c79  __IQ2sqrt                       
0     003f7cbb  __IQ2toF                        
0     003f7ccf  ___cinit__                      
0     003f7ccf  cinit                           
0     003f7ff6  code_start                      
0     003fe000  _IQsinTable                     
0     003fe100  _IQcosTable                     
0     003fe400  _IQsinTableEnd                  
0     003fe502  _IQcosTableEnd                  
0     003fe502  _IQdivRoundSatTable             
0     003fe510  _IQdivTable                     
0     003fe712  _IQdivTableEnd                  
0     003fe712  _IQisqrtRoundSatTable           
0     003fe712  _IQsqrtRoundSatTable            
0     003fe722  _IQisqrtTable                   
0     003fe722  _IQsqrtTable                    
0     003fe824  _IQatan2HalfPITable             
0     003fe824  _IQisqrtTableEnd                
0     003fe824  _IQsqrtTableEnd                 
0     003fe862  _IQatan2Table                   
0     003fe9e8  _IQ30mpyRndSatTable             
0     003fe9e8  _IQatan2TableEnd                
0     003fe9e8  _IQmpyRndSatTable               
0     003fe9f4  _IQ29mpyRndSatTable             
0     003fea00  _IQ28mpyRndSatTable             
0     003fea0c  _IQ27mpyRndSatTable             
0     003fea18  _IQ26mpyRndSatTable             
0     003fea24  _IQ25mpyRndSatTable             
0     003fea30  _IQ24mpyRndSatTable             
0     003fea3c  _IQ23mpyRndSatTable             
0     003fea48  _IQ22mpyRndSatTable             
0     003fea54  _IQ21mpyRndSatTable             
0     003fea60  _IQ20mpyRndSatTable             
0     003fea6c  _IQ19mpyRndSatTable             
0     003fea78  _IQ18mpyRndSatTable             
0     003fea84  _IQ17mpyRndSatTable             
0     003fea90  _IQ16mpyRndSatTable             
0     003fea9c  _IQ15mpyRndSatTable             
0     003feaa8  _IQ14mpyRndSatTable             
0     003feab4  _IQ13mpyRndSatTable             
0     003feac0  _IQ12mpyRndSatTable             
0     003feacc  _IQ11mpyRndSatTable             
0     003fead8  _IQ10mpyRndSatTable             
0     003feae4  _IQ9mpyRndSatTable              
0     003feaf0  _IQ8mpyRndSatTable              
0     003feafc  _IQ7mpyRndSatTable              
0     003feb08  _IQ6mpyRndSatTable              
0     003feb14  _IQ5mpyRndSatTable              
0     003feb20  _IQ4mpyRndSatTable              
0     003feb2c  _IQ3mpyRndSatTable              
0     003feb38  _IQ2mpyRndSatTable              
0     003feb44  _IQ1mpyRndSatTable              
0     003feb50  _IQmpyRndSatTableEnd            
1     00000400  __stack                         
1     00000600  __STACK_END                     
1     00000600  _cur1_filt                      
1     00000601  _pow_send                       
1     00000602  _RmsState                       
1     00000603  _volt1_filt                     
1     00000604  _cur2_filt                      
1     00000605  _volt2_filt                     
1     00000606  _rms_pos                        
1     00000607  _is_time_to_send                
1     00000608  _is_time_to_rms                 
1     00000609  _rms_send                       
1     0000060a  _counter                        
1     0000060c  _myPll                          
1     0000060e  _myWDog                         
1     00000610  _myClk                          
1     00000612  _myFlash                        
1     00000614  _rms_value                      
1     00000616  _myAdc                          
1     00000618  _rms_buf_ptr                    
1     0000061a  _mySci                          
1     0000061c  _myCpu                          
1     0000061e  _myPie                          
1     00000620  _myPwm                          
1     00000622  _myGpio                         
1     00000624  _curr2                          
1     00000640  _volt1                          
1     00000654  _curr1                          
1     00000668  _volt2                          
1     0000067c  __lock                          
1     0000067e  __unlock                        
1     00000680  ___TI_enable_exit_profile_output
1     00000682  ___TI_cleanup_ptr               
1     00000684  ___TI_dtors_ptr                 
1     00000686  _cpu                            
abs   00000004  _RamfuncsLoadSize               
abs   00000200  __STACK_SIZE                    
abs   ffffffff  .text                           
abs   ffffffff  ___TI_pprof_out_hndl            
abs   ffffffff  ___TI_prof_data_size            
abs   ffffffff  ___TI_prof_data_start           
abs   ffffffff  ___binit__                      
abs   ffffffff  ___c_args__                     
abs   ffffffff  ___etext__                      
abs   ffffffff  ___pinit__                      
abs   ffffffff  ___text__                       
abs   ffffffff  binit                           
abs   ffffffff  etext                           
abs   ffffffff  pinit                           

[267 symbols]
