******************************************************************************
             TMS320C2000 Linker Unix v18.1.1                   
******************************************************************************
>> Linked Thu May 31 18:02:25 2018

OUTPUT FILE NAME:   <Example_F2802xAdcSoc.out>
ENTRY POINT SYMBOL: "code_start"  address: 003f7ff6


MEMORY CONFIGURATION

         name            origin    length      used     unused   attr    fill
----------------------  --------  ---------  --------  --------  ----  --------
PAGE 0:
  RAMM0                 00000050   000003b0  00000004  000003ac  RWIX
  OTP                   003d7800   00000400  00000000  00000400  RWIX
  FLASHB                003f6000   00001000  00000000  00001000  RWIX
  FLASHA                003f7000   00000f80  00000bba  000003c6  RWIX
  CSM_RSVD              003f7f80   00000076  00000000  00000076  RWIX
  BEGIN                 003f7ff6   00000002  00000002  00000000  RWIX
  CSM_PWL_P0            003f7ff8   00000008  00000000  00000008  RWIX
  IQTABLES              003fe000   00000b50  00000000  00000b50  RWIX
  IQTABLES2             003feb50   0000008c  00000000  0000008c  RWIX
  IQTABLES3             003febdc   000000aa  00000000  000000aa  RWIX
  ROM                   003ff27c   00000d44  00000000  00000d44  RWIX
  RESET                 003fffc0   00000002  00000000  00000002  RWIX
  VECTORS               003fffc2   0000003e  00000000  0000003e  RWIX

PAGE 1:
  BOOT_RSVD             00000000   00000050  00000000  00000050  RWIX
  RAMM1                 00000400   00000400  0000020c  000001f4  RWIX
  RAML0                 00008000   00000400  0000036c  00000094  RWIX


SECTION ALLOCATION MAP

 output                                  attributes/
section   page    origin      length       input sections
--------  ----  ----------  ----------   ----------------
ramfuncs   0    003f7000    00000004     RUN ADDR = 00000050
                  003f7000    00000004     driverlib.lib : f2802xx_asmfuncs.obj (ramfuncs)

.cinit     0    003f7b8c    0000002e     
                  003f7b8c    00000010     Example_2802xAdcSoc.obj (.cinit)
                  003f7b9c    0000000e     rts2800_ml.lib : exit.c.obj (.cinit)
                  003f7baa    00000005                    : _lock.c.obj (.cinit:__lock)
                  003f7baf    00000005                    : _lock.c.obj (.cinit:__unlock)
                  003f7bb4    00000004                    : errno.c.obj (.cinit)
                  003f7bb8    00000002     --HOLE-- [fill = 0]

codestart 
*          0    003f7ff6    00000002     
                  003f7ff6    00000002     driverlib.lib : f2802xx_codestartbranch.obj (codestart)

.pinit     0    003f7000    00000000     UNINITIALIZED

.stack     1    00000400    00000200     UNINITIALIZED
                  00000400    00000200     --HOLE--

.reset     0    003fffc0    00000002     DSECT
                  003fffc0    00000002     rts2800_ml.lib : boot28.asm.obj (.reset)

vectors    0    003fffc2    00000000     DSECT

.text      0    003f7004    00000a84     
                  003f7004    000001c9     Initialization.obj (.text)
                  003f71cd    00000085     Communication.obj (.text)
                  003f7252    00000083     rts2800_ml.lib : fs_div28.asm.obj (.text)
                  003f72d5    00000078                    : fs_add28.asm.obj (.text)
                  003f734d    00000077     Example_2802xAdcSoc.obj (.text:retain)
                  003f73c4    00000076     rts2800_ml.lib : e_sqrtf.c.obj (.text)
                  003f743a    0000005a                    : fs_mpy28.asm.obj (.text)
                  003f7494    00000054                    : boot28.asm.obj (.text)
                  003f74e8    00000048     driverlib.lib : gpio.obj (.text:_GPIO_setMode)
                  003f7530    00000033     Example_2802xAdcSoc.obj (.text)
                  003f7563    0000002b     Rms.obj (.text)
                  003f758e    00000029     driverlib.lib : gpio.obj (.text:_GPIO_setDirection)
                  003f75b7    00000029                   : gpio.obj (.text:_GPIO_setPullUp)
                  003f75e0    00000029     rts2800_ml.lib : exit.c.obj (.text)
                  003f7609    00000027     driverlib.lib : gpio.obj (.text:_GPIO_setQualification)
                  003f7630    00000025     rts2800_ml.lib : fs_toi28.asm.obj (.text)
                  003f7655    00000024                    : cpy_tbl.c.obj (.text)
                  003f7679    00000022     driverlib.lib : adc.obj (.text:_ADC_setIntMode)
                  003f769b    00000022                   : adc.obj (.text:_ADC_setIntSrc)
                  003f76bd    0000001d     rts2800_ml.lib : memcpy.c.obj (.text)
                  003f76da    0000001a                    : i_tofs28.asm.obj (.text)
                  003f76f4    00000019                    : args_main.c.obj (.text)
                  003f770d    00000017     driverlib.lib : adc.obj (.text:_ADC_enableInt)
                  003f7724    00000017                   : adc.obj (.text:_ADC_setSampleMode)
                  003f773b    00000015                   : pll.obj (.text:_PLL_setup)
                  003f7750    00000014                   : gpio.obj (.text:_GPIO_setHigh)
                  003f7764    00000014                   : gpio.obj (.text:_GPIO_setLow)
                  003f7778    00000014                   : pie.obj (.text:_PIE_enableAdcInt)
                  003f778c    00000012                   : adc.obj (.text:_ADC_setSocChanNumber)
                  003f779e    00000012                   : adc.obj (.text:_ADC_setSocSampleWindow)
                  003f77b0    00000012                   : adc.obj (.text:_ADC_setSocTrigSrc)
                  003f77c2    00000011                   : adc.obj (.text:_ADC_setIntPulseGenMode)
                  003f77d3    00000011                   : adc.obj (.text:_ADC_setVoltRefSrc)
                  003f77e4    00000011                   : pie.obj (.text:_PIE_disableAllInts)
                  003f77f5    00000011                   : pie.obj (.text:_PIE_setDebugIntVectorTable)
                  003f7806    0000000f                   : pie.obj (.text:_PIE_registerPieIntHandler)
                  003f7815    0000000a                   : adc.obj (.text:_ADC_enable)
                  003f781f    0000000a                   : adc.obj (.text:_ADC_enableBandGap)
                  003f7829    0000000a                   : adc.obj (.text:_ADC_enableRefBuffers)
                  003f7833    0000000a                   : adc.obj (.text:_ADC_init)
                  003f783d    0000000a                   : adc.obj (.text:_ADC_powerUp)
                  003f7847    0000000a                   : pie.obj (.text:_PIE_init)
                  003f7851    0000000a                   : sci.obj (.text:_SCI_resetChannels)
                  003f785b    0000000a                   : sci.obj (.text:_SCI_resetRxFifo)
                  003f7865    0000000a                   : sci.obj (.text:_SCI_resetTxFifo)
                  003f786f    0000000a                   : f2802xx_asmfuncs.obj (.text)
                  003f7879    00000009                   : clk.obj (.text:_CLK_enablePwmClock)
                  003f7882    00000009                   : clk.obj (.text:_CLK_enableSciaClock)
                  003f788b    00000009                   : pwm.obj (.text:_PWM_setSocAPeriod)
                  003f7894    00000009                   : pwm.obj (.text:_PWM_setSocAPulseSrc)
                  003f789d    00000009                   : sci.obj (.text:_SCI_putDataNonBlocking)
                  003f78a6    00000009     rts2800_ml.lib : _lock.c.obj (.text)
                  003f78af    00000008     driverlib.lib : clk.obj (.text:_CLK_init)
                  003f78b7    00000008                   : flash.obj (.text:_FLASH_init)
                  003f78bf    00000008                   : gpio.obj (.text:_GPIO_init)
                  003f78c7    00000008                   : pll.obj (.text:_PLL_init)
                  003f78cf    00000008                   : pwm.obj (.text:_PWM_init)
                  003f78d7    00000008                   : sci.obj (.text:_SCI_init)
                  003f78df    00000008                   : wdog.obj (.text:_WDOG_disable)
                  003f78e7    00000008                   : wdog.obj (.text:_WDOG_init)
                  003f78ef    00000008                   : f2802xx_codestartbranch.obj (.text)
                  003f78f7    00000007                   : clk.obj (.text:_CLK_enableAdcClock)
                  003f78fe    00000007                   : clk.obj (.text:_CLK_enableTbClockSync)
                  003f7905    00000007                   : clk.obj (.text:_CLK_setOscSrc)
                  003f790c    00000007                   : pll.obj (.text:_PLL_setDivider)
                  003f7913    00000007                   : sci.obj (.text:_SCI_setRxFifoIntLevel)
                  003f791a    00000007                   : sci.obj (.text:_SCI_setTxFifoIntLevel)
                  003f7921    00000006                   : pll.obj (.text:_PLL_setMultiplier)
                  003f7927    00000006                   : sci.obj (.text:_SCI_setBaudRate)
                  003f792d    00000005                   : f2802xx_defaultisr.obj (.text:_ADCINT1_ISR)
                  003f7932    00000005                   : f2802xx_defaultisr.obj (.text:_ADCINT2_ISR)
                  003f7937    00000005                   : f2802xx_defaultisr.obj (.text:_ADCINT3_ISR)
                  003f793c    00000005                   : f2802xx_defaultisr.obj (.text:_ADCINT4_ISR)
                  003f7941    00000005                   : f2802xx_defaultisr.obj (.text:_ADCINT5_ISR)
                  003f7946    00000005                   : f2802xx_defaultisr.obj (.text:_ADCINT6_ISR)
                  003f794b    00000005                   : f2802xx_defaultisr.obj (.text:_ADCINT7_ISR)
                  003f7950    00000005                   : f2802xx_defaultisr.obj (.text:_ADCINT8_ISR)
                  003f7955    00000005                   : f2802xx_defaultisr.obj (.text:_ADCINT9_ISR)
                  003f795a    00000005                   : f2802xx_defaultisr.obj (.text:_DATALOG_ISR)
                  003f795f    00000005                   : f2802xx_defaultisr.obj (.text:_ECAP1_INT_ISR)
                  003f7964    00000005                   : f2802xx_defaultisr.obj (.text:_EMPTY_ISR)
                  003f7969    00000005                   : f2802xx_defaultisr.obj (.text:_EMUINT_ISR)
                  003f796e    00000005                   : f2802xx_defaultisr.obj (.text:_EPWM1_INT_ISR)
                  003f7973    00000005                   : f2802xx_defaultisr.obj (.text:_EPWM1_TZINT_ISR)
                  003f7978    00000005                   : f2802xx_defaultisr.obj (.text:_EPWM2_INT_ISR)
                  003f797d    00000005                   : f2802xx_defaultisr.obj (.text:_EPWM2_TZINT_ISR)
                  003f7982    00000005                   : f2802xx_defaultisr.obj (.text:_EPWM3_INT_ISR)
                  003f7987    00000005                   : f2802xx_defaultisr.obj (.text:_EPWM3_TZINT_ISR)
                  003f798c    00000005                   : f2802xx_defaultisr.obj (.text:_EPWM4_INT_ISR)
                  003f7991    00000005                   : f2802xx_defaultisr.obj (.text:_EPWM4_TZINT_ISR)
                  003f7996    00000005                   : f2802xx_defaultisr.obj (.text:_I2CINT1A_ISR)
                  003f799b    00000005                   : f2802xx_defaultisr.obj (.text:_I2CINT2A_ISR)
                  003f79a0    00000005                   : f2802xx_defaultisr.obj (.text:_ILLEGAL_ISR)
                  003f79a5    00000005                   : f2802xx_defaultisr.obj (.text:_INT13_ISR)
                  003f79aa    00000005                   : f2802xx_defaultisr.obj (.text:_INT14_ISR)
                  003f79af    00000005                   : f2802xx_defaultisr.obj (.text:_NMI_ISR)
                  003f79b4    00000005                   : f2802xx_defaultisr.obj (.text:_PIE_RESERVED)
                  003f79b9    00000005                   : pie.obj (.text:_PIE_illegalIsr)
                  003f79be    00000005                   : f2802xx_defaultisr.obj (.text:_RTOSINT_ISR)
                  003f79c3    00000005                   : f2802xx_defaultisr.obj (.text:_SCIRXINTA_ISR)
                  003f79c8    00000005                   : f2802xx_defaultisr.obj (.text:_SCITXINTA_ISR)
                  003f79cd    00000005                   : f2802xx_defaultisr.obj (.text:_SPIRXINTA_ISR)
                  003f79d2    00000005                   : f2802xx_defaultisr.obj (.text:_SPITXINTA_ISR)
                  003f79d7    00000005                   : f2802xx_defaultisr.obj (.text:_TINT0_ISR)
                  003f79dc    00000005                   : f2802xx_defaultisr.obj (.text:_USER10_ISR)
                  003f79e1    00000005                   : f2802xx_defaultisr.obj (.text:_USER11_ISR)
                  003f79e6    00000005                   : f2802xx_defaultisr.obj (.text:_USER12_ISR)
                  003f79eb    00000005                   : f2802xx_defaultisr.obj (.text:_USER1_ISR)
                  003f79f0    00000005                   : f2802xx_defaultisr.obj (.text:_USER2_ISR)
                  003f79f5    00000005                   : f2802xx_defaultisr.obj (.text:_USER3_ISR)
                  003f79fa    00000005                   : f2802xx_defaultisr.obj (.text:_USER4_ISR)
                  003f79ff    00000005                   : f2802xx_defaultisr.obj (.text:_USER5_ISR)
                  003f7a04    00000005                   : f2802xx_defaultisr.obj (.text:_USER6_ISR)
                  003f7a09    00000005                   : f2802xx_defaultisr.obj (.text:_USER7_ISR)
                  003f7a0e    00000005                   : f2802xx_defaultisr.obj (.text:_USER8_ISR)
                  003f7a13    00000005                   : f2802xx_defaultisr.obj (.text:_USER9_ISR)
                  003f7a18    00000005                   : f2802xx_defaultisr.obj (.text:_WAKEINT_ISR)
                  003f7a1d    00000005                   : f2802xx_defaultisr.obj (.text:_XINT1_ISR)
                  003f7a22    00000005                   : f2802xx_defaultisr.obj (.text:_XINT2_ISR)
                  003f7a27    00000005                   : f2802xx_defaultisr.obj (.text:_XINT3_ISR)
                  003f7a2c    00000005                   : f2802xx_defaultisr.obj (.text:_rsvd_ISR)
                  003f7a31    00000004                   : cpu.obj (.text:_CPU_enableInt)
                  003f7a35    00000004                   : cpu.obj (.text:_CPU_init)
                  003f7a39    00000004                   : pwm.obj (.text:_PWM_enableSocAPulse)
                  003f7a3d    00000004                   : pwm.obj (.text:_PWM_setCounterMode)
                  003f7a41    00000004                   : sci.obj (.text:_SCI_clearRxFifoInt)
                  003f7a45    00000004                   : sci.obj (.text:_SCI_clearTxFifoInt)
                  003f7a49    00000004                   : sci.obj (.text:_SCI_enableFifoEnh)
                  003f7a4d    00000004                   : sci.obj (.text:_SCI_getTxFifoStatus)
                  003f7a51    00000004                   : sci.obj (.text:_SCI_setCharLength)
                  003f7a55    00000004                   : sci.obj (.text:_SCI_setNumStopBits)
                  003f7a59    00000003                   : cpu.obj (.text:_CPU_clearIntFlags)
                  003f7a5c    00000003                   : cpu.obj (.text:_CPU_disableGlobalInts)
                  003f7a5f    00000003                   : cpu.obj (.text:_CPU_enableDebugInt)
                  003f7a62    00000003                   : cpu.obj (.text:_CPU_enableGlobalInts)
                  003f7a65    00000003                   : pie.obj (.text:_PIE_disable)
                  003f7a68    00000003                   : pie.obj (.text:_PIE_enable)
                  003f7a6b    00000003                   : pll.obj (.text:_PLL_getClkStatus)
                  003f7a6e    00000003                   : pll.obj (.text:_PLL_getLockStatus)
                  003f7a71    00000003                   : sci.obj (.text:_SCI_disableParity)
                  003f7a74    00000003                   : sci.obj (.text:_SCI_enable)
                  003f7a77    00000003                   : sci.obj (.text:_SCI_enableRx)
                  003f7a7a    00000003                   : sci.obj (.text:_SCI_enableRxInt)
                  003f7a7d    00000003                   : sci.obj (.text:_SCI_enableTx)
                  003f7a80    00000003                   : sci.obj (.text:_SCI_enableTxInt)
                  003f7a83    00000002                   : pwm.obj (.text:_PWM_setPeriod)
                  003f7a85    00000002     rts2800_ml.lib : pre_init.c.obj (.text)
                  003f7a87    00000001                    : startup.c.obj (.text)

.econst    0    003f7a88    00000104     
                  003f7a88    00000100     driverlib.lib : pie.obj (.econst:_PIE_tableDebugInit)
                  003f7b88    00000004     rts2800_ml.lib : e_sqrtf.c.obj (.econst)

.ebss.1    1    00000600    0000000c     UNINITIALIZED
                  00000600    00000006     rts2800_ml.lib : exit.c.obj (.ebss)
                  00000606    00000002                    : _lock.c.obj (.ebss:__lock)
                  00000608    00000002                    : _lock.c.obj (.ebss:__unlock)
                  0000060a    00000001     driverlib.lib : cpu.obj (.ebss)
                  0000060b    00000001     rts2800_ml.lib : errno.c.obj (.ebss)

.ebss.2    1    00008000    0000036c     UNINITIALIZED
                  00008000    0000036c     Example_2802xAdcSoc.obj (.ebss)

MODULE SUMMARY

       Module                        code   initialized data   uninitialized data
       ------                        ----   ----------------   ------------------
    ./
       Example_2802xAdcSoc.obj       170    16                 876               
       Initialization.obj            457    0                  0                 
       Communication.obj             133    0                  0                 
       Rms.obj                       43     0                  0                 
    +--+-----------------------------+------+------------------+--------------------+
       Total:                        803    16                 876               
                                                                                 
    /home/markos/ti/C2000Ware_1_00_03_00_Software/device_support/f2802x/common/ccs/Debug/driverlib.lib
       pie.obj                       90     256                0                 
       f2802xx_defaultisr.obj        255    0                  0                 
       adc.obj                       252    0                  0                 
       gpio.obj                      241    0                  0                 
       sci.obj                       109    0                  0                 
       pll.obj                       48     0                  0                 
       clk.obj                       47     0                  0                 
       pwm.obj                       36     0                  0                 
       cpu.obj                       20     0                  1                 
       f2802xx_asmfuncs.obj          18     0                  0                 
       wdog.obj                      16     0                  0                 
       f2802xx_codestartbranch.obj   10     0                  0                 
       flash.obj                     8      0                  0                 
    +--+-----------------------------+------+------------------+--------------------+
       Total:                        1150   256                1                 
                                                                                 
    /opt/ti/ccsv8/tools/compiler/ti-cgt-c2000_18.1.1.LTS/lib/rts2800_ml.lib
       fs_div28.asm.obj              131    0                  0                 
       e_sqrtf.c.obj                 118    4                  0                 
       fs_add28.asm.obj              120    0                  0                 
       fs_mpy28.asm.obj              90     0                  0                 
       boot28.asm.obj                84     0                  0                 
       exit.c.obj                    41     14                 6                 
       fs_toi28.asm.obj              37     0                  0                 
       cpy_tbl.c.obj                 36     0                  0                 
       memcpy.c.obj                  29     0                  0                 
       i_tofs28.asm.obj              26     0                  0                 
       args_main.c.obj               25     0                  0                 
       _lock.c.obj                   9      10                 4                 
       errno.c.obj                   0      4                  1                 
       pre_init.c.obj                2      0                  0                 
       startup.c.obj                 1      0                  0                 
    +--+-----------------------------+------+------------------+--------------------+
       Total:                        749    32                 11                
                                                                                 
       Stack:                        0      0                  512               
    +--+-----------------------------+------+------------------+--------------------+
       Grand Total:                  2702   304                1400              


GLOBAL DATA SYMBOLS: SORTED BY DATA PAGE

address     data page           name
--------    ----------------    ----
00000400      10 (00000400)     __stack

00000600      18 (00000600)     ___TI_enable_exit_profile_output
00000602      18 (00000600)     ___TI_cleanup_ptr
00000604      18 (00000600)     ___TI_dtors_ptr
00000606      18 (00000600)     __lock
00000608      18 (00000600)     __unlock
0000060a      18 (00000600)     _cpu
0000060b      18 (00000600)     _errno

00008000     200 (00008000)     _is_time_to_rms
00008001     200 (00008000)     _rms_plot
00008002     200 (00008000)     _is_time_to_send
00008003     200 (00008000)     _counter
00008004     200 (00008000)     _packet
00008005     200 (00008000)     _rms_pos
00008006     200 (00008000)     _myCpu
00008008     200 (00008000)     _myPwm
0000800a     200 (00008000)     _mySci
0000800c     200 (00008000)     _myWDog
0000800e     200 (00008000)     _myPie
00008010     200 (00008000)     _myAdc
00008012     200 (00008000)     _myClk
00008014     200 (00008000)     _rms_buf_ptr
00008016     200 (00008000)     _myGpio
00008018     200 (00008000)     _myPll
0000801a     200 (00008000)     _rms_value
0000801c     200 (00008000)     _myFlash

00008040     201 (00008040)     _curr2

000080c0     203 (000080c0)     _curr1

00008140     205 (00008140)     _volt2

000081c0     207 (000081c0)     _volt1

00008240     209 (00008240)     _rms_array

003f7a88    fdea (003f7a80)     _PIE_tableDebugInit


GLOBAL SYMBOLS: SORTED ALPHABETICALLY BY Name 

page  address   name                            
----  -------   ----                            
abs   ffffffff  .text                           
0     003f75e0  C$$EXIT                         
0     003f72da  FS$$ADD                         
0     003f7252  FS$$DIV                         
0     003f743a  FS$$MPY                         
0     003f72d5  FS$$SUB                         
0     003f7630  FS$$TOI                         
0     003f76da  I$$TOFS                         
0     003f792d  _ADCINT1_ISR                    
0     003f7932  _ADCINT2_ISR                    
0     003f7937  _ADCINT3_ISR                    
0     003f793c  _ADCINT4_ISR                    
0     003f7941  _ADCINT5_ISR                    
0     003f7946  _ADCINT6_ISR                    
0     003f794b  _ADCINT7_ISR                    
0     003f7950  _ADCINT8_ISR                    
0     003f7955  _ADCINT9_ISR                    
0     003f7815  _ADC_enable                     
0     003f781f  _ADC_enableBandGap              
0     003f770d  _ADC_enableInt                  
0     003f7829  _ADC_enableRefBuffers           
0     003f7833  _ADC_init                       
0     003f783d  _ADC_powerUp                    
0     003f7679  _ADC_setIntMode                 
0     003f77c2  _ADC_setIntPulseGenMode         
0     003f769b  _ADC_setIntSrc                  
0     003f7724  _ADC_setSampleMode              
0     003f778c  _ADC_setSocChanNumber           
0     003f779e  _ADC_setSocSampleWindow         
0     003f77b0  _ADC_setSocTrigSrc              
0     003f77d3  _ADC_setVoltRefSrc              
0     003f78f7  _CLK_enableAdcClock             
0     003f7879  _CLK_enablePwmClock             
0     003f7882  _CLK_enableSciaClock            
0     003f78fe  _CLK_enableTbClockSync          
0     003f78af  _CLK_init                       
0     003f7905  _CLK_setOscSrc                  
0     003f7a59  _CPU_clearIntFlags              
0     003f7a5c  _CPU_disableGlobalInts          
0     003f7a5f  _CPU_enableDebugInt             
0     003f7a62  _CPU_enableGlobalInts           
0     003f7a31  _CPU_enableInt                  
0     003f7a35  _CPU_init                       
0     003f795a  _DATALOG_ISR                    
0     003f7872  _DSP28x_DisableInt              
0     003f7876  _DSP28x_RestoreInt              
0     00000050  _DSP28x_usDelay                 
0     003f795f  _ECAP1_INT_ISR                  
0     003f7964  _EMPTY_ISR                      
0     003f7969  _EMUINT_ISR                     
0     003f796e  _EPWM1_INT_ISR                  
0     003f7973  _EPWM1_TZINT_ISR                
0     003f7978  _EPWM2_INT_ISR                  
0     003f797d  _EPWM2_TZINT_ISR                
0     003f7982  _EPWM3_INT_ISR                  
0     003f7987  _EPWM3_TZINT_ISR                
0     003f798c  _EPWM4_INT_ISR                  
0     003f7991  _EPWM4_TZINT_ISR                
0     003f78b7  _FLASH_init                     
0     003f78bf  _GPIO_init                      
0     003f758e  _GPIO_setDirection              
0     003f7750  _GPIO_setHigh                   
0     003f7764  _GPIO_setLow                    
0     003f74e8  _GPIO_setMode                   
0     003f75b7  _GPIO_setPullUp                 
0     003f7609  _GPIO_setQualification          
0     003f7996  _I2CINT1A_ISR                   
0     003f799b  _I2CINT2A_ISR                   
0     003f79a0  _ILLEGAL_ISR                    
0     003f79a5  _INT13_ISR                      
0     003f79aa  _INT14_ISR                      
0     003f79af  _NMI_ISR                        
0     003f79b4  _PIE_RESERVED                   
0     003f7a65  _PIE_disable                    
0     003f77e4  _PIE_disableAllInts             
0     003f7a68  _PIE_enable                     
0     003f7778  _PIE_enableAdcInt               
0     003f79b9  _PIE_illegalIsr                 
0     003f7847  _PIE_init                       
0     003f7806  _PIE_registerPieIntHandler      
0     003f77f5  _PIE_setDebugIntVectorTable     
0     003f7a88  _PIE_tableDebugInit             
0     003f7a6b  _PLL_getClkStatus               
0     003f7a6e  _PLL_getLockStatus              
0     003f78c7  _PLL_init                       
0     003f790c  _PLL_setDivider                 
0     003f7921  _PLL_setMultiplier              
0     003f773b  _PLL_setup                      
0     003f7a39  _PWM_enableSocAPulse            
0     003f78cf  _PWM_init                       
0     003f7a3d  _PWM_setCounterMode             
0     003f7a83  _PWM_setPeriod                  
0     003f788b  _PWM_setSocAPeriod              
0     003f7894  _PWM_setSocAPulseSrc            
0     003f79be  _RTOSINT_ISR                    
abs   00000004  _RamfuncsLoadSize               
0     003f7000  _RamfuncsLoadStart              
0     00000050  _RamfuncsRunStart               
0     003f79c3  _SCIRXINTA_ISR                  
0     003f79c8  _SCITXINTA_ISR                  
0     003f7a41  _SCI_clearRxFifoInt             
0     003f7a45  _SCI_clearTxFifoInt             
0     003f7a71  _SCI_disableParity              
0     003f7a74  _SCI_enable                     
0     003f7a49  _SCI_enableFifoEnh              
0     003f7a77  _SCI_enableRx                   
0     003f7a7a  _SCI_enableRxInt                
0     003f7a7d  _SCI_enableTx                   
0     003f7a80  _SCI_enableTxInt                
0     003f7a4d  _SCI_getTxFifoStatus            
0     003f78d7  _SCI_init                       
0     003f789d  _SCI_putDataNonBlocking         
0     003f7851  _SCI_resetChannels              
0     003f785b  _SCI_resetRxFifo                
0     003f7865  _SCI_resetTxFifo                
0     003f7927  _SCI_setBaudRate                
0     003f7a51  _SCI_setCharLength              
0     003f7a55  _SCI_setNumStopBits             
0     003f7913  _SCI_setRxFifoIntLevel          
0     003f791a  _SCI_setTxFifoIntLevel          
0     003f79cd  _SPIRXINTA_ISR                  
0     003f79d2  _SPITXINTA_ISR                  
0     003f79d7  _TINT0_ISR                      
0     003f79dc  _USER10_ISR                     
0     003f79e1  _USER11_ISR                     
0     003f79e6  _USER12_ISR                     
0     003f79eb  _USER1_ISR                      
0     003f79f0  _USER2_ISR                      
0     003f79f5  _USER3_ISR                      
0     003f79fa  _USER4_ISR                      
0     003f79ff  _USER5_ISR                      
0     003f7a04  _USER6_ISR                      
0     003f7a09  _USER7_ISR                      
0     003f7a0e  _USER8_ISR                      
0     003f7a13  _USER9_ISR                      
0     003f7a18  _WAKEINT_ISR                    
0     003f78df  _WDOG_disable                   
0     003f78e7  _WDOG_init                      
0     003f7a1d  _XINT1_ISR                      
0     003f7a22  _XINT2_ISR                      
0     003f7a27  _XINT3_ISR                      
1     00000600  __STACK_END                     
abs   00000200  __STACK_SIZE                    
1     00000602  ___TI_cleanup_ptr               
1     00000604  ___TI_dtors_ptr                 
1     00000600  ___TI_enable_exit_profile_output
abs   ffffffff  ___TI_pprof_out_hndl            
abs   ffffffff  ___TI_prof_data_size            
abs   ffffffff  ___TI_prof_data_start           
abs   ffffffff  ___binit__                      
abs   ffffffff  ___c_args__                     
0     003f7b8c  ___cinit__                      
abs   ffffffff  ___etext__                      
abs   ffffffff  ___pinit__                      
abs   ffffffff  ___text__                       
0     003f76f4  __args_main                     
1     00000606  __lock                          
0     003f78ae  __nop                           
0     003f78aa  __register_lock                 
0     003f78a6  __register_unlock               
1     00000400  __stack                         
0     003f7a87  __system_post_cinit             
0     003f7a85  __system_pre_init               
1     00000608  __unlock                        
0     003f75e0  _abort                          
0     003f734d  _adc_isr                        
0     003f7494  _c_int00                        
0     003f7655  _copy_in                        
1     00008003  _counter                        
1     0000060a  _cpu                            
1     000080c0  _curr1                          
1     00008040  _curr2                          
1     0000060b  _errno                          
0     003f75e2  _exit                           
0     003f7010  _initialize                     
1     00008000  _is_time_to_rms                 
1     00008002  _is_time_to_send                
0     003f753b  _main                           
0     003f76bd  _memcpy                         
1     00008010  _myAdc                          
1     00008012  _myClk                          
1     00008006  _myCpu                          
1     0000801c  _myFlash                        
1     00008016  _myGpio                         
1     0000800e  _myPie                          
1     00008018  _myPll                          
1     00008008  _myPwm                          
1     0000800a  _mySci                          
1     0000800c  _myWDog                         
1     00008004  _packet                         
0     003f7563  _rms                            
1     00008240  _rms_array                      
1     00008014  _rms_buf_ptr                    
1     00008001  _rms_plot                       
1     00008005  _rms_pos                        
1     0000801a  _rms_value                      
0     003f7a2c  _rsvd_ISR                       
0     003f71cd  _scia_echoback_init             
0     003f7227  _scia_fifo_init                 
0     003f7214  _scia_msg                       
0     003f7203  _scia_xmit                      
0     003f786f  _setDBGIER                      
0     003f73c4  _sqrt                           
0     003f73c4  _sqrtf                          
1     000081c0  _volt1                          
1     00008140  _volt2                          
abs   ffffffff  binit                           
0     003f7b8c  cinit                           
0     003f7ff6  code_start                      
abs   ffffffff  etext                           
abs   ffffffff  pinit                           


GLOBAL SYMBOLS: SORTED BY Symbol Address 

page  address   name                            
----  -------   ----                            
0     00000050  _DSP28x_usDelay                 
0     00000050  _RamfuncsRunStart               
0     003f7000  _RamfuncsLoadStart              
0     003f7010  _initialize                     
0     003f71cd  _scia_echoback_init             
0     003f7203  _scia_xmit                      
0     003f7214  _scia_msg                       
0     003f7227  _scia_fifo_init                 
0     003f7252  FS$$DIV                         
0     003f72d5  FS$$SUB                         
0     003f72da  FS$$ADD                         
0     003f734d  _adc_isr                        
0     003f73c4  _sqrt                           
0     003f73c4  _sqrtf                          
0     003f743a  FS$$MPY                         
0     003f7494  _c_int00                        
0     003f74e8  _GPIO_setMode                   
0     003f753b  _main                           
0     003f7563  _rms                            
0     003f758e  _GPIO_setDirection              
0     003f75b7  _GPIO_setPullUp                 
0     003f75e0  C$$EXIT                         
0     003f75e0  _abort                          
0     003f75e2  _exit                           
0     003f7609  _GPIO_setQualification          
0     003f7630  FS$$TOI                         
0     003f7655  _copy_in                        
0     003f7679  _ADC_setIntMode                 
0     003f769b  _ADC_setIntSrc                  
0     003f76bd  _memcpy                         
0     003f76da  I$$TOFS                         
0     003f76f4  __args_main                     
0     003f770d  _ADC_enableInt                  
0     003f7724  _ADC_setSampleMode              
0     003f773b  _PLL_setup                      
0     003f7750  _GPIO_setHigh                   
0     003f7764  _GPIO_setLow                    
0     003f7778  _PIE_enableAdcInt               
0     003f778c  _ADC_setSocChanNumber           
0     003f779e  _ADC_setSocSampleWindow         
0     003f77b0  _ADC_setSocTrigSrc              
0     003f77c2  _ADC_setIntPulseGenMode         
0     003f77d3  _ADC_setVoltRefSrc              
0     003f77e4  _PIE_disableAllInts             
0     003f77f5  _PIE_setDebugIntVectorTable     
0     003f7806  _PIE_registerPieIntHandler      
0     003f7815  _ADC_enable                     
0     003f781f  _ADC_enableBandGap              
0     003f7829  _ADC_enableRefBuffers           
0     003f7833  _ADC_init                       
0     003f783d  _ADC_powerUp                    
0     003f7847  _PIE_init                       
0     003f7851  _SCI_resetChannels              
0     003f785b  _SCI_resetRxFifo                
0     003f7865  _SCI_resetTxFifo                
0     003f786f  _setDBGIER                      
0     003f7872  _DSP28x_DisableInt              
0     003f7876  _DSP28x_RestoreInt              
0     003f7879  _CLK_enablePwmClock             
0     003f7882  _CLK_enableSciaClock            
0     003f788b  _PWM_setSocAPeriod              
0     003f7894  _PWM_setSocAPulseSrc            
0     003f789d  _SCI_putDataNonBlocking         
0     003f78a6  __register_unlock               
0     003f78aa  __register_lock                 
0     003f78ae  __nop                           
0     003f78af  _CLK_init                       
0     003f78b7  _FLASH_init                     
0     003f78bf  _GPIO_init                      
0     003f78c7  _PLL_init                       
0     003f78cf  _PWM_init                       
0     003f78d7  _SCI_init                       
0     003f78df  _WDOG_disable                   
0     003f78e7  _WDOG_init                      
0     003f78f7  _CLK_enableAdcClock             
0     003f78fe  _CLK_enableTbClockSync          
0     003f7905  _CLK_setOscSrc                  
0     003f790c  _PLL_setDivider                 
0     003f7913  _SCI_setRxFifoIntLevel          
0     003f791a  _SCI_setTxFifoIntLevel          
0     003f7921  _PLL_setMultiplier              
0     003f7927  _SCI_setBaudRate                
0     003f792d  _ADCINT1_ISR                    
0     003f7932  _ADCINT2_ISR                    
0     003f7937  _ADCINT3_ISR                    
0     003f793c  _ADCINT4_ISR                    
0     003f7941  _ADCINT5_ISR                    
0     003f7946  _ADCINT6_ISR                    
0     003f794b  _ADCINT7_ISR                    
0     003f7950  _ADCINT8_ISR                    
0     003f7955  _ADCINT9_ISR                    
0     003f795a  _DATALOG_ISR                    
0     003f795f  _ECAP1_INT_ISR                  
0     003f7964  _EMPTY_ISR                      
0     003f7969  _EMUINT_ISR                     
0     003f796e  _EPWM1_INT_ISR                  
0     003f7973  _EPWM1_TZINT_ISR                
0     003f7978  _EPWM2_INT_ISR                  
0     003f797d  _EPWM2_TZINT_ISR                
0     003f7982  _EPWM3_INT_ISR                  
0     003f7987  _EPWM3_TZINT_ISR                
0     003f798c  _EPWM4_INT_ISR                  
0     003f7991  _EPWM4_TZINT_ISR                
0     003f7996  _I2CINT1A_ISR                   
0     003f799b  _I2CINT2A_ISR                   
0     003f79a0  _ILLEGAL_ISR                    
0     003f79a5  _INT13_ISR                      
0     003f79aa  _INT14_ISR                      
0     003f79af  _NMI_ISR                        
0     003f79b4  _PIE_RESERVED                   
0     003f79b9  _PIE_illegalIsr                 
0     003f79be  _RTOSINT_ISR                    
0     003f79c3  _SCIRXINTA_ISR                  
0     003f79c8  _SCITXINTA_ISR                  
0     003f79cd  _SPIRXINTA_ISR                  
0     003f79d2  _SPITXINTA_ISR                  
0     003f79d7  _TINT0_ISR                      
0     003f79dc  _USER10_ISR                     
0     003f79e1  _USER11_ISR                     
0     003f79e6  _USER12_ISR                     
0     003f79eb  _USER1_ISR                      
0     003f79f0  _USER2_ISR                      
0     003f79f5  _USER3_ISR                      
0     003f79fa  _USER4_ISR                      
0     003f79ff  _USER5_ISR                      
0     003f7a04  _USER6_ISR                      
0     003f7a09  _USER7_ISR                      
0     003f7a0e  _USER8_ISR                      
0     003f7a13  _USER9_ISR                      
0     003f7a18  _WAKEINT_ISR                    
0     003f7a1d  _XINT1_ISR                      
0     003f7a22  _XINT2_ISR                      
0     003f7a27  _XINT3_ISR                      
0     003f7a2c  _rsvd_ISR                       
0     003f7a31  _CPU_enableInt                  
0     003f7a35  _CPU_init                       
0     003f7a39  _PWM_enableSocAPulse            
0     003f7a3d  _PWM_setCounterMode             
0     003f7a41  _SCI_clearRxFifoInt             
0     003f7a45  _SCI_clearTxFifoInt             
0     003f7a49  _SCI_enableFifoEnh              
0     003f7a4d  _SCI_getTxFifoStatus            
0     003f7a51  _SCI_setCharLength              
0     003f7a55  _SCI_setNumStopBits             
0     003f7a59  _CPU_clearIntFlags              
0     003f7a5c  _CPU_disableGlobalInts          
0     003f7a5f  _CPU_enableDebugInt             
0     003f7a62  _CPU_enableGlobalInts           
0     003f7a65  _PIE_disable                    
0     003f7a68  _PIE_enable                     
0     003f7a6b  _PLL_getClkStatus               
0     003f7a6e  _PLL_getLockStatus              
0     003f7a71  _SCI_disableParity              
0     003f7a74  _SCI_enable                     
0     003f7a77  _SCI_enableRx                   
0     003f7a7a  _SCI_enableRxInt                
0     003f7a7d  _SCI_enableTx                   
0     003f7a80  _SCI_enableTxInt                
0     003f7a83  _PWM_setPeriod                  
0     003f7a85  __system_pre_init               
0     003f7a87  __system_post_cinit             
0     003f7a88  _PIE_tableDebugInit             
0     003f7b8c  ___cinit__                      
0     003f7b8c  cinit                           
0     003f7ff6  code_start                      
1     00000400  __stack                         
1     00000600  __STACK_END                     
1     00000600  ___TI_enable_exit_profile_output
1     00000602  ___TI_cleanup_ptr               
1     00000604  ___TI_dtors_ptr                 
1     00000606  __lock                          
1     00000608  __unlock                        
1     0000060a  _cpu                            
1     0000060b  _errno                          
1     00008000  _is_time_to_rms                 
1     00008001  _rms_plot                       
1     00008002  _is_time_to_send                
1     00008003  _counter                        
1     00008004  _packet                         
1     00008005  _rms_pos                        
1     00008006  _myCpu                          
1     00008008  _myPwm                          
1     0000800a  _mySci                          
1     0000800c  _myWDog                         
1     0000800e  _myPie                          
1     00008010  _myAdc                          
1     00008012  _myClk                          
1     00008014  _rms_buf_ptr                    
1     00008016  _myGpio                         
1     00008018  _myPll                          
1     0000801a  _rms_value                      
1     0000801c  _myFlash                        
1     00008040  _curr2                          
1     000080c0  _curr1                          
1     00008140  _volt2                          
1     000081c0  _volt1                          
1     00008240  _rms_array                      
abs   00000004  _RamfuncsLoadSize               
abs   00000200  __STACK_SIZE                    
abs   ffffffff  .text                           
abs   ffffffff  ___TI_pprof_out_hndl            
abs   ffffffff  ___TI_prof_data_size            
abs   ffffffff  ___TI_prof_data_start           
abs   ffffffff  ___binit__                      
abs   ffffffff  ___c_args__                     
abs   ffffffff  ___etext__                      
abs   ffffffff  ___pinit__                      
abs   ffffffff  ___text__                       
abs   ffffffff  binit                           
abs   ffffffff  etext                           
abs   ffffffff  pinit                           

[211 symbols]
