******************************************************************************
             TMS320C2000 Linker Unix v18.1.1                   
******************************************************************************
>> Linked Mon May 14 01:13:11 2018

OUTPUT FILE NAME:   <Example_F2802xAdcSoc.out>
ENTRY POINT SYMBOL: "code_start"  address: 003f7ff6


MEMORY CONFIGURATION

         name            origin    length      used     unused   attr    fill
----------------------  --------  ---------  --------  --------  ----  --------
PAGE 0:
  RAMM0                 00000050   000003b0  00000004  000003ac  RWIX
  OTP                   003d7800   00000400  00000000  00000400  RWIX
  FLASHB                003f6000   00001000  00000000  00001000  RWIX
  FLASHA                003f7000   00000f80  00000977  00000609  RWIX
  CSM_RSVD              003f7f80   00000076  00000000  00000076  RWIX
  BEGIN                 003f7ff6   00000002  00000002  00000000  RWIX
  CSM_PWL_P0            003f7ff8   00000008  00000000  00000008  RWIX
  IQTABLES              003fe000   00000b50  00000000  00000b50  RWIX
  IQTABLES2             003feb50   0000008c  00000000  0000008c  RWIX
  IQTABLES3             003febdc   000000aa  00000000  000000aa  RWIX
  ROM                   003ff27c   00000d44  00000000  00000d44  RWIX
  RESET                 003fffc0   00000002  00000000  00000002  RWIX
  VECTORS               003fffc2   0000003e  00000000  0000003e  RWIX

PAGE 1:
  BOOT_RSVD             00000000   00000050  00000000  00000050  RWIX
  RAMM1                 00000400   00000400  00000239  000001c7  RWIX
  RAML0                 00008000   00000400  00000000  00000400  RWIX


SECTION ALLOCATION MAP

 output                                  attributes/
section   page    origin      length       input sections
--------  ----  ----------  ----------   ----------------
ramfuncs   0    003f7000    00000004     RUN ADDR = 00000050
                  003f7000    00000004     driverlib.lib : f2802xx_asmfuncs.obj (ramfuncs)

.cinit     0    003f7952    00000026     
                  003f7952    0000000e     rts2800_ml.lib : exit.c.obj (.cinit)
                  003f7960    0000000c     Example_2802xAdcSoc.obj (.cinit)
                  003f796c    00000005     rts2800_ml.lib : _lock.c.obj (.cinit:__lock)
                  003f7971    00000005                    : _lock.c.obj (.cinit:__unlock)
                  003f7976    00000002     --HOLE-- [fill = 0]

codestart 
*          0    003f7ff6    00000002     
                  003f7ff6    00000002     driverlib.lib : f2802xx_codestartbranch.obj (codestart)

.pinit     0    003f7000    00000000     UNINITIALIZED

.stack     1    00000400    00000200     UNINITIALIZED
                  00000400    00000200     --HOLE--

.reset     0    003fffc0    00000002     DSECT
                  003fffc0    00000002     rts2800_ml.lib : boot28.asm.obj (.reset)

vectors    0    003fffc2    00000000     DSECT

.text      0    003f7004    000007d9     
                  003f7004    00000244     Example_2802xAdcSoc.obj (.text)
                  003f7248    00000054     rts2800_ml.lib : boot28.asm.obj (.text)
                  003f729c    00000048     driverlib.lib : gpio.obj (.text:_GPIO_setMode)
                  003f72e4    0000003e     Example_2802xAdcSoc.obj (.text:retain)
                  003f7322    00000029     driverlib.lib : gpio.obj (.text:_GPIO_setDirection)
                  003f734b    00000029                   : gpio.obj (.text:_GPIO_setPullUp)
                  003f7374    00000029     rts2800_ml.lib : exit.c.obj (.text)
                  003f739d    00000027     driverlib.lib : gpio.obj (.text:_GPIO_setQualification)
                  003f73c4    00000024     rts2800_ml.lib : cpy_tbl.c.obj (.text)
                  003f73e8    00000022     driverlib.lib : adc.obj (.text:_ADC_setIntMode)
                  003f740a    00000022                   : adc.obj (.text:_ADC_setIntSrc)
                  003f742c    0000001d     rts2800_ml.lib : memcpy.c.obj (.text)
                  003f7449    00000019                    : args_main.c.obj (.text)
                  003f7462    00000017     driverlib.lib : adc.obj (.text:_ADC_enableInt)
                  003f7479    00000017                   : adc.obj (.text:_ADC_setSampleMode)
                  003f7490    00000015                   : pll.obj (.text:_PLL_setup)
                  003f74a5    00000014                   : gpio.obj (.text:_GPIO_setHigh)
                  003f74b9    00000014                   : gpio.obj (.text:_GPIO_setLow)
                  003f74cd    00000014                   : pie.obj (.text:_PIE_enableAdcInt)
                  003f74e1    00000012                   : adc.obj (.text:_ADC_setSocChanNumber)
                  003f74f3    00000012                   : adc.obj (.text:_ADC_setSocSampleWindow)
                  003f7505    00000012                   : adc.obj (.text:_ADC_setSocTrigSrc)
                  003f7517    00000011                   : adc.obj (.text:_ADC_setIntPulseGenMode)
                  003f7528    00000011                   : adc.obj (.text:_ADC_setVoltRefSrc)
                  003f7539    00000011                   : pie.obj (.text:_PIE_disableAllInts)
                  003f754a    00000011                   : pie.obj (.text:_PIE_setDebugIntVectorTable)
                  003f755b    0000000f                   : pie.obj (.text:_PIE_registerPieIntHandler)
                  003f756a    0000000a                   : adc.obj (.text:_ADC_enable)
                  003f7574    0000000a                   : adc.obj (.text:_ADC_enableBandGap)
                  003f757e    0000000a                   : adc.obj (.text:_ADC_enableRefBuffers)
                  003f7588    0000000a                   : adc.obj (.text:_ADC_init)
                  003f7592    0000000a                   : adc.obj (.text:_ADC_powerUp)
                  003f759c    0000000a                   : pie.obj (.text:_PIE_init)
                  003f75a6    0000000a                   : sci.obj (.text:_SCI_resetChannels)
                  003f75b0    0000000a                   : sci.obj (.text:_SCI_resetRxFifo)
                  003f75ba    0000000a                   : sci.obj (.text:_SCI_resetTxFifo)
                  003f75c4    0000000a                   : f2802xx_asmfuncs.obj (.text)
                  003f75ce    00000009                   : clk.obj (.text:_CLK_enablePwmClock)
                  003f75d7    00000009                   : clk.obj (.text:_CLK_enableSciaClock)
                  003f75e0    00000009                   : pwm.obj (.text:_PWM_setSocAPeriod)
                  003f75e9    00000009                   : pwm.obj (.text:_PWM_setSocAPulseSrc)
                  003f75f2    00000009                   : sci.obj (.text:_SCI_putDataNonBlocking)
                  003f75fb    00000009     rts2800_ml.lib : _lock.c.obj (.text)
                  003f7604    00000008     driverlib.lib : clk.obj (.text:_CLK_init)
                  003f760c    00000008                   : flash.obj (.text:_FLASH_init)
                  003f7614    00000008                   : gpio.obj (.text:_GPIO_init)
                  003f761c    00000008                   : pll.obj (.text:_PLL_init)
                  003f7624    00000008                   : pwm.obj (.text:_PWM_init)
                  003f762c    00000008                   : sci.obj (.text:_SCI_init)
                  003f7634    00000008                   : wdog.obj (.text:_WDOG_disable)
                  003f763c    00000008                   : wdog.obj (.text:_WDOG_init)
                  003f7644    00000008                   : f2802xx_codestartbranch.obj (.text)
                  003f764c    00000007                   : clk.obj (.text:_CLK_enableAdcClock)
                  003f7653    00000007                   : clk.obj (.text:_CLK_enableTbClockSync)
                  003f765a    00000007                   : clk.obj (.text:_CLK_setOscSrc)
                  003f7661    00000007                   : pll.obj (.text:_PLL_setDivider)
                  003f7668    00000007                   : sci.obj (.text:_SCI_setRxFifoIntLevel)
                  003f766f    00000007                   : sci.obj (.text:_SCI_setTxFifoIntLevel)
                  003f7676    00000006                   : pll.obj (.text:_PLL_setMultiplier)
                  003f767c    00000006                   : sci.obj (.text:_SCI_setBaudRate)
                  003f7682    00000005                   : f2802xx_defaultisr.obj (.text:_ADCINT1_ISR)
                  003f7687    00000005                   : f2802xx_defaultisr.obj (.text:_ADCINT2_ISR)
                  003f768c    00000005                   : f2802xx_defaultisr.obj (.text:_ADCINT3_ISR)
                  003f7691    00000005                   : f2802xx_defaultisr.obj (.text:_ADCINT4_ISR)
                  003f7696    00000005                   : f2802xx_defaultisr.obj (.text:_ADCINT5_ISR)
                  003f769b    00000005                   : f2802xx_defaultisr.obj (.text:_ADCINT6_ISR)
                  003f76a0    00000005                   : f2802xx_defaultisr.obj (.text:_ADCINT7_ISR)
                  003f76a5    00000005                   : f2802xx_defaultisr.obj (.text:_ADCINT8_ISR)
                  003f76aa    00000005                   : f2802xx_defaultisr.obj (.text:_ADCINT9_ISR)
                  003f76af    00000005                   : f2802xx_defaultisr.obj (.text:_DATALOG_ISR)
                  003f76b4    00000005                   : f2802xx_defaultisr.obj (.text:_ECAP1_INT_ISR)
                  003f76b9    00000005                   : f2802xx_defaultisr.obj (.text:_EMPTY_ISR)
                  003f76be    00000005                   : f2802xx_defaultisr.obj (.text:_EMUINT_ISR)
                  003f76c3    00000005                   : f2802xx_defaultisr.obj (.text:_EPWM1_INT_ISR)
                  003f76c8    00000005                   : f2802xx_defaultisr.obj (.text:_EPWM1_TZINT_ISR)
                  003f76cd    00000005                   : f2802xx_defaultisr.obj (.text:_EPWM2_INT_ISR)
                  003f76d2    00000005                   : f2802xx_defaultisr.obj (.text:_EPWM2_TZINT_ISR)
                  003f76d7    00000005                   : f2802xx_defaultisr.obj (.text:_EPWM3_INT_ISR)
                  003f76dc    00000005                   : f2802xx_defaultisr.obj (.text:_EPWM3_TZINT_ISR)
                  003f76e1    00000005                   : f2802xx_defaultisr.obj (.text:_EPWM4_INT_ISR)
                  003f76e6    00000005                   : f2802xx_defaultisr.obj (.text:_EPWM4_TZINT_ISR)
                  003f76eb    00000005                   : f2802xx_defaultisr.obj (.text:_I2CINT1A_ISR)
                  003f76f0    00000005                   : f2802xx_defaultisr.obj (.text:_I2CINT2A_ISR)
                  003f76f5    00000005                   : f2802xx_defaultisr.obj (.text:_ILLEGAL_ISR)
                  003f76fa    00000005                   : f2802xx_defaultisr.obj (.text:_INT13_ISR)
                  003f76ff    00000005                   : f2802xx_defaultisr.obj (.text:_INT14_ISR)
                  003f7704    00000005                   : f2802xx_defaultisr.obj (.text:_NMI_ISR)
                  003f7709    00000005                   : f2802xx_defaultisr.obj (.text:_PIE_RESERVED)
                  003f770e    00000005                   : pie.obj (.text:_PIE_illegalIsr)
                  003f7713    00000005                   : f2802xx_defaultisr.obj (.text:_RTOSINT_ISR)
                  003f7718    00000005                   : f2802xx_defaultisr.obj (.text:_SCIRXINTA_ISR)
                  003f771d    00000005                   : f2802xx_defaultisr.obj (.text:_SCITXINTA_ISR)
                  003f7722    00000005                   : f2802xx_defaultisr.obj (.text:_SPIRXINTA_ISR)
                  003f7727    00000005                   : f2802xx_defaultisr.obj (.text:_SPITXINTA_ISR)
                  003f772c    00000005                   : f2802xx_defaultisr.obj (.text:_TINT0_ISR)
                  003f7731    00000005                   : f2802xx_defaultisr.obj (.text:_USER10_ISR)
                  003f7736    00000005                   : f2802xx_defaultisr.obj (.text:_USER11_ISR)
                  003f773b    00000005                   : f2802xx_defaultisr.obj (.text:_USER12_ISR)
                  003f7740    00000005                   : f2802xx_defaultisr.obj (.text:_USER1_ISR)
                  003f7745    00000005                   : f2802xx_defaultisr.obj (.text:_USER2_ISR)
                  003f774a    00000005                   : f2802xx_defaultisr.obj (.text:_USER3_ISR)
                  003f774f    00000005                   : f2802xx_defaultisr.obj (.text:_USER4_ISR)
                  003f7754    00000005                   : f2802xx_defaultisr.obj (.text:_USER5_ISR)
                  003f7759    00000005                   : f2802xx_defaultisr.obj (.text:_USER6_ISR)
                  003f775e    00000005                   : f2802xx_defaultisr.obj (.text:_USER7_ISR)
                  003f7763    00000005                   : f2802xx_defaultisr.obj (.text:_USER8_ISR)
                  003f7768    00000005                   : f2802xx_defaultisr.obj (.text:_USER9_ISR)
                  003f776d    00000005                   : f2802xx_defaultisr.obj (.text:_WAKEINT_ISR)
                  003f7772    00000005                   : f2802xx_defaultisr.obj (.text:_XINT1_ISR)
                  003f7777    00000005                   : f2802xx_defaultisr.obj (.text:_XINT2_ISR)
                  003f777c    00000005                   : f2802xx_defaultisr.obj (.text:_XINT3_ISR)
                  003f7781    00000005                   : f2802xx_defaultisr.obj (.text:_rsvd_ISR)
                  003f7786    00000004                   : cpu.obj (.text:_CPU_enableInt)
                  003f778a    00000004                   : cpu.obj (.text:_CPU_init)
                  003f778e    00000004                   : pwm.obj (.text:_PWM_enableSocAPulse)
                  003f7792    00000004                   : pwm.obj (.text:_PWM_setCounterMode)
                  003f7796    00000004                   : sci.obj (.text:_SCI_clearRxFifoInt)
                  003f779a    00000004                   : sci.obj (.text:_SCI_clearTxFifoInt)
                  003f779e    00000004                   : sci.obj (.text:_SCI_enableFifoEnh)
                  003f77a2    00000004                   : sci.obj (.text:_SCI_getTxFifoStatus)
                  003f77a6    00000004                   : sci.obj (.text:_SCI_setCharLength)
                  003f77aa    00000004                   : sci.obj (.text:_SCI_setNumStopBits)
                  003f77ae    00000003                   : cpu.obj (.text:_CPU_clearIntFlags)
                  003f77b1    00000003                   : cpu.obj (.text:_CPU_disableGlobalInts)
                  003f77b4    00000003                   : cpu.obj (.text:_CPU_enableDebugInt)
                  003f77b7    00000003                   : cpu.obj (.text:_CPU_enableGlobalInts)
                  003f77ba    00000003                   : pie.obj (.text:_PIE_disable)
                  003f77bd    00000003                   : pie.obj (.text:_PIE_enable)
                  003f77c0    00000003                   : pll.obj (.text:_PLL_getClkStatus)
                  003f77c3    00000003                   : pll.obj (.text:_PLL_getLockStatus)
                  003f77c6    00000003                   : sci.obj (.text:_SCI_disableParity)
                  003f77c9    00000003                   : sci.obj (.text:_SCI_enable)
                  003f77cc    00000003                   : sci.obj (.text:_SCI_enableRx)
                  003f77cf    00000003                   : sci.obj (.text:_SCI_enableRxInt)
                  003f77d2    00000003                   : sci.obj (.text:_SCI_enableTx)
                  003f77d5    00000003                   : sci.obj (.text:_SCI_enableTxInt)
                  003f77d8    00000002                   : pwm.obj (.text:_PWM_setPeriod)
                  003f77da    00000002     rts2800_ml.lib : pre_init.c.obj (.text)
                  003f77dc    00000001                    : startup.c.obj (.text)

.econst    0    003f77de    00000174     
                  003f77de    00000100     driverlib.lib : pie.obj (.econst:_PIE_tableDebugInit)
                  003f78de    00000074     Example_2802xAdcSoc.obj (.econst:.string)

.ebss      1    00000600    00000039     UNINITIALIZED
                  00000600    0000002e     Example_2802xAdcSoc.obj (.ebss)
                  0000062e    00000006     rts2800_ml.lib : exit.c.obj (.ebss)
                  00000634    00000002                    : _lock.c.obj (.ebss:__lock)
                  00000636    00000002                    : _lock.c.obj (.ebss:__unlock)
                  00000638    00000001     driverlib.lib : cpu.obj (.ebss)

MODULE SUMMARY

       Module                        code   initialized data   uninitialized data
       ------                        ----   ----------------   ------------------
    ./
       Example_2802xAdcSoc.obj       642    128                46                
    +--+-----------------------------+------+------------------+--------------------+
       Total:                        642    128                46                
                                                                                 
    /home/markos/ti/C2000Ware_1_00_03_00_Software/device_support/f2802x/common/ccs/Debug/driverlib.lib
       pie.obj                       90     256                0                 
       f2802xx_defaultisr.obj        255    0                  0                 
       adc.obj                       252    0                  0                 
       gpio.obj                      241    0                  0                 
       sci.obj                       109    0                  0                 
       pll.obj                       48     0                  0                 
       clk.obj                       47     0                  0                 
       pwm.obj                       36     0                  0                 
       cpu.obj                       20     0                  1                 
       f2802xx_asmfuncs.obj          18     0                  0                 
       wdog.obj                      16     0                  0                 
       f2802xx_codestartbranch.obj   10     0                  0                 
       flash.obj                     8      0                  0                 
    +--+-----------------------------+------+------------------+--------------------+
       Total:                        1150   256                1                 
                                                                                 
    /opt/ti/ccsv8/tools/compiler/ti-cgt-c2000_18.1.1.LTS/lib/rts2800_ml.lib
       boot28.asm.obj                84     0                  0                 
       exit.c.obj                    41     14                 6                 
       cpy_tbl.c.obj                 36     0                  0                 
       memcpy.c.obj                  29     0                  0                 
       args_main.c.obj               25     0                  0                 
       _lock.c.obj                   9      10                 4                 
       pre_init.c.obj                2      0                  0                 
       startup.c.obj                 1      0                  0                 
    +--+-----------------------------+------+------------------+--------------------+
       Total:                        227    24                 10                
                                                                                 
       Stack:                        0      0                  512               
    +--+-----------------------------+------+------------------+--------------------+
       Grand Total:                  2019   408                569               


GLOBAL DATA SYMBOLS: SORTED BY DATA PAGE

address     data page           name
--------    ----------------    ----
00000400      10 (00000400)     __stack

00000600      18 (00000600)     _curr2
00000601      18 (00000600)     _volt1
00000602      18 (00000600)     _ConversionCount
00000603      18 (00000600)     _counter
00000604      18 (00000600)     _volt2
00000605      18 (00000600)     _curr1
00000606      18 (00000600)     _is_time_to_send
00000607      18 (00000600)     _packet
00000608      18 (00000600)     _LoopCount
0000060a      18 (00000600)     _myAdc
0000060c      18 (00000600)     _myGpio
0000060e      18 (00000600)     _myFlash
00000610      18 (00000600)     _myClk
00000612      18 (00000600)     _mySci
00000614      18 (00000600)     _msg
00000616      18 (00000600)     _myPie
00000618      18 (00000600)     _myPwm
0000061a      18 (00000600)     _Voltage1
00000624      18 (00000600)     _Voltage2
0000062e      18 (00000600)     ___TI_enable_exit_profile_output
00000630      18 (00000600)     ___TI_cleanup_ptr
00000632      18 (00000600)     ___TI_dtors_ptr
00000634      18 (00000600)     __lock
00000636      18 (00000600)     __unlock
00000638      18 (00000600)     _cpu

003f77de    fddf (003f77c0)     _PIE_tableDebugInit


GLOBAL SYMBOLS: SORTED ALPHABETICALLY BY Name 

page  address   name                            
----  -------   ----                            
abs   ffffffff  .text                           
0     003f7374  C$$EXIT                         
0     003f7682  _ADCINT1_ISR                    
0     003f7687  _ADCINT2_ISR                    
0     003f768c  _ADCINT3_ISR                    
0     003f7691  _ADCINT4_ISR                    
0     003f7696  _ADCINT5_ISR                    
0     003f769b  _ADCINT6_ISR                    
0     003f76a0  _ADCINT7_ISR                    
0     003f76a5  _ADCINT8_ISR                    
0     003f76aa  _ADCINT9_ISR                    
0     003f756a  _ADC_enable                     
0     003f7574  _ADC_enableBandGap              
0     003f7462  _ADC_enableInt                  
0     003f757e  _ADC_enableRefBuffers           
0     003f7588  _ADC_init                       
0     003f7592  _ADC_powerUp                    
0     003f73e8  _ADC_setIntMode                 
0     003f7517  _ADC_setIntPulseGenMode         
0     003f740a  _ADC_setIntSrc                  
0     003f7479  _ADC_setSampleMode              
0     003f74e1  _ADC_setSocChanNumber           
0     003f74f3  _ADC_setSocSampleWindow         
0     003f7505  _ADC_setSocTrigSrc              
0     003f7528  _ADC_setVoltRefSrc              
0     003f764c  _CLK_enableAdcClock             
0     003f75ce  _CLK_enablePwmClock             
0     003f75d7  _CLK_enableSciaClock            
0     003f7653  _CLK_enableTbClockSync          
0     003f7604  _CLK_init                       
0     003f765a  _CLK_setOscSrc                  
0     003f77ae  _CPU_clearIntFlags              
0     003f77b1  _CPU_disableGlobalInts          
0     003f77b4  _CPU_enableDebugInt             
0     003f77b7  _CPU_enableGlobalInts           
0     003f7786  _CPU_enableInt                  
0     003f778a  _CPU_init                       
1     00000602  _ConversionCount                
0     003f76af  _DATALOG_ISR                    
0     003f75c7  _DSP28x_DisableInt              
0     003f75cb  _DSP28x_RestoreInt              
0     00000050  _DSP28x_usDelay                 
0     003f76b4  _ECAP1_INT_ISR                  
0     003f76b9  _EMPTY_ISR                      
0     003f76be  _EMUINT_ISR                     
0     003f76c3  _EPWM1_INT_ISR                  
0     003f76c8  _EPWM1_TZINT_ISR                
0     003f76cd  _EPWM2_INT_ISR                  
0     003f76d2  _EPWM2_TZINT_ISR                
0     003f76d7  _EPWM3_INT_ISR                  
0     003f76dc  _EPWM3_TZINT_ISR                
0     003f76e1  _EPWM4_INT_ISR                  
0     003f76e6  _EPWM4_TZINT_ISR                
0     003f760c  _FLASH_init                     
0     003f7614  _GPIO_init                      
0     003f7322  _GPIO_setDirection              
0     003f74a5  _GPIO_setHigh                   
0     003f74b9  _GPIO_setLow                    
0     003f729c  _GPIO_setMode                   
0     003f734b  _GPIO_setPullUp                 
0     003f739d  _GPIO_setQualification          
0     003f76eb  _I2CINT1A_ISR                   
0     003f76f0  _I2CINT2A_ISR                   
0     003f76f5  _ILLEGAL_ISR                    
0     003f76fa  _INT13_ISR                      
0     003f76ff  _INT14_ISR                      
1     00000608  _LoopCount                      
0     003f7704  _NMI_ISR                        
0     003f7709  _PIE_RESERVED                   
0     003f77ba  _PIE_disable                    
0     003f7539  _PIE_disableAllInts             
0     003f77bd  _PIE_enable                     
0     003f74cd  _PIE_enableAdcInt               
0     003f770e  _PIE_illegalIsr                 
0     003f759c  _PIE_init                       
0     003f755b  _PIE_registerPieIntHandler      
0     003f754a  _PIE_setDebugIntVectorTable     
0     003f77de  _PIE_tableDebugInit             
0     003f77c0  _PLL_getClkStatus               
0     003f77c3  _PLL_getLockStatus              
0     003f761c  _PLL_init                       
0     003f7661  _PLL_setDivider                 
0     003f7676  _PLL_setMultiplier              
0     003f7490  _PLL_setup                      
0     003f778e  _PWM_enableSocAPulse            
0     003f7624  _PWM_init                       
0     003f7792  _PWM_setCounterMode             
0     003f77d8  _PWM_setPeriod                  
0     003f75e0  _PWM_setSocAPeriod              
0     003f75e9  _PWM_setSocAPulseSrc            
0     003f7713  _RTOSINT_ISR                    
abs   00000004  _RamfuncsLoadSize               
0     003f7000  _RamfuncsLoadStart              
0     00000050  _RamfuncsRunStart               
0     003f7718  _SCIRXINTA_ISR                  
0     003f771d  _SCITXINTA_ISR                  
0     003f7796  _SCI_clearRxFifoInt             
0     003f779a  _SCI_clearTxFifoInt             
0     003f77c6  _SCI_disableParity              
0     003f77c9  _SCI_enable                     
0     003f779e  _SCI_enableFifoEnh              
0     003f77cc  _SCI_enableRx                   
0     003f77cf  _SCI_enableRxInt                
0     003f77d2  _SCI_enableTx                   
0     003f77d5  _SCI_enableTxInt                
0     003f77a2  _SCI_getTxFifoStatus            
0     003f762c  _SCI_init                       
0     003f75f2  _SCI_putDataNonBlocking         
0     003f75a6  _SCI_resetChannels              
0     003f75b0  _SCI_resetRxFifo                
0     003f75ba  _SCI_resetTxFifo                
0     003f767c  _SCI_setBaudRate                
0     003f77a6  _SCI_setCharLength              
0     003f77aa  _SCI_setNumStopBits             
0     003f7668  _SCI_setRxFifoIntLevel          
0     003f766f  _SCI_setTxFifoIntLevel          
0     003f7722  _SPIRXINTA_ISR                  
0     003f7727  _SPITXINTA_ISR                  
0     003f772c  _TINT0_ISR                      
0     003f7731  _USER10_ISR                     
0     003f7736  _USER11_ISR                     
0     003f773b  _USER12_ISR                     
0     003f7740  _USER1_ISR                      
0     003f7745  _USER2_ISR                      
0     003f774a  _USER3_ISR                      
0     003f774f  _USER4_ISR                      
0     003f7754  _USER5_ISR                      
0     003f7759  _USER6_ISR                      
0     003f775e  _USER7_ISR                      
0     003f7763  _USER8_ISR                      
0     003f7768  _USER9_ISR                      
1     0000061a  _Voltage1                       
1     00000624  _Voltage2                       
0     003f776d  _WAKEINT_ISR                    
0     003f7634  _WDOG_disable                   
0     003f763c  _WDOG_init                      
0     003f7772  _XINT1_ISR                      
0     003f7777  _XINT2_ISR                      
0     003f777c  _XINT3_ISR                      
1     00000600  __STACK_END                     
abs   00000200  __STACK_SIZE                    
1     00000630  ___TI_cleanup_ptr               
1     00000632  ___TI_dtors_ptr                 
1     0000062e  ___TI_enable_exit_profile_output
abs   ffffffff  ___TI_pprof_out_hndl            
abs   ffffffff  ___TI_prof_data_size            
abs   ffffffff  ___TI_prof_data_start           
abs   ffffffff  ___binit__                      
abs   ffffffff  ___c_args__                     
0     003f7952  ___cinit__                      
abs   ffffffff  ___etext__                      
abs   ffffffff  ___pinit__                      
abs   ffffffff  ___text__                       
0     003f7449  __args_main                     
1     00000634  __lock                          
0     003f7603  __nop                           
0     003f75ff  __register_lock                 
0     003f75fb  __register_unlock               
1     00000400  __stack                         
0     003f77dc  __system_post_cinit             
0     003f77da  __system_pre_init               
1     00000636  __unlock                        
0     003f7374  _abort                          
0     003f72e4  _adc_isr                        
0     003f7248  _c_int00                        
0     003f73c4  _copy_in                        
1     00000603  _counter                        
1     00000638  _cpu                            
1     00000605  _curr1                          
1     00000600  _curr2                          
0     003f7376  _exit                           
1     00000606  _is_time_to_send                
0     003f701b  _main                           
0     003f742c  _memcpy                         
1     00000614  _msg                            
1     0000060a  _myAdc                          
1     00000610  _myClk                          
1     0000060e  _myFlash                        
1     0000060c  _myGpio                         
1     00000616  _myPie                          
1     00000618  _myPwm                          
1     00000612  _mySci                          
1     00000607  _packet                         
0     003f7781  _rsvd_ISR                       
0     003f71c3  _scia_echoback_init             
0     003f721d  _scia_fifo_init                 
0     003f720a  _scia_msg                       
0     003f71f9  _scia_xmit                      
0     003f75c4  _setDBGIER                      
1     00000601  _volt1                          
1     00000604  _volt2                          
abs   ffffffff  binit                           
0     003f7952  cinit                           
0     003f7ff6  code_start                      
abs   ffffffff  etext                           
abs   ffffffff  pinit                           


GLOBAL SYMBOLS: SORTED BY Symbol Address 

page  address   name                            
----  -------   ----                            
0     00000050  _DSP28x_usDelay                 
0     00000050  _RamfuncsRunStart               
0     003f7000  _RamfuncsLoadStart              
0     003f701b  _main                           
0     003f71c3  _scia_echoback_init             
0     003f71f9  _scia_xmit                      
0     003f720a  _scia_msg                       
0     003f721d  _scia_fifo_init                 
0     003f7248  _c_int00                        
0     003f729c  _GPIO_setMode                   
0     003f72e4  _adc_isr                        
0     003f7322  _GPIO_setDirection              
0     003f734b  _GPIO_setPullUp                 
0     003f7374  C$$EXIT                         
0     003f7374  _abort                          
0     003f7376  _exit                           
0     003f739d  _GPIO_setQualification          
0     003f73c4  _copy_in                        
0     003f73e8  _ADC_setIntMode                 
0     003f740a  _ADC_setIntSrc                  
0     003f742c  _memcpy                         
0     003f7449  __args_main                     
0     003f7462  _ADC_enableInt                  
0     003f7479  _ADC_setSampleMode              
0     003f7490  _PLL_setup                      
0     003f74a5  _GPIO_setHigh                   
0     003f74b9  _GPIO_setLow                    
0     003f74cd  _PIE_enableAdcInt               
0     003f74e1  _ADC_setSocChanNumber           
0     003f74f3  _ADC_setSocSampleWindow         
0     003f7505  _ADC_setSocTrigSrc              
0     003f7517  _ADC_setIntPulseGenMode         
0     003f7528  _ADC_setVoltRefSrc              
0     003f7539  _PIE_disableAllInts             
0     003f754a  _PIE_setDebugIntVectorTable     
0     003f755b  _PIE_registerPieIntHandler      
0     003f756a  _ADC_enable                     
0     003f7574  _ADC_enableBandGap              
0     003f757e  _ADC_enableRefBuffers           
0     003f7588  _ADC_init                       
0     003f7592  _ADC_powerUp                    
0     003f759c  _PIE_init                       
0     003f75a6  _SCI_resetChannels              
0     003f75b0  _SCI_resetRxFifo                
0     003f75ba  _SCI_resetTxFifo                
0     003f75c4  _setDBGIER                      
0     003f75c7  _DSP28x_DisableInt              
0     003f75cb  _DSP28x_RestoreInt              
0     003f75ce  _CLK_enablePwmClock             
0     003f75d7  _CLK_enableSciaClock            
0     003f75e0  _PWM_setSocAPeriod              
0     003f75e9  _PWM_setSocAPulseSrc            
0     003f75f2  _SCI_putDataNonBlocking         
0     003f75fb  __register_unlock               
0     003f75ff  __register_lock                 
0     003f7603  __nop                           
0     003f7604  _CLK_init                       
0     003f760c  _FLASH_init                     
0     003f7614  _GPIO_init                      
0     003f761c  _PLL_init                       
0     003f7624  _PWM_init                       
0     003f762c  _SCI_init                       
0     003f7634  _WDOG_disable                   
0     003f763c  _WDOG_init                      
0     003f764c  _CLK_enableAdcClock             
0     003f7653  _CLK_enableTbClockSync          
0     003f765a  _CLK_setOscSrc                  
0     003f7661  _PLL_setDivider                 
0     003f7668  _SCI_setRxFifoIntLevel          
0     003f766f  _SCI_setTxFifoIntLevel          
0     003f7676  _PLL_setMultiplier              
0     003f767c  _SCI_setBaudRate                
0     003f7682  _ADCINT1_ISR                    
0     003f7687  _ADCINT2_ISR                    
0     003f768c  _ADCINT3_ISR                    
0     003f7691  _ADCINT4_ISR                    
0     003f7696  _ADCINT5_ISR                    
0     003f769b  _ADCINT6_ISR                    
0     003f76a0  _ADCINT7_ISR                    
0     003f76a5  _ADCINT8_ISR                    
0     003f76aa  _ADCINT9_ISR                    
0     003f76af  _DATALOG_ISR                    
0     003f76b4  _ECAP1_INT_ISR                  
0     003f76b9  _EMPTY_ISR                      
0     003f76be  _EMUINT_ISR                     
0     003f76c3  _EPWM1_INT_ISR                  
0     003f76c8  _EPWM1_TZINT_ISR                
0     003f76cd  _EPWM2_INT_ISR                  
0     003f76d2  _EPWM2_TZINT_ISR                
0     003f76d7  _EPWM3_INT_ISR                  
0     003f76dc  _EPWM3_TZINT_ISR                
0     003f76e1  _EPWM4_INT_ISR                  
0     003f76e6  _EPWM4_TZINT_ISR                
0     003f76eb  _I2CINT1A_ISR                   
0     003f76f0  _I2CINT2A_ISR                   
0     003f76f5  _ILLEGAL_ISR                    
0     003f76fa  _INT13_ISR                      
0     003f76ff  _INT14_ISR                      
0     003f7704  _NMI_ISR                        
0     003f7709  _PIE_RESERVED                   
0     003f770e  _PIE_illegalIsr                 
0     003f7713  _RTOSINT_ISR                    
0     003f7718  _SCIRXINTA_ISR                  
0     003f771d  _SCITXINTA_ISR                  
0     003f7722  _SPIRXINTA_ISR                  
0     003f7727  _SPITXINTA_ISR                  
0     003f772c  _TINT0_ISR                      
0     003f7731  _USER10_ISR                     
0     003f7736  _USER11_ISR                     
0     003f773b  _USER12_ISR                     
0     003f7740  _USER1_ISR                      
0     003f7745  _USER2_ISR                      
0     003f774a  _USER3_ISR                      
0     003f774f  _USER4_ISR                      
0     003f7754  _USER5_ISR                      
0     003f7759  _USER6_ISR                      
0     003f775e  _USER7_ISR                      
0     003f7763  _USER8_ISR                      
0     003f7768  _USER9_ISR                      
0     003f776d  _WAKEINT_ISR                    
0     003f7772  _XINT1_ISR                      
0     003f7777  _XINT2_ISR                      
0     003f777c  _XINT3_ISR                      
0     003f7781  _rsvd_ISR                       
0     003f7786  _CPU_enableInt                  
0     003f778a  _CPU_init                       
0     003f778e  _PWM_enableSocAPulse            
0     003f7792  _PWM_setCounterMode             
0     003f7796  _SCI_clearRxFifoInt             
0     003f779a  _SCI_clearTxFifoInt             
0     003f779e  _SCI_enableFifoEnh              
0     003f77a2  _SCI_getTxFifoStatus            
0     003f77a6  _SCI_setCharLength              
0     003f77aa  _SCI_setNumStopBits             
0     003f77ae  _CPU_clearIntFlags              
0     003f77b1  _CPU_disableGlobalInts          
0     003f77b4  _CPU_enableDebugInt             
0     003f77b7  _CPU_enableGlobalInts           
0     003f77ba  _PIE_disable                    
0     003f77bd  _PIE_enable                     
0     003f77c0  _PLL_getClkStatus               
0     003f77c3  _PLL_getLockStatus              
0     003f77c6  _SCI_disableParity              
0     003f77c9  _SCI_enable                     
0     003f77cc  _SCI_enableRx                   
0     003f77cf  _SCI_enableRxInt                
0     003f77d2  _SCI_enableTx                   
0     003f77d5  _SCI_enableTxInt                
0     003f77d8  _PWM_setPeriod                  
0     003f77da  __system_pre_init               
0     003f77dc  __system_post_cinit             
0     003f77de  _PIE_tableDebugInit             
0     003f7952  ___cinit__                      
0     003f7952  cinit                           
0     003f7ff6  code_start                      
1     00000400  __stack                         
1     00000600  __STACK_END                     
1     00000600  _curr2                          
1     00000601  _volt1                          
1     00000602  _ConversionCount                
1     00000603  _counter                        
1     00000604  _volt2                          
1     00000605  _curr1                          
1     00000606  _is_time_to_send                
1     00000607  _packet                         
1     00000608  _LoopCount                      
1     0000060a  _myAdc                          
1     0000060c  _myGpio                         
1     0000060e  _myFlash                        
1     00000610  _myClk                          
1     00000612  _mySci                          
1     00000614  _msg                            
1     00000616  _myPie                          
1     00000618  _myPwm                          
1     0000061a  _Voltage1                       
1     00000624  _Voltage2                       
1     0000062e  ___TI_enable_exit_profile_output
1     00000630  ___TI_cleanup_ptr               
1     00000632  ___TI_dtors_ptr                 
1     00000634  __lock                          
1     00000636  __unlock                        
1     00000638  _cpu                            
abs   00000004  _RamfuncsLoadSize               
abs   00000200  __STACK_SIZE                    
abs   ffffffff  .text                           
abs   ffffffff  ___TI_pprof_out_hndl            
abs   ffffffff  ___TI_prof_data_size            
abs   ffffffff  ___TI_prof_data_start           
abs   ffffffff  ___binit__                      
abs   ffffffff  ___c_args__                     
abs   ffffffff  ___etext__                      
abs   ffffffff  ___pinit__                      
abs   ffffffff  ___text__                       
abs   ffffffff  binit                           
abs   ffffffff  etext                           
abs   ffffffff  pinit                           

[196 symbols]
