<?xml version="1.0" encoding="ISO-8859-1" ?>
<link_info>
   <banner>TMS320C2000 Linker Unix v18.1.1.LTS</banner>
   <copyright>Copyright (c) 1996-2017 Texas Instruments Incorporated</copyright>
   <link_time>0x5b0f9f59</link_time>
   <link_errors>0x0</link_errors>
   <output_file>Example_F2802xAdcSoc.out</output_file>
   <entry_point>
      <name>code_start</name>
      <address>0x3f7ff6</address>
   </entry_point>
   <input_file_list>
      <input_file id="fl-2">
         <path>./</path>
         <kind>object</kind>
         <file>Communication.obj</file>
         <name>Communication.obj</name>
      </input_file>
      <input_file id="fl-3">
         <path>./</path>
         <kind>object</kind>
         <file>DigitalFilters.obj</file>
         <name>DigitalFilters.obj</name>
      </input_file>
      <input_file id="fl-4">
         <path>./</path>
         <kind>object</kind>
         <file>Example_2802xAdcSoc.obj</file>
         <name>Example_2802xAdcSoc.obj</name>
      </input_file>
      <input_file id="fl-5">
         <path>./</path>
         <kind>object</kind>
         <file>Initialization.obj</file>
         <name>Initialization.obj</name>
      </input_file>
      <input_file id="fl-6">
         <path>./</path>
         <kind>object</kind>
         <file>Rms.obj</file>
         <name>Rms.obj</name>
      </input_file>
      <input_file id="fl-c">
         <kind>object</kind>
         <file>&lt;internal&gt;</file>
         <name>&lt;internal&gt;</name>
      </input_file>
      <input_file id="fl-d">
         <path>/home/markos/ti/C2000Ware_1_00_03_00_Software/device_support/f2802x/common/ccs/Debug/</path>
         <kind>archive</kind>
         <file>driverlib.lib</file>
         <name>adc.obj</name>
      </input_file>
      <input_file id="fl-e">
         <path>/home/markos/ti/C2000Ware_1_00_03_00_Software/device_support/f2802x/common/ccs/Debug/</path>
         <kind>archive</kind>
         <file>driverlib.lib</file>
         <name>clk.obj</name>
      </input_file>
      <input_file id="fl-f">
         <path>/home/markos/ti/C2000Ware_1_00_03_00_Software/device_support/f2802x/common/ccs/Debug/</path>
         <kind>archive</kind>
         <file>driverlib.lib</file>
         <name>cpu.obj</name>
      </input_file>
      <input_file id="fl-10">
         <path>/home/markos/ti/C2000Ware_1_00_03_00_Software/device_support/f2802x/common/ccs/Debug/</path>
         <kind>archive</kind>
         <file>driverlib.lib</file>
         <name>f2802xx_asmfuncs.obj</name>
      </input_file>
      <input_file id="fl-11">
         <path>/home/markos/ti/C2000Ware_1_00_03_00_Software/device_support/f2802x/common/ccs/Debug/</path>
         <kind>archive</kind>
         <file>driverlib.lib</file>
         <name>f2802xx_codestartbranch.obj</name>
      </input_file>
      <input_file id="fl-12">
         <path>/home/markos/ti/C2000Ware_1_00_03_00_Software/device_support/f2802x/common/ccs/Debug/</path>
         <kind>archive</kind>
         <file>driverlib.lib</file>
         <name>flash.obj</name>
      </input_file>
      <input_file id="fl-13">
         <path>/home/markos/ti/C2000Ware_1_00_03_00_Software/device_support/f2802x/common/ccs/Debug/</path>
         <kind>archive</kind>
         <file>driverlib.lib</file>
         <name>gpio.obj</name>
      </input_file>
      <input_file id="fl-14">
         <path>/home/markos/ti/C2000Ware_1_00_03_00_Software/device_support/f2802x/common/ccs/Debug/</path>
         <kind>archive</kind>
         <file>driverlib.lib</file>
         <name>pie.obj</name>
      </input_file>
      <input_file id="fl-15">
         <path>/home/markos/ti/C2000Ware_1_00_03_00_Software/device_support/f2802x/common/ccs/Debug/</path>
         <kind>archive</kind>
         <file>driverlib.lib</file>
         <name>pll.obj</name>
      </input_file>
      <input_file id="fl-16">
         <path>/home/markos/ti/C2000Ware_1_00_03_00_Software/device_support/f2802x/common/ccs/Debug/</path>
         <kind>archive</kind>
         <file>driverlib.lib</file>
         <name>pwm.obj</name>
      </input_file>
      <input_file id="fl-17">
         <path>/home/markos/ti/C2000Ware_1_00_03_00_Software/device_support/f2802x/common/ccs/Debug/</path>
         <kind>archive</kind>
         <file>driverlib.lib</file>
         <name>sci.obj</name>
      </input_file>
      <input_file id="fl-18">
         <path>/home/markos/ti/C2000Ware_1_00_03_00_Software/device_support/f2802x/common/ccs/Debug/</path>
         <kind>archive</kind>
         <file>driverlib.lib</file>
         <name>wdog.obj</name>
      </input_file>
      <input_file id="fl-19">
         <path>/home/markos/ti/C2000Ware_1_00_03_00_Software/device_support/f2802x/common/ccs/Debug/</path>
         <kind>archive</kind>
         <file>driverlib.lib</file>
         <name>f2802xx_defaultisr.obj</name>
      </input_file>
      <input_file id="fl-1a">
         <path>/opt/ti/ccsv8/tools/compiler/ti-cgt-c2000_18.1.1.LTS/lib/</path>
         <kind>archive</kind>
         <file>rts2800_ml.lib</file>
         <name>e_sqrtf.c.obj</name>
      </input_file>
      <input_file id="fl-1b">
         <path>/opt/ti/ccsv8/tools/compiler/ti-cgt-c2000_18.1.1.LTS/lib/</path>
         <kind>archive</kind>
         <file>rts2800_ml.lib</file>
         <name>boot28.asm.obj</name>
      </input_file>
      <input_file id="fl-1c">
         <path>/opt/ti/ccsv8/tools/compiler/ti-cgt-c2000_18.1.1.LTS/lib/</path>
         <kind>archive</kind>
         <file>rts2800_ml.lib</file>
         <name>fs_add28.asm.obj</name>
      </input_file>
      <input_file id="fl-1d">
         <path>/opt/ti/ccsv8/tools/compiler/ti-cgt-c2000_18.1.1.LTS/lib/</path>
         <kind>archive</kind>
         <file>rts2800_ml.lib</file>
         <name>fs_div28.asm.obj</name>
      </input_file>
      <input_file id="fl-1e">
         <path>/opt/ti/ccsv8/tools/compiler/ti-cgt-c2000_18.1.1.LTS/lib/</path>
         <kind>archive</kind>
         <file>rts2800_ml.lib</file>
         <name>fs_mpy28.asm.obj</name>
      </input_file>
      <input_file id="fl-1f">
         <path>/opt/ti/ccsv8/tools/compiler/ti-cgt-c2000_18.1.1.LTS/lib/</path>
         <kind>archive</kind>
         <file>rts2800_ml.lib</file>
         <name>cpy_tbl.c.obj</name>
      </input_file>
      <input_file id="fl-20">
         <path>/opt/ti/ccsv8/tools/compiler/ti-cgt-c2000_18.1.1.LTS/lib/</path>
         <kind>archive</kind>
         <file>rts2800_ml.lib</file>
         <name>memcpy.c.obj</name>
      </input_file>
      <input_file id="fl-21">
         <path>/opt/ti/ccsv8/tools/compiler/ti-cgt-c2000_18.1.1.LTS/lib/</path>
         <kind>archive</kind>
         <file>rts2800_ml.lib</file>
         <name>pre_init.c.obj</name>
      </input_file>
      <input_file id="fl-22">
         <path>/opt/ti/ccsv8/tools/compiler/ti-cgt-c2000_18.1.1.LTS/lib/</path>
         <kind>archive</kind>
         <file>rts2800_ml.lib</file>
         <name>startup.c.obj</name>
      </input_file>
      <input_file id="fl-23">
         <path>/opt/ti/ccsv8/tools/compiler/ti-cgt-c2000_18.1.1.LTS/lib/</path>
         <kind>archive</kind>
         <file>rts2800_ml.lib</file>
         <name>errno.c.obj</name>
      </input_file>
      <input_file id="fl-24">
         <path>/opt/ti/ccsv8/tools/compiler/ti-cgt-c2000_18.1.1.LTS/lib/</path>
         <kind>archive</kind>
         <file>rts2800_ml.lib</file>
         <name>exit.c.obj</name>
      </input_file>
      <input_file id="fl-25">
         <path>/opt/ti/ccsv8/tools/compiler/ti-cgt-c2000_18.1.1.LTS/lib/</path>
         <kind>archive</kind>
         <file>rts2800_ml.lib</file>
         <name>_lock.c.obj</name>
      </input_file>
      <input_file id="fl-26">
         <path>/opt/ti/ccsv8/tools/compiler/ti-cgt-c2000_18.1.1.LTS/lib/</path>
         <kind>archive</kind>
         <file>rts2800_ml.lib</file>
         <name>args_main.c.obj</name>
      </input_file>
   </input_file_list>
   <object_component_list>
      <object_component id="oc-13">
         <name>codestart</name>
         <load_address>0x3f7ff6</load_address>
         <run_address>0x3f7ff6</run_address>
         <size>0x2</size>
         <input_file_ref idref="fl-11"/>
      </object_component>
      <object_component id="oc-41">
         <name>ramfuncs</name>
         <load_address>0x3f7000</load_address>
         <run_address>0x50</run_address>
         <size>0x4</size>
         <input_file_ref idref="fl-10"/>
      </object_component>
      <object_component id="oc-dc">
         <name>.cinit</name>
         <load_address>0x3f7a7e</load_address>
         <run_address>0x3f7a7e</run_address>
         <size>0xe</size>
         <input_file_ref idref="fl-24"/>
      </object_component>
      <object_component id="oc-1f">
         <name>.cinit</name>
         <load_address>0x3f7a8c</load_address>
         <run_address>0x3f7a8c</run_address>
         <size>0x8</size>
         <input_file_ref idref="fl-4"/>
      </object_component>
      <object_component id="oc-10c">
         <name>.cinit:__lock</name>
         <load_address>0x3f7a94</load_address>
         <run_address>0x3f7a94</run_address>
         <size>0x5</size>
         <input_file_ref idref="fl-25"/>
      </object_component>
      <object_component id="oc-13f">
         <name>.cinit:__unlock</name>
         <load_address>0x3f7a99</load_address>
         <run_address>0x3f7a99</run_address>
         <size>0x5</size>
         <input_file_ref idref="fl-25"/>
      </object_component>
      <object_component id="oc-d8">
         <name>.cinit</name>
         <load_address>0x3f7a9e</load_address>
         <run_address>0x3f7a9e</run_address>
         <size>0x4</size>
         <input_file_ref idref="fl-23"/>
      </object_component>
      <object_component id="oc-109">
         <name>.text</name>
         <load_address>0x3f7004</load_address>
         <run_address>0x3f7004</run_address>
         <size>0x1c9</size>
         <input_file_ref idref="fl-5"/>
      </object_component>
      <object_component id="oc-ed">
         <name>.text</name>
         <load_address>0x3f71cd</load_address>
         <run_address>0x3f71cd</run_address>
         <size>0x85</size>
         <input_file_ref idref="fl-2"/>
      </object_component>
      <object_component id="oc-b9">
         <name>.text</name>
         <load_address>0x3f7252</load_address>
         <run_address>0x3f7252</run_address>
         <size>0x83</size>
         <input_file_ref idref="fl-1d"/>
      </object_component>
      <object_component id="oc-b4">
         <name>.text</name>
         <load_address>0x3f72d5</load_address>
         <run_address>0x3f72d5</run_address>
         <size>0x78</size>
         <input_file_ref idref="fl-1c"/>
      </object_component>
      <object_component id="oc-21">
         <name>.text:retain</name>
         <load_address>0x3f734d</load_address>
         <run_address>0x3f734d</run_address>
         <size>0x5c</size>
         <input_file_ref idref="fl-4"/>
      </object_component>
      <object_component id="oc-be">
         <name>.text</name>
         <load_address>0x3f73a9</load_address>
         <run_address>0x3f73a9</run_address>
         <size>0x5a</size>
         <input_file_ref idref="fl-1e"/>
      </object_component>
      <object_component id="oc-ad">
         <name>.text</name>
         <load_address>0x3f7403</load_address>
         <run_address>0x3f7403</run_address>
         <size>0x54</size>
         <input_file_ref idref="fl-1b"/>
      </object_component>
      <object_component id="oc-13c">
         <name>.text:_GPIO_setMode</name>
         <load_address>0x3f7457</load_address>
         <run_address>0x3f7457</run_address>
         <size>0x48</size>
         <input_file_ref idref="fl-13"/>
      </object_component>
      <object_component id="oc-13d">
         <name>.text:_GPIO_setDirection</name>
         <load_address>0x3f749f</load_address>
         <run_address>0x3f749f</run_address>
         <size>0x29</size>
         <input_file_ref idref="fl-13"/>
      </object_component>
      <object_component id="oc-13a">
         <name>.text:_GPIO_setPullUp</name>
         <load_address>0x3f74c8</load_address>
         <run_address>0x3f74c8</run_address>
         <size>0x29</size>
         <input_file_ref idref="fl-13"/>
      </object_component>
      <object_component id="oc-f4">
         <name>.text</name>
         <load_address>0x3f74f1</load_address>
         <run_address>0x3f74f1</run_address>
         <size>0x29</size>
         <input_file_ref idref="fl-24"/>
      </object_component>
      <object_component id="oc-13b">
         <name>.text:_GPIO_setQualification</name>
         <load_address>0x3f751a</load_address>
         <run_address>0x3f751a</run_address>
         <size>0x27</size>
         <input_file_ref idref="fl-13"/>
      </object_component>
      <object_component id="oc-f1">
         <name>.text</name>
         <load_address>0x3f7541</load_address>
         <run_address>0x3f7541</run_address>
         <size>0x24</size>
         <input_file_ref idref="fl-1f"/>
      </object_component>
      <object_component id="oc-12d">
         <name>.text:_ADC_setIntMode</name>
         <load_address>0x3f7565</load_address>
         <run_address>0x3f7565</run_address>
         <size>0x22</size>
         <input_file_ref idref="fl-d"/>
      </object_component>
      <object_component id="oc-12e">
         <name>.text:_ADC_setIntSrc</name>
         <load_address>0x3f7587</load_address>
         <run_address>0x3f7587</run_address>
         <size>0x22</size>
         <input_file_ref idref="fl-d"/>
      </object_component>
      <object_component id="oc-ef">
         <name>.text</name>
         <load_address>0x3f75a9</load_address>
         <run_address>0x3f75a9</run_address>
         <size>0x20</size>
         <input_file_ref idref="fl-4"/>
      </object_component>
      <object_component id="oc-10a">
         <name>.text</name>
         <load_address>0x3f75c9</load_address>
         <run_address>0x3f75c9</run_address>
         <size>0x1d</size>
         <input_file_ref idref="fl-20"/>
      </object_component>
      <object_component id="oc-f3">
         <name>.text</name>
         <load_address>0x3f75e6</load_address>
         <run_address>0x3f75e6</run_address>
         <size>0x19</size>
         <input_file_ref idref="fl-26"/>
      </object_component>
      <object_component id="oc-12c">
         <name>.text:_ADC_enableInt</name>
         <load_address>0x3f75ff</load_address>
         <run_address>0x3f75ff</run_address>
         <size>0x17</size>
         <input_file_ref idref="fl-d"/>
      </object_component>
      <object_component id="oc-132">
         <name>.text:_ADC_setSampleMode</name>
         <load_address>0x3f7616</load_address>
         <run_address>0x3f7616</run_address>
         <size>0x17</size>
         <input_file_ref idref="fl-d"/>
      </object_component>
      <object_component id="oc-11a">
         <name>.text:_PLL_setup</name>
         <load_address>0x3f762d</load_address>
         <run_address>0x3f762d</run_address>
         <size>0x15</size>
         <input_file_ref idref="fl-15"/>
      </object_component>
      <object_component id="oc-ec">
         <name>.text:_GPIO_setHigh</name>
         <load_address>0x3f7642</load_address>
         <run_address>0x3f7642</run_address>
         <size>0x14</size>
         <input_file_ref idref="fl-13"/>
      </object_component>
      <object_component id="oc-ee">
         <name>.text:_GPIO_setLow</name>
         <load_address>0x3f7656</load_address>
         <run_address>0x3f7656</run_address>
         <size>0x14</size>
         <input_file_ref idref="fl-13"/>
      </object_component>
      <object_component id="oc-127">
         <name>.text:_PIE_enableAdcInt</name>
         <load_address>0x3f766a</load_address>
         <run_address>0x3f766a</run_address>
         <size>0x14</size>
         <input_file_ref idref="fl-14"/>
      </object_component>
      <object_component id="oc-12f">
         <name>.text:_ADC_setSocChanNumber</name>
         <load_address>0x3f767e</load_address>
         <run_address>0x3f767e</run_address>
         <size>0x12</size>
         <input_file_ref idref="fl-d"/>
      </object_component>
      <object_component id="oc-131">
         <name>.text:_ADC_setSocSampleWindow</name>
         <load_address>0x3f7690</load_address>
         <run_address>0x3f7690</run_address>
         <size>0x12</size>
         <input_file_ref idref="fl-d"/>
      </object_component>
      <object_component id="oc-130">
         <name>.text:_ADC_setSocTrigSrc</name>
         <load_address>0x3f76a2</load_address>
         <run_address>0x3f76a2</run_address>
         <size>0x12</size>
         <input_file_ref idref="fl-d"/>
      </object_component>
      <object_component id="oc-12b">
         <name>.text:_ADC_setIntPulseGenMode</name>
         <load_address>0x3f76b4</load_address>
         <run_address>0x3f76b4</run_address>
         <size>0x11</size>
         <input_file_ref idref="fl-d"/>
      </object_component>
      <object_component id="oc-126">
         <name>.text:_ADC_setVoltRefSrc</name>
         <load_address>0x3f76c5</load_address>
         <run_address>0x3f76c5</run_address>
         <size>0x11</size>
         <input_file_ref idref="fl-d"/>
      </object_component>
      <object_component id="oc-11c">
         <name>.text:_PIE_disableAllInts</name>
         <load_address>0x3f76d6</load_address>
         <run_address>0x3f76d6</run_address>
         <size>0x11</size>
         <input_file_ref idref="fl-14"/>
      </object_component>
      <object_component id="oc-11f">
         <name>.text:_PIE_setDebugIntVectorTable</name>
         <load_address>0x3f76e7</load_address>
         <run_address>0x3f76e7</run_address>
         <size>0x11</size>
         <input_file_ref idref="fl-14"/>
      </object_component>
      <object_component id="oc-121">
         <name>.text:_PIE_registerPieIntHandler</name>
         <load_address>0x3f76f8</load_address>
         <run_address>0x3f76f8</run_address>
         <size>0xf</size>
         <input_file_ref idref="fl-14"/>
      </object_component>
      <object_component id="oc-125">
         <name>.text:_ADC_enable</name>
         <load_address>0x3f7707</load_address>
         <run_address>0x3f7707</run_address>
         <size>0xa</size>
         <input_file_ref idref="fl-d"/>
      </object_component>
      <object_component id="oc-122">
         <name>.text:_ADC_enableBandGap</name>
         <load_address>0x3f7711</load_address>
         <run_address>0x3f7711</run_address>
         <size>0xa</size>
         <input_file_ref idref="fl-d"/>
      </object_component>
      <object_component id="oc-123">
         <name>.text:_ADC_enableRefBuffers</name>
         <load_address>0x3f771b</load_address>
         <run_address>0x3f771b</run_address>
         <size>0xa</size>
         <input_file_ref idref="fl-d"/>
      </object_component>
      <object_component id="oc-10d">
         <name>.text:_ADC_init</name>
         <load_address>0x3f7725</load_address>
         <run_address>0x3f7725</run_address>
         <size>0xa</size>
         <input_file_ref idref="fl-d"/>
      </object_component>
      <object_component id="oc-124">
         <name>.text:_ADC_powerUp</name>
         <load_address>0x3f772f</load_address>
         <run_address>0x3f772f</run_address>
         <size>0xa</size>
         <input_file_ref idref="fl-d"/>
      </object_component>
      <object_component id="oc-112">
         <name>.text:_PIE_init</name>
         <load_address>0x3f7739</load_address>
         <run_address>0x3f7739</run_address>
         <size>0xa</size>
         <input_file_ref idref="fl-14"/>
      </object_component>
      <object_component id="oc-104">
         <name>.text:_SCI_resetChannels</name>
         <load_address>0x3f7743</load_address>
         <run_address>0x3f7743</run_address>
         <size>0xa</size>
         <input_file_ref idref="fl-17"/>
      </object_component>
      <object_component id="oc-106">
         <name>.text:_SCI_resetRxFifo</name>
         <load_address>0x3f774d</load_address>
         <run_address>0x3f774d</run_address>
         <size>0xa</size>
         <input_file_ref idref="fl-17"/>
      </object_component>
      <object_component id="oc-102">
         <name>.text:_SCI_resetTxFifo</name>
         <load_address>0x3f7757</load_address>
         <run_address>0x3f7757</run_address>
         <size>0xa</size>
         <input_file_ref idref="fl-17"/>
      </object_component>
      <object_component id="oc-40">
         <name>.text</name>
         <load_address>0x3f7761</load_address>
         <run_address>0x3f7761</run_address>
         <size>0xa</size>
         <input_file_ref idref="fl-10"/>
      </object_component>
      <object_component id="oc-133">
         <name>.text:_CLK_enablePwmClock</name>
         <load_address>0x3f776b</load_address>
         <run_address>0x3f776b</run_address>
         <size>0x9</size>
         <input_file_ref idref="fl-e"/>
      </object_component>
      <object_component id="oc-f5">
         <name>.text:_CLK_enableSciaClock</name>
         <load_address>0x3f7774</load_address>
         <run_address>0x3f7774</run_address>
         <size>0x9</size>
         <input_file_ref idref="fl-e"/>
      </object_component>
      <object_component id="oc-136">
         <name>.text:_PWM_setSocAPeriod</name>
         <load_address>0x3f777d</load_address>
         <run_address>0x3f777d</run_address>
         <size>0x9</size>
         <input_file_ref idref="fl-16"/>
      </object_component>
      <object_component id="oc-135">
         <name>.text:_PWM_setSocAPulseSrc</name>
         <load_address>0x3f7786</load_address>
         <run_address>0x3f7786</run_address>
         <size>0x9</size>
         <input_file_ref idref="fl-16"/>
      </object_component>
      <object_component id="oc-100">
         <name>.text:_SCI_putDataNonBlocking</name>
         <load_address>0x3f778f</load_address>
         <run_address>0x3f778f</run_address>
         <size>0x9</size>
         <input_file_ref idref="fl-17"/>
      </object_component>
      <object_component id="oc-13e">
         <name>.text</name>
         <load_address>0x3f7798</load_address>
         <run_address>0x3f7798</run_address>
         <size>0x9</size>
         <input_file_ref idref="fl-25"/>
      </object_component>
      <object_component id="oc-10e">
         <name>.text:_CLK_init</name>
         <load_address>0x3f77a1</load_address>
         <run_address>0x3f77a1</run_address>
         <size>0x8</size>
         <input_file_ref idref="fl-e"/>
      </object_component>
      <object_component id="oc-110">
         <name>.text:_FLASH_init</name>
         <load_address>0x3f77a9</load_address>
         <run_address>0x3f77a9</run_address>
         <size>0x8</size>
         <input_file_ref idref="fl-12"/>
      </object_component>
      <object_component id="oc-111">
         <name>.text:_GPIO_init</name>
         <load_address>0x3f77b1</load_address>
         <run_address>0x3f77b1</run_address>
         <size>0x8</size>
         <input_file_ref idref="fl-13"/>
      </object_component>
      <object_component id="oc-113">
         <name>.text:_PLL_init</name>
         <load_address>0x3f77b9</load_address>
         <run_address>0x3f77b9</run_address>
         <size>0x8</size>
         <input_file_ref idref="fl-15"/>
      </object_component>
      <object_component id="oc-114">
         <name>.text:_PWM_init</name>
         <load_address>0x3f77c1</load_address>
         <run_address>0x3f77c1</run_address>
         <size>0x8</size>
         <input_file_ref idref="fl-16"/>
      </object_component>
      <object_component id="oc-116">
         <name>.text:_SCI_init</name>
         <load_address>0x3f77c9</load_address>
         <run_address>0x3f77c9</run_address>
         <size>0x8</size>
         <input_file_ref idref="fl-17"/>
      </object_component>
      <object_component id="oc-117">
         <name>.text:_WDOG_disable</name>
         <load_address>0x3f77d1</load_address>
         <run_address>0x3f77d1</run_address>
         <size>0x8</size>
         <input_file_ref idref="fl-18"/>
      </object_component>
      <object_component id="oc-115">
         <name>.text:_WDOG_init</name>
         <load_address>0x3f77d9</load_address>
         <run_address>0x3f77d9</run_address>
         <size>0x8</size>
         <input_file_ref idref="fl-18"/>
      </object_component>
      <object_component id="oc-46">
         <name>.text</name>
         <load_address>0x3f77e1</load_address>
         <run_address>0x3f77e1</run_address>
         <size>0x8</size>
         <input_file_ref idref="fl-11"/>
      </object_component>
      <object_component id="oc-118">
         <name>.text:_CLK_enableAdcClock</name>
         <load_address>0x3f77e9</load_address>
         <run_address>0x3f77e9</run_address>
         <size>0x7</size>
         <input_file_ref idref="fl-e"/>
      </object_component>
      <object_component id="oc-139">
         <name>.text:_CLK_enableTbClockSync</name>
         <load_address>0x3f77f0</load_address>
         <run_address>0x3f77f0</run_address>
         <size>0x7</size>
         <input_file_ref idref="fl-e"/>
      </object_component>
      <object_component id="oc-119">
         <name>.text:_CLK_setOscSrc</name>
         <load_address>0x3f77f7</load_address>
         <run_address>0x3f77f7</run_address>
         <size>0x7</size>
         <input_file_ref idref="fl-e"/>
      </object_component>
      <object_component id="oc-141">
         <name>.text:_PLL_setDivider</name>
         <load_address>0x3f77fe</load_address>
         <run_address>0x3f77fe</run_address>
         <size>0x7</size>
         <input_file_ref idref="fl-15"/>
      </object_component>
      <object_component id="oc-108">
         <name>.text:_SCI_setRxFifoIntLevel</name>
         <load_address>0x3f7805</load_address>
         <run_address>0x3f7805</run_address>
         <size>0x7</size>
         <input_file_ref idref="fl-17"/>
      </object_component>
      <object_component id="oc-105">
         <name>.text:_SCI_setTxFifoIntLevel</name>
         <load_address>0x3f780c</load_address>
         <run_address>0x3f780c</run_address>
         <size>0x7</size>
         <input_file_ref idref="fl-17"/>
      </object_component>
      <object_component id="oc-142">
         <name>.text:_PLL_setMultiplier</name>
         <load_address>0x3f7813</load_address>
         <run_address>0x3f7813</run_address>
         <size>0x6</size>
         <input_file_ref idref="fl-15"/>
      </object_component>
      <object_component id="oc-fd">
         <name>.text:_SCI_setBaudRate</name>
         <load_address>0x3f7819</load_address>
         <run_address>0x3f7819</run_address>
         <size>0x6</size>
         <input_file_ref idref="fl-17"/>
      </object_component>
      <object_component id="oc-83">
         <name>.text:_ADCINT1_ISR</name>
         <load_address>0x3f781f</load_address>
         <run_address>0x3f781f</run_address>
         <size>0x5</size>
         <input_file_ref idref="fl-19"/>
      </object_component>
      <object_component id="oc-84">
         <name>.text:_ADCINT2_ISR</name>
         <load_address>0x3f7824</load_address>
         <run_address>0x3f7824</run_address>
         <size>0x5</size>
         <input_file_ref idref="fl-19"/>
      </object_component>
      <object_component id="oc-99">
         <name>.text:_ADCINT3_ISR</name>
         <load_address>0x3f7829</load_address>
         <run_address>0x3f7829</run_address>
         <size>0x5</size>
         <input_file_ref idref="fl-19"/>
      </object_component>
      <object_component id="oc-9a">
         <name>.text:_ADCINT4_ISR</name>
         <load_address>0x3f782e</load_address>
         <run_address>0x3f782e</run_address>
         <size>0x5</size>
         <input_file_ref idref="fl-19"/>
      </object_component>
      <object_component id="oc-9b">
         <name>.text:_ADCINT5_ISR</name>
         <load_address>0x3f7833</load_address>
         <run_address>0x3f7833</run_address>
         <size>0x5</size>
         <input_file_ref idref="fl-19"/>
      </object_component>
      <object_component id="oc-9c">
         <name>.text:_ADCINT6_ISR</name>
         <load_address>0x3f7838</load_address>
         <run_address>0x3f7838</run_address>
         <size>0x5</size>
         <input_file_ref idref="fl-19"/>
      </object_component>
      <object_component id="oc-9d">
         <name>.text:_ADCINT7_ISR</name>
         <load_address>0x3f783d</load_address>
         <run_address>0x3f783d</run_address>
         <size>0x5</size>
         <input_file_ref idref="fl-19"/>
      </object_component>
      <object_component id="oc-9e">
         <name>.text:_ADCINT8_ISR</name>
         <load_address>0x3f7842</load_address>
         <run_address>0x3f7842</run_address>
         <size>0x5</size>
         <input_file_ref idref="fl-19"/>
      </object_component>
      <object_component id="oc-87">
         <name>.text:_ADCINT9_ISR</name>
         <load_address>0x3f7847</load_address>
         <run_address>0x3f7847</run_address>
         <size>0x5</size>
         <input_file_ref idref="fl-19"/>
      </object_component>
      <object_component id="oc-72">
         <name>.text:_DATALOG_ISR</name>
         <load_address>0x3f784c</load_address>
         <run_address>0x3f784c</run_address>
         <size>0x5</size>
         <input_file_ref idref="fl-19"/>
      </object_component>
      <object_component id="oc-92">
         <name>.text:_ECAP1_INT_ISR</name>
         <load_address>0x3f7851</load_address>
         <run_address>0x3f7851</run_address>
         <size>0x5</size>
         <input_file_ref idref="fl-19"/>
      </object_component>
      <object_component id="oc-a0">
         <name>.text:_EMPTY_ISR</name>
         <load_address>0x3f7856</load_address>
         <run_address>0x3f7856</run_address>
         <size>0x5</size>
         <input_file_ref idref="fl-19"/>
      </object_component>
      <object_component id="oc-74">
         <name>.text:_EMUINT_ISR</name>
         <load_address>0x3f785b</load_address>
         <run_address>0x3f785b</run_address>
         <size>0x5</size>
         <input_file_ref idref="fl-19"/>
      </object_component>
      <object_component id="oc-8e">
         <name>.text:_EPWM1_INT_ISR</name>
         <load_address>0x3f7860</load_address>
         <run_address>0x3f7860</run_address>
         <size>0x5</size>
         <input_file_ref idref="fl-19"/>
      </object_component>
      <object_component id="oc-8a">
         <name>.text:_EPWM1_TZINT_ISR</name>
         <load_address>0x3f7865</load_address>
         <run_address>0x3f7865</run_address>
         <size>0x5</size>
         <input_file_ref idref="fl-19"/>
      </object_component>
      <object_component id="oc-8f">
         <name>.text:_EPWM2_INT_ISR</name>
         <load_address>0x3f786a</load_address>
         <run_address>0x3f786a</run_address>
         <size>0x5</size>
         <input_file_ref idref="fl-19"/>
      </object_component>
      <object_component id="oc-8b">
         <name>.text:_EPWM2_TZINT_ISR</name>
         <load_address>0x3f786f</load_address>
         <run_address>0x3f786f</run_address>
         <size>0x5</size>
         <input_file_ref idref="fl-19"/>
      </object_component>
      <object_component id="oc-90">
         <name>.text:_EPWM3_INT_ISR</name>
         <load_address>0x3f7874</load_address>
         <run_address>0x3f7874</run_address>
         <size>0x5</size>
         <input_file_ref idref="fl-19"/>
      </object_component>
      <object_component id="oc-8c">
         <name>.text:_EPWM3_TZINT_ISR</name>
         <load_address>0x3f7879</load_address>
         <run_address>0x3f7879</run_address>
         <size>0x5</size>
         <input_file_ref idref="fl-19"/>
      </object_component>
      <object_component id="oc-91">
         <name>.text:_EPWM4_INT_ISR</name>
         <load_address>0x3f787e</load_address>
         <run_address>0x3f787e</run_address>
         <size>0x5</size>
         <input_file_ref idref="fl-19"/>
      </object_component>
      <object_component id="oc-8d">
         <name>.text:_EPWM4_TZINT_ISR</name>
         <load_address>0x3f7883</load_address>
         <run_address>0x3f7883</run_address>
         <size>0x5</size>
         <input_file_ref idref="fl-19"/>
      </object_component>
      <object_component id="oc-95">
         <name>.text:_I2CINT1A_ISR</name>
         <load_address>0x3f7888</load_address>
         <run_address>0x3f7888</run_address>
         <size>0x5</size>
         <input_file_ref idref="fl-19"/>
      </object_component>
      <object_component id="oc-96">
         <name>.text:_I2CINT2A_ISR</name>
         <load_address>0x3f788d</load_address>
         <run_address>0x3f788d</run_address>
         <size>0x5</size>
         <input_file_ref idref="fl-19"/>
      </object_component>
      <object_component id="oc-76">
         <name>.text:_ILLEGAL_ISR</name>
         <load_address>0x3f7892</load_address>
         <run_address>0x3f7892</run_address>
         <size>0x5</size>
         <input_file_ref idref="fl-19"/>
      </object_component>
      <object_component id="oc-70">
         <name>.text:_INT13_ISR</name>
         <load_address>0x3f7897</load_address>
         <run_address>0x3f7897</run_address>
         <size>0x5</size>
         <input_file_ref idref="fl-19"/>
      </object_component>
      <object_component id="oc-71">
         <name>.text:_INT14_ISR</name>
         <load_address>0x3f789c</load_address>
         <run_address>0x3f789c</run_address>
         <size>0x5</size>
         <input_file_ref idref="fl-19"/>
      </object_component>
      <object_component id="oc-75">
         <name>.text:_NMI_ISR</name>
         <load_address>0x3f78a1</load_address>
         <run_address>0x3f78a1</run_address>
         <size>0x5</size>
         <input_file_ref idref="fl-19"/>
      </object_component>
      <object_component id="oc-a1">
         <name>.text:_PIE_RESERVED</name>
         <load_address>0x3f78a6</load_address>
         <run_address>0x3f78a6</run_address>
         <size>0x5</size>
         <input_file_ref idref="fl-19"/>
      </object_component>
      <object_component id="oc-56">
         <name>.text:_PIE_illegalIsr</name>
         <load_address>0x3f78ab</load_address>
         <run_address>0x3f78ab</run_address>
         <size>0x5</size>
         <input_file_ref idref="fl-14"/>
      </object_component>
      <object_component id="oc-73">
         <name>.text:_RTOSINT_ISR</name>
         <load_address>0x3f78b0</load_address>
         <run_address>0x3f78b0</run_address>
         <size>0x5</size>
         <input_file_ref idref="fl-19"/>
      </object_component>
      <object_component id="oc-97">
         <name>.text:_SCIRXINTA_ISR</name>
         <load_address>0x3f78b5</load_address>
         <run_address>0x3f78b5</run_address>
         <size>0x5</size>
         <input_file_ref idref="fl-19"/>
      </object_component>
      <object_component id="oc-98">
         <name>.text:_SCITXINTA_ISR</name>
         <load_address>0x3f78ba</load_address>
         <run_address>0x3f78ba</run_address>
         <size>0x5</size>
         <input_file_ref idref="fl-19"/>
      </object_component>
      <object_component id="oc-93">
         <name>.text:_SPIRXINTA_ISR</name>
         <load_address>0x3f78bf</load_address>
         <run_address>0x3f78bf</run_address>
         <size>0x5</size>
         <input_file_ref idref="fl-19"/>
      </object_component>
      <object_component id="oc-94">
         <name>.text:_SPITXINTA_ISR</name>
         <load_address>0x3f78c4</load_address>
         <run_address>0x3f78c4</run_address>
         <size>0x5</size>
         <input_file_ref idref="fl-19"/>
      </object_component>
      <object_component id="oc-88">
         <name>.text:_TINT0_ISR</name>
         <load_address>0x3f78c9</load_address>
         <run_address>0x3f78c9</run_address>
         <size>0x5</size>
         <input_file_ref idref="fl-19"/>
      </object_component>
      <object_component id="oc-80">
         <name>.text:_USER10_ISR</name>
         <load_address>0x3f78ce</load_address>
         <run_address>0x3f78ce</run_address>
         <size>0x5</size>
         <input_file_ref idref="fl-19"/>
      </object_component>
      <object_component id="oc-81">
         <name>.text:_USER11_ISR</name>
         <load_address>0x3f78d3</load_address>
         <run_address>0x3f78d3</run_address>
         <size>0x5</size>
         <input_file_ref idref="fl-19"/>
      </object_component>
      <object_component id="oc-82">
         <name>.text:_USER12_ISR</name>
         <load_address>0x3f78d8</load_address>
         <run_address>0x3f78d8</run_address>
         <size>0x5</size>
         <input_file_ref idref="fl-19"/>
      </object_component>
      <object_component id="oc-77">
         <name>.text:_USER1_ISR</name>
         <load_address>0x3f78dd</load_address>
         <run_address>0x3f78dd</run_address>
         <size>0x5</size>
         <input_file_ref idref="fl-19"/>
      </object_component>
      <object_component id="oc-78">
         <name>.text:_USER2_ISR</name>
         <load_address>0x3f78e2</load_address>
         <run_address>0x3f78e2</run_address>
         <size>0x5</size>
         <input_file_ref idref="fl-19"/>
      </object_component>
      <object_component id="oc-79">
         <name>.text:_USER3_ISR</name>
         <load_address>0x3f78e7</load_address>
         <run_address>0x3f78e7</run_address>
         <size>0x5</size>
         <input_file_ref idref="fl-19"/>
      </object_component>
      <object_component id="oc-7a">
         <name>.text:_USER4_ISR</name>
         <load_address>0x3f78ec</load_address>
         <run_address>0x3f78ec</run_address>
         <size>0x5</size>
         <input_file_ref idref="fl-19"/>
      </object_component>
      <object_component id="oc-7b">
         <name>.text:_USER5_ISR</name>
         <load_address>0x3f78f1</load_address>
         <run_address>0x3f78f1</run_address>
         <size>0x5</size>
         <input_file_ref idref="fl-19"/>
      </object_component>
      <object_component id="oc-7c">
         <name>.text:_USER6_ISR</name>
         <load_address>0x3f78f6</load_address>
         <run_address>0x3f78f6</run_address>
         <size>0x5</size>
         <input_file_ref idref="fl-19"/>
      </object_component>
      <object_component id="oc-7d">
         <name>.text:_USER7_ISR</name>
         <load_address>0x3f78fb</load_address>
         <run_address>0x3f78fb</run_address>
         <size>0x5</size>
         <input_file_ref idref="fl-19"/>
      </object_component>
      <object_component id="oc-7e">
         <name>.text:_USER8_ISR</name>
         <load_address>0x3f7900</load_address>
         <run_address>0x3f7900</run_address>
         <size>0x5</size>
         <input_file_ref idref="fl-19"/>
      </object_component>
      <object_component id="oc-7f">
         <name>.text:_USER9_ISR</name>
         <load_address>0x3f7905</load_address>
         <run_address>0x3f7905</run_address>
         <size>0x5</size>
         <input_file_ref idref="fl-19"/>
      </object_component>
      <object_component id="oc-89">
         <name>.text:_WAKEINT_ISR</name>
         <load_address>0x3f790a</load_address>
         <run_address>0x3f790a</run_address>
         <size>0x5</size>
         <input_file_ref idref="fl-19"/>
      </object_component>
      <object_component id="oc-85">
         <name>.text:_XINT1_ISR</name>
         <load_address>0x3f790f</load_address>
         <run_address>0x3f790f</run_address>
         <size>0x5</size>
         <input_file_ref idref="fl-19"/>
      </object_component>
      <object_component id="oc-86">
         <name>.text:_XINT2_ISR</name>
         <load_address>0x3f7914</load_address>
         <run_address>0x3f7914</run_address>
         <size>0x5</size>
         <input_file_ref idref="fl-19"/>
      </object_component>
      <object_component id="oc-9f">
         <name>.text:_XINT3_ISR</name>
         <load_address>0x3f7919</load_address>
         <run_address>0x3f7919</run_address>
         <size>0x5</size>
         <input_file_ref idref="fl-19"/>
      </object_component>
      <object_component id="oc-a2">
         <name>.text:_rsvd_ISR</name>
         <load_address>0x3f791e</load_address>
         <run_address>0x3f791e</run_address>
         <size>0x5</size>
         <input_file_ref idref="fl-19"/>
      </object_component>
      <object_component id="oc-128">
         <name>.text:_CPU_enableInt</name>
         <load_address>0x3f7923</load_address>
         <run_address>0x3f7923</run_address>
         <size>0x4</size>
         <input_file_ref idref="fl-f"/>
      </object_component>
      <object_component id="oc-10f">
         <name>.text:_CPU_init</name>
         <load_address>0x3f7927</load_address>
         <run_address>0x3f7927</run_address>
         <size>0x4</size>
         <input_file_ref idref="fl-f"/>
      </object_component>
      <object_component id="oc-134">
         <name>.text:_PWM_enableSocAPulse</name>
         <load_address>0x3f792b</load_address>
         <run_address>0x3f792b</run_address>
         <size>0x4</size>
         <input_file_ref idref="fl-16"/>
      </object_component>
      <object_component id="oc-138">
         <name>.text:_PWM_setCounterMode</name>
         <load_address>0x3f792f</load_address>
         <run_address>0x3f792f</run_address>
         <size>0x4</size>
         <input_file_ref idref="fl-16"/>
      </object_component>
      <object_component id="oc-107">
         <name>.text:_SCI_clearRxFifoInt</name>
         <load_address>0x3f7933</load_address>
         <run_address>0x3f7933</run_address>
         <size>0x4</size>
         <input_file_ref idref="fl-17"/>
      </object_component>
      <object_component id="oc-103">
         <name>.text:_SCI_clearTxFifoInt</name>
         <load_address>0x3f7937</load_address>
         <run_address>0x3f7937</run_address>
         <size>0x4</size>
         <input_file_ref idref="fl-17"/>
      </object_component>
      <object_component id="oc-101">
         <name>.text:_SCI_enableFifoEnh</name>
         <load_address>0x3f793b</load_address>
         <run_address>0x3f793b</run_address>
         <size>0x4</size>
         <input_file_ref idref="fl-17"/>
      </object_component>
      <object_component id="oc-ff">
         <name>.text:_SCI_getTxFifoStatus</name>
         <load_address>0x3f793f</load_address>
         <run_address>0x3f793f</run_address>
         <size>0x4</size>
         <input_file_ref idref="fl-17"/>
      </object_component>
      <object_component id="oc-f8">
         <name>.text:_SCI_setCharLength</name>
         <load_address>0x3f7943</load_address>
         <run_address>0x3f7943</run_address>
         <size>0x4</size>
         <input_file_ref idref="fl-17"/>
      </object_component>
      <object_component id="oc-f7">
         <name>.text:_SCI_setNumStopBits</name>
         <load_address>0x3f7947</load_address>
         <run_address>0x3f7947</run_address>
         <size>0x4</size>
         <input_file_ref idref="fl-17"/>
      </object_component>
      <object_component id="oc-11e">
         <name>.text:_CPU_clearIntFlags</name>
         <load_address>0x3f794b</load_address>
         <run_address>0x3f794b</run_address>
         <size>0x3</size>
         <input_file_ref idref="fl-f"/>
      </object_component>
      <object_component id="oc-11d">
         <name>.text:_CPU_disableGlobalInts</name>
         <load_address>0x3f794e</load_address>
         <run_address>0x3f794e</run_address>
         <size>0x3</size>
         <input_file_ref idref="fl-f"/>
      </object_component>
      <object_component id="oc-12a">
         <name>.text:_CPU_enableDebugInt</name>
         <load_address>0x3f7951</load_address>
         <run_address>0x3f7951</run_address>
         <size>0x3</size>
         <input_file_ref idref="fl-f"/>
      </object_component>
      <object_component id="oc-129">
         <name>.text:_CPU_enableGlobalInts</name>
         <load_address>0x3f7954</load_address>
         <run_address>0x3f7954</run_address>
         <size>0x3</size>
         <input_file_ref idref="fl-f"/>
      </object_component>
      <object_component id="oc-11b">
         <name>.text:_PIE_disable</name>
         <load_address>0x3f7957</load_address>
         <run_address>0x3f7957</run_address>
         <size>0x3</size>
         <input_file_ref idref="fl-14"/>
      </object_component>
      <object_component id="oc-120">
         <name>.text:_PIE_enable</name>
         <load_address>0x3f795a</load_address>
         <run_address>0x3f795a</run_address>
         <size>0x3</size>
         <input_file_ref idref="fl-14"/>
      </object_component>
      <object_component id="oc-140">
         <name>.text:_PLL_getClkStatus</name>
         <load_address>0x3f795d</load_address>
         <run_address>0x3f795d</run_address>
         <size>0x3</size>
         <input_file_ref idref="fl-15"/>
      </object_component>
      <object_component id="oc-143">
         <name>.text:_PLL_getLockStatus</name>
         <load_address>0x3f7960</load_address>
         <run_address>0x3f7960</run_address>
         <size>0x3</size>
         <input_file_ref idref="fl-15"/>
      </object_component>
      <object_component id="oc-f6">
         <name>.text:_SCI_disableParity</name>
         <load_address>0x3f7963</load_address>
         <run_address>0x3f7963</run_address>
         <size>0x3</size>
         <input_file_ref idref="fl-17"/>
      </object_component>
      <object_component id="oc-fe">
         <name>.text:_SCI_enable</name>
         <load_address>0x3f7966</load_address>
         <run_address>0x3f7966</run_address>
         <size>0x3</size>
         <input_file_ref idref="fl-17"/>
      </object_component>
      <object_component id="oc-fa">
         <name>.text:_SCI_enableRx</name>
         <load_address>0x3f7969</load_address>
         <run_address>0x3f7969</run_address>
         <size>0x3</size>
         <input_file_ref idref="fl-17"/>
      </object_component>
      <object_component id="oc-fc">
         <name>.text:_SCI_enableRxInt</name>
         <load_address>0x3f796c</load_address>
         <run_address>0x3f796c</run_address>
         <size>0x3</size>
         <input_file_ref idref="fl-17"/>
      </object_component>
      <object_component id="oc-f9">
         <name>.text:_SCI_enableTx</name>
         <load_address>0x3f796f</load_address>
         <run_address>0x3f796f</run_address>
         <size>0x3</size>
         <input_file_ref idref="fl-17"/>
      </object_component>
      <object_component id="oc-fb">
         <name>.text:_SCI_enableTxInt</name>
         <load_address>0x3f7972</load_address>
         <run_address>0x3f7972</run_address>
         <size>0x3</size>
         <input_file_ref idref="fl-17"/>
      </object_component>
      <object_component id="oc-137">
         <name>.text:_PWM_setPeriod</name>
         <load_address>0x3f7975</load_address>
         <run_address>0x3f7975</run_address>
         <size>0x2</size>
         <input_file_ref idref="fl-16"/>
      </object_component>
      <object_component id="oc-f0">
         <name>.text</name>
         <load_address>0x3f7977</load_address>
         <run_address>0x3f7977</run_address>
         <size>0x2</size>
         <input_file_ref idref="fl-21"/>
      </object_component>
      <object_component id="oc-f2">
         <name>.text</name>
         <load_address>0x3f7979</load_address>
         <run_address>0x3f7979</run_address>
         <size>0x1</size>
         <input_file_ref idref="fl-22"/>
      </object_component>
      <object_component id="oc-ae">
         <name>.stack</name>
         <uninitialized>true</uninitialized>
         <run_address>0x400</run_address>
         <size>0x0</size>
         <input_file_ref idref="fl-1b"/>
      </object_component>
      <object_component id="oc-162">
         <name>.stack</name>
         <uninitialized>true</uninitialized>
         <run_address>0x400</run_address>
         <size>0x0</size>
      </object_component>
      <object_component id="oc-dd">
         <name>.ebss</name>
         <uninitialized>true</uninitialized>
         <run_address>0x600</run_address>
         <size>0x6</size>
         <input_file_ref idref="fl-24"/>
      </object_component>
      <object_component id="oc-10b">
         <name>.ebss:__lock</name>
         <uninitialized>true</uninitialized>
         <run_address>0x606</run_address>
         <size>0x2</size>
         <input_file_ref idref="fl-25"/>
      </object_component>
      <object_component id="oc-145">
         <name>.ebss:__unlock</name>
         <uninitialized>true</uninitialized>
         <run_address>0x608</run_address>
         <size>0x2</size>
         <input_file_ref idref="fl-25"/>
      </object_component>
      <object_component id="oc-3b">
         <name>.ebss</name>
         <uninitialized>true</uninitialized>
         <run_address>0x60a</run_address>
         <size>0x1</size>
         <input_file_ref idref="fl-f"/>
      </object_component>
      <object_component id="oc-d9">
         <name>.ebss</name>
         <uninitialized>true</uninitialized>
         <run_address>0x60b</run_address>
         <size>0x1</size>
         <input_file_ref idref="fl-23"/>
      </object_component>
      <object_component id="oc-20">
         <name>.ebss</name>
         <uninitialized>true</uninitialized>
         <run_address>0x8000</run_address>
         <size>0x224</size>
         <input_file_ref idref="fl-4"/>
      </object_component>
      <object_component id="oc-144">
         <name>.econst:_PIE_tableDebugInit</name>
         <load_address>0x3f797a</load_address>
         <run_address>0x3f797a</run_address>
         <size>0x100</size>
         <input_file_ref idref="fl-14"/>
      </object_component>
      <object_component id="oc-a8">
         <name>.econst</name>
         <load_address>0x3f7a7a</load_address>
         <run_address>0x3f7a7a</run_address>
         <size>0x4</size>
         <input_file_ref idref="fl-1a"/>
      </object_component>
      <object_component id="oc-af">
         <name>.reset</name>
         <load_address>0x3fffc0</load_address>
         <run_address>0x3fffc0</run_address>
         <size>0x2</size>
         <input_file_ref idref="fl-1b"/>
      </object_component>
      <object_component id="oc-14">
         <name>.debug_info</name>
         <load_address>0x0</load_address>
         <run_address>0x0</run_address>
         <size>0x10a5</size>
         <input_file_ref idref="fl-2"/>
      </object_component>
      <object_component id="oc-19">
         <name>.debug_info</name>
         <load_address>0x10a5</load_address>
         <run_address>0x10a5</run_address>
         <size>0x3ce</size>
         <input_file_ref idref="fl-3"/>
      </object_component>
      <object_component id="oc-1e">
         <name>.debug_info</name>
         <load_address>0x1473</load_address>
         <run_address>0x1473</run_address>
         <size>0x2eb1</size>
         <input_file_ref idref="fl-4"/>
      </object_component>
      <object_component id="oc-26">
         <name>.debug_info</name>
         <load_address>0x4324</load_address>
         <run_address>0x4324</run_address>
         <size>0x5e0d</size>
         <input_file_ref idref="fl-5"/>
      </object_component>
      <object_component id="oc-2b">
         <name>.debug_info</name>
         <load_address>0xa131</load_address>
         <run_address>0xa131</run_address>
         <size>0x305</size>
         <input_file_ref idref="fl-6"/>
      </object_component>
      <object_component id="oc-30">
         <name>.debug_info</name>
         <load_address>0xa436</load_address>
         <run_address>0xa436</run_address>
         <size>0x2aa0</size>
         <input_file_ref idref="fl-d"/>
      </object_component>
      <object_component id="oc-35">
         <name>.debug_info</name>
         <load_address>0xced6</load_address>
         <run_address>0xced6</run_address>
         <size>0x100e</size>
         <input_file_ref idref="fl-e"/>
      </object_component>
      <object_component id="oc-3a">
         <name>.debug_info</name>
         <load_address>0xdee4</load_address>
         <run_address>0xdee4</run_address>
         <size>0xa77</size>
         <input_file_ref idref="fl-f"/>
      </object_component>
      <object_component id="oc-42">
         <name>.debug_info</name>
         <load_address>0xe95b</load_address>
         <run_address>0xe95b</run_address>
         <size>0x1f9</size>
         <input_file_ref idref="fl-10"/>
      </object_component>
      <object_component id="oc-47">
         <name>.debug_info</name>
         <load_address>0xeb54</load_address>
         <run_address>0xeb54</run_address>
         <size>0x1eb</size>
         <input_file_ref idref="fl-11"/>
      </object_component>
      <object_component id="oc-4b">
         <name>.debug_info</name>
         <load_address>0xed3f</load_address>
         <run_address>0xed3f</run_address>
         <size>0xc8c</size>
         <input_file_ref idref="fl-12"/>
      </object_component>
      <object_component id="oc-50">
         <name>.debug_info</name>
         <load_address>0xf9cb</load_address>
         <run_address>0xf9cb</run_address>
         <size>0x1e4e</size>
         <input_file_ref idref="fl-13"/>
      </object_component>
      <object_component id="oc-55">
         <name>.debug_info</name>
         <load_address>0x11819</load_address>
         <run_address>0x11819</run_address>
         <size>0x2cdf</size>
         <input_file_ref idref="fl-14"/>
      </object_component>
      <object_component id="oc-5b">
         <name>.debug_info</name>
         <load_address>0x144f8</load_address>
         <run_address>0x144f8</run_address>
         <size>0xd6c</size>
         <input_file_ref idref="fl-15"/>
      </object_component>
      <object_component id="oc-60">
         <name>.debug_info</name>
         <load_address>0x15264</load_address>
         <run_address>0x15264</run_address>
         <size>0x2ab8</size>
         <input_file_ref idref="fl-16"/>
      </object_component>
      <object_component id="oc-65">
         <name>.debug_info</name>
         <load_address>0x17d1c</load_address>
         <run_address>0x17d1c</run_address>
         <size>0x1e17</size>
         <input_file_ref idref="fl-17"/>
      </object_component>
      <object_component id="oc-6a">
         <name>.debug_info</name>
         <load_address>0x19b33</load_address>
         <run_address>0x19b33</run_address>
         <size>0x7a9</size>
         <input_file_ref idref="fl-18"/>
      </object_component>
      <object_component id="oc-6f">
         <name>.debug_info</name>
         <load_address>0x1a2dc</load_address>
         <run_address>0x1a2dc</run_address>
         <size>0x2d3e</size>
         <input_file_ref idref="fl-19"/>
      </object_component>
      <object_component id="oc-a7">
         <name>.debug_info</name>
         <load_address>0x1d01a</load_address>
         <run_address>0x1d01a</run_address>
         <size>0x332</size>
         <input_file_ref idref="fl-1a"/>
      </object_component>
      <object_component id="oc-b0">
         <name>.debug_info</name>
         <load_address>0x1d34c</load_address>
         <run_address>0x1d34c</run_address>
         <size>0x16b</size>
         <input_file_ref idref="fl-1b"/>
      </object_component>
      <object_component id="oc-b5">
         <name>.debug_info</name>
         <load_address>0x1d4b7</load_address>
         <run_address>0x1d4b7</run_address>
         <size>0x10c</size>
         <input_file_ref idref="fl-1c"/>
      </object_component>
      <object_component id="oc-ba">
         <name>.debug_info</name>
         <load_address>0x1d5c3</load_address>
         <run_address>0x1d5c3</run_address>
         <size>0x10c</size>
         <input_file_ref idref="fl-1d"/>
      </object_component>
      <object_component id="oc-bf">
         <name>.debug_info</name>
         <load_address>0x1d6cf</load_address>
         <run_address>0x1d6cf</run_address>
         <size>0x10c</size>
         <input_file_ref idref="fl-1e"/>
      </object_component>
      <object_component id="oc-c3">
         <name>.debug_info</name>
         <load_address>0x1d7db</load_address>
         <run_address>0x1d7db</run_address>
         <size>0x4c2</size>
         <input_file_ref idref="fl-1f"/>
      </object_component>
      <object_component id="oc-c8">
         <name>.debug_info</name>
         <load_address>0x1dc9d</load_address>
         <run_address>0x1dc9d</run_address>
         <size>0x3bd</size>
         <input_file_ref idref="fl-20"/>
      </object_component>
      <object_component id="oc-cd">
         <name>.debug_info</name>
         <load_address>0x1e05a</load_address>
         <run_address>0x1e05a</run_address>
         <size>0x330</size>
         <input_file_ref idref="fl-21"/>
      </object_component>
      <object_component id="oc-d2">
         <name>.debug_info</name>
         <load_address>0x1e38a</load_address>
         <run_address>0x1e38a</run_address>
         <size>0x32d</size>
         <input_file_ref idref="fl-22"/>
      </object_component>
      <object_component id="oc-d7">
         <name>.debug_info</name>
         <load_address>0x1e6b7</load_address>
         <run_address>0x1e6b7</run_address>
         <size>0x1bb</size>
         <input_file_ref idref="fl-23"/>
      </object_component>
      <object_component id="oc-db">
         <name>.debug_info</name>
         <load_address>0x1e872</load_address>
         <run_address>0x1e872</run_address>
         <size>0x4c7</size>
         <input_file_ref idref="fl-24"/>
      </object_component>
      <object_component id="oc-e2">
         <name>.debug_info</name>
         <load_address>0x1ed39</load_address>
         <run_address>0x1ed39</run_address>
         <size>0x44f</size>
         <input_file_ref idref="fl-25"/>
      </object_component>
      <object_component id="oc-e7">
         <name>.debug_info</name>
         <load_address>0x1f188</load_address>
         <run_address>0x1f188</run_address>
         <size>0x3ea</size>
         <input_file_ref idref="fl-26"/>
      </object_component>
      <object_component id="oc-167">
         <name>.debug_info</name>
         <load_address>0x1f572</load_address>
         <run_address>0x1f572</run_address>
         <size>0xd8</size>
      </object_component>
      <object_component id="oc-15">
         <name>.debug_frame</name>
         <load_address>0x0</load_address>
         <run_address>0x0</run_address>
         <size>0x88</size>
         <input_file_ref idref="fl-2"/>
      </object_component>
      <object_component id="oc-1a">
         <name>.debug_frame</name>
         <load_address>0x88</load_address>
         <run_address>0x88</run_address>
         <size>0x20</size>
         <input_file_ref idref="fl-3"/>
      </object_component>
      <object_component id="oc-22">
         <name>.debug_frame</name>
         <load_address>0xa8</load_address>
         <run_address>0xa8</run_address>
         <size>0xb4</size>
         <input_file_ref idref="fl-4"/>
      </object_component>
      <object_component id="oc-27">
         <name>.debug_frame</name>
         <load_address>0x15c</load_address>
         <run_address>0x15c</run_address>
         <size>0x54</size>
         <input_file_ref idref="fl-5"/>
      </object_component>
      <object_component id="oc-2c">
         <name>.debug_frame</name>
         <load_address>0x1b0</load_address>
         <run_address>0x1b0</run_address>
         <size>0x20</size>
         <input_file_ref idref="fl-6"/>
      </object_component>
      <object_component id="oc-31">
         <name>.debug_frame</name>
         <load_address>0x3e8</load_address>
         <run_address>0x3e8</run_address>
         <size>0x188</size>
         <input_file_ref idref="fl-d"/>
      </object_component>
      <object_component id="oc-36">
         <name>.debug_frame</name>
         <load_address>0x570</load_address>
         <run_address>0x570</run_address>
         <size>0xe0</size>
         <input_file_ref idref="fl-e"/>
      </object_component>
      <object_component id="oc-3c">
         <name>.debug_frame</name>
         <load_address>0x650</load_address>
         <run_address>0x650</run_address>
         <size>0xe0</size>
         <input_file_ref idref="fl-f"/>
      </object_component>
      <object_component id="oc-4c">
         <name>.debug_frame</name>
         <load_address>0x730</load_address>
         <run_address>0x730</run_address>
         <size>0x77</size>
         <input_file_ref idref="fl-12"/>
      </object_component>
      <object_component id="oc-51">
         <name>.debug_frame</name>
         <load_address>0x7a7</load_address>
         <run_address>0x7a7</run_address>
         <size>0xf5</size>
         <input_file_ref idref="fl-13"/>
      </object_component>
      <object_component id="oc-57">
         <name>.debug_frame</name>
         <load_address>0x89c</load_address>
         <run_address>0x89c</run_address>
         <size>0x10a</size>
         <input_file_ref idref="fl-14"/>
      </object_component>
      <object_component id="oc-5c">
         <name>.debug_frame</name>
         <load_address>0x9a6</load_address>
         <run_address>0x9a6</run_address>
         <size>0xe0</size>
         <input_file_ref idref="fl-15"/>
      </object_component>
      <object_component id="oc-61">
         <name>.debug_frame</name>
         <load_address>0xa86</load_address>
         <run_address>0xa86</run_address>
         <size>0xe0</size>
         <input_file_ref idref="fl-16"/>
      </object_component>
      <object_component id="oc-66">
         <name>.debug_frame</name>
         <load_address>0xb66</load_address>
         <run_address>0xb66</run_address>
         <size>0x206</size>
         <input_file_ref idref="fl-17"/>
      </object_component>
      <object_component id="oc-6b">
         <name>.debug_frame</name>
         <load_address>0xd6c</load_address>
         <run_address>0xd6c</run_address>
         <size>0x8c</size>
         <input_file_ref idref="fl-18"/>
      </object_component>
      <object_component id="oc-a3">
         <name>.debug_frame</name>
         <load_address>0xdf8</load_address>
         <run_address>0xdf8</run_address>
         <size>0x491</size>
         <input_file_ref idref="fl-19"/>
      </object_component>
      <object_component id="oc-a9">
         <name>.debug_frame</name>
         <load_address>0x1d0</load_address>
         <run_address>0x1d0</run_address>
         <size>0x20</size>
         <input_file_ref idref="fl-1a"/>
      </object_component>
      <object_component id="oc-c4">
         <name>.debug_frame</name>
         <load_address>0x1f0</load_address>
         <run_address>0x1f0</run_address>
         <size>0x58</size>
         <input_file_ref idref="fl-1f"/>
      </object_component>
      <object_component id="oc-c9">
         <name>.debug_frame</name>
         <load_address>0x248</load_address>
         <run_address>0x248</run_address>
         <size>0x38</size>
         <input_file_ref idref="fl-20"/>
      </object_component>
      <object_component id="oc-ce">
         <name>.debug_frame</name>
         <load_address>0x280</load_address>
         <run_address>0x280</run_address>
         <size>0x38</size>
         <input_file_ref idref="fl-21"/>
      </object_component>
      <object_component id="oc-d3">
         <name>.debug_frame</name>
         <load_address>0x2b8</load_address>
         <run_address>0x2b8</run_address>
         <size>0x38</size>
         <input_file_ref idref="fl-22"/>
      </object_component>
      <object_component id="oc-de">
         <name>.debug_frame</name>
         <load_address>0x2f0</load_address>
         <run_address>0x2f0</run_address>
         <size>0x58</size>
         <input_file_ref idref="fl-24"/>
      </object_component>
      <object_component id="oc-e3">
         <name>.debug_frame</name>
         <load_address>0x348</load_address>
         <run_address>0x348</run_address>
         <size>0x68</size>
         <input_file_ref idref="fl-25"/>
      </object_component>
      <object_component id="oc-e8">
         <name>.debug_frame</name>
         <load_address>0x3b0</load_address>
         <run_address>0x3b0</run_address>
         <size>0x38</size>
         <input_file_ref idref="fl-26"/>
      </object_component>
      <object_component id="oc-16">
         <name>.debug_line</name>
         <load_address>0x0</load_address>
         <run_address>0x0</run_address>
         <size>0xb3</size>
         <input_file_ref idref="fl-2"/>
      </object_component>
      <object_component id="oc-1b">
         <name>.debug_line</name>
         <load_address>0xb3</load_address>
         <run_address>0xb3</run_address>
         <size>0x34</size>
         <input_file_ref idref="fl-3"/>
      </object_component>
      <object_component id="oc-23">
         <name>.debug_line</name>
         <load_address>0xe7</load_address>
         <run_address>0xe7</run_address>
         <size>0x108</size>
         <input_file_ref idref="fl-4"/>
      </object_component>
      <object_component id="oc-28">
         <name>.debug_line</name>
         <load_address>0x1ef</load_address>
         <run_address>0x1ef</run_address>
         <size>0x10c</size>
         <input_file_ref idref="fl-5"/>
      </object_component>
      <object_component id="oc-2d">
         <name>.debug_line</name>
         <load_address>0x2fb</load_address>
         <run_address>0x2fb</run_address>
         <size>0x29</size>
         <input_file_ref idref="fl-6"/>
      </object_component>
      <object_component id="oc-32">
         <name>.debug_line</name>
         <load_address>0x324</load_address>
         <run_address>0x324</run_address>
         <size>0x236</size>
         <input_file_ref idref="fl-d"/>
      </object_component>
      <object_component id="oc-37">
         <name>.debug_line</name>
         <load_address>0x55a</load_address>
         <run_address>0x55a</run_address>
         <size>0x11d</size>
         <input_file_ref idref="fl-e"/>
      </object_component>
      <object_component id="oc-3d">
         <name>.debug_line</name>
         <load_address>0x677</load_address>
         <run_address>0x677</run_address>
         <size>0xfb</size>
         <input_file_ref idref="fl-f"/>
      </object_component>
      <object_component id="oc-43">
         <name>.debug_line</name>
         <load_address>0x772</load_address>
         <run_address>0x772</run_address>
         <size>0x9f</size>
         <input_file_ref idref="fl-10"/>
      </object_component>
      <object_component id="oc-48">
         <name>.debug_line</name>
         <load_address>0x811</load_address>
         <run_address>0x811</run_address>
         <size>0x9d</size>
         <input_file_ref idref="fl-11"/>
      </object_component>
      <object_component id="oc-4d">
         <name>.debug_line</name>
         <load_address>0x8ae</load_address>
         <run_address>0x8ae</run_address>
         <size>0x84</size>
         <input_file_ref idref="fl-12"/>
      </object_component>
      <object_component id="oc-52">
         <name>.debug_line</name>
         <load_address>0x932</load_address>
         <run_address>0x932</run_address>
         <size>0x1ba</size>
         <input_file_ref idref="fl-13"/>
      </object_component>
      <object_component id="oc-58">
         <name>.debug_line</name>
         <load_address>0xaec</load_address>
         <run_address>0xaec</run_address>
         <size>0x164</size>
         <input_file_ref idref="fl-14"/>
      </object_component>
      <object_component id="oc-5d">
         <name>.debug_line</name>
         <load_address>0xc50</load_address>
         <run_address>0xc50</run_address>
         <size>0x123</size>
         <input_file_ref idref="fl-15"/>
      </object_component>
      <object_component id="oc-62">
         <name>.debug_line</name>
         <load_address>0xd73</load_address>
         <run_address>0xd73</run_address>
         <size>0x111</size>
         <input_file_ref idref="fl-16"/>
      </object_component>
      <object_component id="oc-67">
         <name>.debug_line</name>
         <load_address>0xe84</load_address>
         <run_address>0xe84</run_address>
         <size>0x302</size>
         <input_file_ref idref="fl-17"/>
      </object_component>
      <object_component id="oc-6c">
         <name>.debug_line</name>
         <load_address>0x1186</load_address>
         <run_address>0x1186</run_address>
         <size>0xa3</size>
         <input_file_ref idref="fl-18"/>
      </object_component>
      <object_component id="oc-a4">
         <name>.debug_line</name>
         <load_address>0x1229</load_address>
         <run_address>0x1229</run_address>
         <size>0x4fb</size>
         <input_file_ref idref="fl-19"/>
      </object_component>
      <object_component id="oc-aa">
         <name>.debug_line</name>
         <load_address>0x1724</load_address>
         <run_address>0x1724</run_address>
         <size>0x2a</size>
         <input_file_ref idref="fl-1a"/>
      </object_component>
      <object_component id="oc-b1">
         <name>.debug_line</name>
         <load_address>0x174e</load_address>
         <run_address>0x174e</run_address>
         <size>0x7d</size>
         <input_file_ref idref="fl-1b"/>
      </object_component>
      <object_component id="oc-b6">
         <name>.debug_line</name>
         <load_address>0x17cb</load_address>
         <run_address>0x17cb</run_address>
         <size>0xa9</size>
         <input_file_ref idref="fl-1c"/>
      </object_component>
      <object_component id="oc-bb">
         <name>.debug_line</name>
         <load_address>0x1874</load_address>
         <run_address>0x1874</run_address>
         <size>0xab</size>
         <input_file_ref idref="fl-1d"/>
      </object_component>
      <object_component id="oc-c0">
         <name>.debug_line</name>
         <load_address>0x191f</load_address>
         <run_address>0x191f</run_address>
         <size>0x8d</size>
         <input_file_ref idref="fl-1e"/>
      </object_component>
      <object_component id="oc-c5">
         <name>.debug_line</name>
         <load_address>0x19ac</load_address>
         <run_address>0x19ac</run_address>
         <size>0x50</size>
         <input_file_ref idref="fl-1f"/>
      </object_component>
      <object_component id="oc-ca">
         <name>.debug_line</name>
         <load_address>0x19fc</load_address>
         <run_address>0x19fc</run_address>
         <size>0x62</size>
         <input_file_ref idref="fl-20"/>
      </object_component>
      <object_component id="oc-cf">
         <name>.debug_line</name>
         <load_address>0x1a5e</load_address>
         <run_address>0x1a5e</run_address>
         <size>0x3e</size>
         <input_file_ref idref="fl-21"/>
      </object_component>
      <object_component id="oc-d4">
         <name>.debug_line</name>
         <load_address>0x1a9c</load_address>
         <run_address>0x1a9c</run_address>
         <size>0x3a</size>
         <input_file_ref idref="fl-22"/>
      </object_component>
      <object_component id="oc-df">
         <name>.debug_line</name>
         <load_address>0x1ad6</load_address>
         <run_address>0x1ad6</run_address>
         <size>0x65</size>
         <input_file_ref idref="fl-24"/>
      </object_component>
      <object_component id="oc-e4">
         <name>.debug_line</name>
         <load_address>0x1b3b</load_address>
         <run_address>0x1b3b</run_address>
         <size>0x5e</size>
         <input_file_ref idref="fl-25"/>
      </object_component>
      <object_component id="oc-e9">
         <name>.debug_line</name>
         <load_address>0x1b99</load_address>
         <run_address>0x1b99</run_address>
         <size>0x55</size>
         <input_file_ref idref="fl-26"/>
      </object_component>
      <object_component id="oc-17">
         <name>.debug_abbrev</name>
         <load_address>0x0</load_address>
         <run_address>0x0</run_address>
         <size>0x13b</size>
         <input_file_ref idref="fl-2"/>
      </object_component>
      <object_component id="oc-1c">
         <name>.debug_abbrev</name>
         <load_address>0x13b</load_address>
         <run_address>0x13b</run_address>
         <size>0xe2</size>
         <input_file_ref idref="fl-3"/>
      </object_component>
      <object_component id="oc-24">
         <name>.debug_abbrev</name>
         <load_address>0x21d</load_address>
         <run_address>0x21d</run_address>
         <size>0x1a3</size>
         <input_file_ref idref="fl-4"/>
      </object_component>
      <object_component id="oc-29">
         <name>.debug_abbrev</name>
         <load_address>0x3c0</load_address>
         <run_address>0x3c0</run_address>
         <size>0x1ac</size>
         <input_file_ref idref="fl-5"/>
      </object_component>
      <object_component id="oc-2e">
         <name>.debug_abbrev</name>
         <load_address>0x56c</load_address>
         <run_address>0x56c</run_address>
         <size>0xbc</size>
         <input_file_ref idref="fl-6"/>
      </object_component>
      <object_component id="oc-33">
         <name>.debug_abbrev</name>
         <load_address>0x628</load_address>
         <run_address>0x628</run_address>
         <size>0x191</size>
         <input_file_ref idref="fl-d"/>
      </object_component>
      <object_component id="oc-38">
         <name>.debug_abbrev</name>
         <load_address>0x7b9</load_address>
         <run_address>0x7b9</run_address>
         <size>0x174</size>
         <input_file_ref idref="fl-e"/>
      </object_component>
      <object_component id="oc-3e">
         <name>.debug_abbrev</name>
         <load_address>0x92d</load_address>
         <run_address>0x92d</run_address>
         <size>0x11b</size>
         <input_file_ref idref="fl-f"/>
      </object_component>
      <object_component id="oc-44">
         <name>.debug_abbrev</name>
         <load_address>0xa48</load_address>
         <run_address>0xa48</run_address>
         <size>0x2f</size>
         <input_file_ref idref="fl-10"/>
      </object_component>
      <object_component id="oc-49">
         <name>.debug_abbrev</name>
         <load_address>0xa77</load_address>
         <run_address>0xa77</run_address>
         <size>0x21</size>
         <input_file_ref idref="fl-11"/>
      </object_component>
      <object_component id="oc-4e">
         <name>.debug_abbrev</name>
         <load_address>0xa98</load_address>
         <run_address>0xa98</run_address>
         <size>0x16e</size>
         <input_file_ref idref="fl-12"/>
      </object_component>
      <object_component id="oc-53">
         <name>.debug_abbrev</name>
         <load_address>0xc06</load_address>
         <run_address>0xc06</run_address>
         <size>0x16b</size>
         <input_file_ref idref="fl-13"/>
      </object_component>
      <object_component id="oc-59">
         <name>.debug_abbrev</name>
         <load_address>0xd71</load_address>
         <run_address>0xd71</run_address>
         <size>0x1d9</size>
         <input_file_ref idref="fl-14"/>
      </object_component>
      <object_component id="oc-5e">
         <name>.debug_abbrev</name>
         <load_address>0xf4a</load_address>
         <run_address>0xf4a</run_address>
         <size>0x182</size>
         <input_file_ref idref="fl-15"/>
      </object_component>
      <object_component id="oc-63">
         <name>.debug_abbrev</name>
         <load_address>0x10cc</load_address>
         <run_address>0x10cc</run_address>
         <size>0x176</size>
         <input_file_ref idref="fl-16"/>
      </object_component>
      <object_component id="oc-68">
         <name>.debug_abbrev</name>
         <load_address>0x1242</load_address>
         <run_address>0x1242</run_address>
         <size>0x174</size>
         <input_file_ref idref="fl-17"/>
      </object_component>
      <object_component id="oc-6d">
         <name>.debug_abbrev</name>
         <load_address>0x13b6</load_address>
         <run_address>0x13b6</run_address>
         <size>0x11d</size>
         <input_file_ref idref="fl-18"/>
      </object_component>
      <object_component id="oc-a5">
         <name>.debug_abbrev</name>
         <load_address>0x14d3</load_address>
         <run_address>0x14d3</run_address>
         <size>0xb6</size>
         <input_file_ref idref="fl-19"/>
      </object_component>
      <object_component id="oc-ab">
         <name>.debug_abbrev</name>
         <load_address>0x1589</load_address>
         <run_address>0x1589</run_address>
         <size>0xbd</size>
         <input_file_ref idref="fl-1a"/>
      </object_component>
      <object_component id="oc-b2">
         <name>.debug_abbrev</name>
         <load_address>0x1646</load_address>
         <run_address>0x1646</run_address>
         <size>0x46</size>
         <input_file_ref idref="fl-1b"/>
      </object_component>
      <object_component id="oc-b7">
         <name>.debug_abbrev</name>
         <load_address>0x168c</load_address>
         <run_address>0x168c</run_address>
         <size>0x38</size>
         <input_file_ref idref="fl-1c"/>
      </object_component>
      <object_component id="oc-bc">
         <name>.debug_abbrev</name>
         <load_address>0x16c4</load_address>
         <run_address>0x16c4</run_address>
         <size>0x38</size>
         <input_file_ref idref="fl-1d"/>
      </object_component>
      <object_component id="oc-c1">
         <name>.debug_abbrev</name>
         <load_address>0x16fc</load_address>
         <run_address>0x16fc</run_address>
         <size>0x38</size>
         <input_file_ref idref="fl-1e"/>
      </object_component>
      <object_component id="oc-c6">
         <name>.debug_abbrev</name>
         <load_address>0x1734</load_address>
         <run_address>0x1734</run_address>
         <size>0xe3</size>
         <input_file_ref idref="fl-1f"/>
      </object_component>
      <object_component id="oc-cb">
         <name>.debug_abbrev</name>
         <load_address>0x1817</load_address>
         <run_address>0x1817</run_address>
         <size>0xa8</size>
         <input_file_ref idref="fl-20"/>
      </object_component>
      <object_component id="oc-d0">
         <name>.debug_abbrev</name>
         <load_address>0x18bf</load_address>
         <run_address>0x18bf</run_address>
         <size>0x68</size>
         <input_file_ref idref="fl-21"/>
      </object_component>
      <object_component id="oc-d5">
         <name>.debug_abbrev</name>
         <load_address>0x1927</load_address>
         <run_address>0x1927</run_address>
         <size>0x66</size>
         <input_file_ref idref="fl-22"/>
      </object_component>
      <object_component id="oc-da">
         <name>.debug_abbrev</name>
         <load_address>0x198d</load_address>
         <run_address>0x198d</run_address>
         <size>0x31</size>
         <input_file_ref idref="fl-23"/>
      </object_component>
      <object_component id="oc-e0">
         <name>.debug_abbrev</name>
         <load_address>0x19be</load_address>
         <run_address>0x19be</run_address>
         <size>0x130</size>
         <input_file_ref idref="fl-24"/>
      </object_component>
      <object_component id="oc-e5">
         <name>.debug_abbrev</name>
         <load_address>0x1aee</load_address>
         <run_address>0x1aee</run_address>
         <size>0xb2</size>
         <input_file_ref idref="fl-25"/>
      </object_component>
      <object_component id="oc-ea">
         <name>.debug_abbrev</name>
         <load_address>0x1ba0</load_address>
         <run_address>0x1ba0</run_address>
         <size>0xee</size>
         <input_file_ref idref="fl-26"/>
      </object_component>
      <object_component id="oc-168">
         <name>.debug_abbrev</name>
         <load_address>0x1c8e</load_address>
         <run_address>0x1c8e</run_address>
         <size>0xf</size>
[...]
         <name>_FLASH_init</name>
         <value>0x3f77a9</value>
         <object_component_ref idref="oc-110"/>
      </symbol>
      <symbol id="sm-167">
         <name>_GPIO_setLow</name>
         <value>0x3f7656</value>
         <object_component_ref idref="oc-ee"/>
      </symbol>
      <symbol id="sm-168">
         <name>_GPIO_setQualification</name>
         <value>0x3f751a</value>
         <object_component_ref idref="oc-13b"/>
      </symbol>
      <symbol id="sm-169">
         <name>_GPIO_setMode</name>
         <value>0x3f7457</value>
         <object_component_ref idref="oc-13c"/>
      </symbol>
      <symbol id="sm-16a">
         <name>_GPIO_init</name>
         <value>0x3f77b1</value>
         <object_component_ref idref="oc-111"/>
      </symbol>
      <symbol id="sm-16b">
         <name>_GPIO_setPullUp</name>
         <value>0x3f74c8</value>
         <object_component_ref idref="oc-13a"/>
      </symbol>
      <symbol id="sm-16c">
         <name>_GPIO_setDirection</name>
         <value>0x3f749f</value>
         <object_component_ref idref="oc-13d"/>
      </symbol>
      <symbol id="sm-16d">
         <name>_GPIO_setHigh</name>
         <value>0x3f7642</value>
         <object_component_ref idref="oc-ec"/>
      </symbol>
      <symbol id="sm-193">
         <name>_PIE_enable</name>
         <value>0x3f795a</value>
         <object_component_ref idref="oc-120"/>
      </symbol>
      <symbol id="sm-194">
         <name>_PIE_enableAdcInt</name>
         <value>0x3f766a</value>
         <object_component_ref idref="oc-127"/>
      </symbol>
      <symbol id="sm-195">
         <name>_PIE_disableAllInts</name>
         <value>0x3f76d6</value>
         <object_component_ref idref="oc-11c"/>
      </symbol>
      <symbol id="sm-196">
         <name>_PIE_disable</name>
         <value>0x3f7957</value>
         <object_component_ref idref="oc-11b"/>
      </symbol>
      <symbol id="sm-197">
         <name>_PIE_illegalIsr</name>
         <value>0x3f78ab</value>
         <object_component_ref idref="oc-56"/>
      </symbol>
      <symbol id="sm-198">
         <name>_PIE_registerPieIntHandler</name>
         <value>0x3f76f8</value>
         <object_component_ref idref="oc-121"/>
      </symbol>
      <symbol id="sm-199">
         <name>_PIE_init</name>
         <value>0x3f7739</value>
         <object_component_ref idref="oc-112"/>
      </symbol>
      <symbol id="sm-19a">
         <name>_PIE_setDebugIntVectorTable</name>
         <value>0x3f76e7</value>
         <object_component_ref idref="oc-11f"/>
      </symbol>
      <symbol id="sm-19b">
         <name>_PIE_tableDebugInit</name>
         <value>0x3f797a</value>
         <object_component_ref idref="oc-144"/>
      </symbol>
      <symbol id="sm-1b6">
         <name>_PLL_getClkStatus</name>
         <value>0x3f795d</value>
         <object_component_ref idref="oc-140"/>
      </symbol>
      <symbol id="sm-1b7">
         <name>_PLL_setDivider</name>
         <value>0x3f77fe</value>
         <object_component_ref idref="oc-141"/>
      </symbol>
      <symbol id="sm-1b8">
         <name>_PLL_init</name>
         <value>0x3f77b9</value>
         <object_component_ref idref="oc-113"/>
      </symbol>
      <symbol id="sm-1b9">
         <name>_PLL_getLockStatus</name>
         <value>0x3f7960</value>
         <object_component_ref idref="oc-143"/>
      </symbol>
      <symbol id="sm-1ba">
         <name>_PLL_setup</name>
         <value>0x3f762d</value>
         <object_component_ref idref="oc-11a"/>
      </symbol>
      <symbol id="sm-1bb">
         <name>_PLL_setMultiplier</name>
         <value>0x3f7813</value>
         <object_component_ref idref="oc-142"/>
      </symbol>
      <symbol id="sm-1d4">
         <name>_PWM_setPeriod</name>
         <value>0x3f7975</value>
         <object_component_ref idref="oc-137"/>
      </symbol>
      <symbol id="sm-1d5">
         <name>_PWM_init</name>
         <value>0x3f77c1</value>
         <object_component_ref idref="oc-114"/>
      </symbol>
      <symbol id="sm-1d6">
         <name>_PWM_setSocAPeriod</name>
         <value>0x3f777d</value>
         <object_component_ref idref="oc-136"/>
      </symbol>
      <symbol id="sm-1d7">
         <name>_PWM_enableSocAPulse</name>
         <value>0x3f792b</value>
         <object_component_ref idref="oc-134"/>
      </symbol>
      <symbol id="sm-1d8">
         <name>_PWM_setCounterMode</name>
         <value>0x3f792f</value>
         <object_component_ref idref="oc-138"/>
      </symbol>
      <symbol id="sm-1d9">
         <name>_PWM_setSocAPulseSrc</name>
         <value>0x3f7786</value>
         <object_component_ref idref="oc-135"/>
      </symbol>
      <symbol id="sm-210">
         <name>_SCI_enableFifoEnh</name>
         <value>0x3f793b</value>
         <object_component_ref idref="oc-101"/>
      </symbol>
      <symbol id="sm-211">
         <name>_SCI_setNumStopBits</name>
         <value>0x3f7947</value>
         <object_component_ref idref="oc-f7"/>
      </symbol>
      <symbol id="sm-212">
         <name>_SCI_clearRxFifoInt</name>
         <value>0x3f7933</value>
         <object_component_ref idref="oc-107"/>
      </symbol>
      <symbol id="sm-213">
         <name>_SCI_init</name>
         <value>0x3f77c9</value>
         <object_component_ref idref="oc-116"/>
      </symbol>
      <symbol id="sm-214">
         <name>_SCI_resetChannels</name>
         <value>0x3f7743</value>
         <object_component_ref idref="oc-104"/>
      </symbol>
      <symbol id="sm-215">
         <name>_SCI_enableTxInt</name>
         <value>0x3f7972</value>
         <object_component_ref idref="oc-fb"/>
      </symbol>
      <symbol id="sm-216">
         <name>_SCI_putDataNonBlocking</name>
         <value>0x3f778f</value>
         <object_component_ref idref="oc-100"/>
      </symbol>
      <symbol id="sm-217">
         <name>_SCI_disableParity</name>
         <value>0x3f7963</value>
         <object_component_ref idref="oc-f6"/>
      </symbol>
      <symbol id="sm-218">
         <name>_SCI_setRxFifoIntLevel</name>
         <value>0x3f7805</value>
         <object_component_ref idref="oc-108"/>
      </symbol>
      <symbol id="sm-219">
         <name>_SCI_resetTxFifo</name>
         <value>0x3f7757</value>
         <object_component_ref idref="oc-102"/>
      </symbol>
      <symbol id="sm-21a">
         <name>_SCI_resetRxFifo</name>
         <value>0x3f774d</value>
         <object_component_ref idref="oc-106"/>
      </symbol>
      <symbol id="sm-21b">
         <name>_SCI_getTxFifoStatus</name>
         <value>0x3f793f</value>
         <object_component_ref idref="oc-ff"/>
      </symbol>
      <symbol id="sm-21c">
         <name>_SCI_clearTxFifoInt</name>
         <value>0x3f7937</value>
         <object_component_ref idref="oc-103"/>
      </symbol>
      <symbol id="sm-21d">
         <name>_SCI_enable</name>
         <value>0x3f7966</value>
         <object_component_ref idref="oc-fe"/>
      </symbol>
      <symbol id="sm-21e">
         <name>_SCI_setTxFifoIntLevel</name>
         <value>0x3f780c</value>
         <object_component_ref idref="oc-105"/>
      </symbol>
      <symbol id="sm-21f">
         <name>_SCI_enableRxInt</name>
         <value>0x3f796c</value>
         <object_component_ref idref="oc-fc"/>
      </symbol>
      <symbol id="sm-220">
         <name>_SCI_setBaudRate</name>
         <value>0x3f7819</value>
         <object_component_ref idref="oc-fd"/>
      </symbol>
      <symbol id="sm-221">
         <name>_SCI_enableRx</name>
         <value>0x3f7969</value>
         <object_component_ref idref="oc-fa"/>
      </symbol>
      <symbol id="sm-222">
         <name>_SCI_enableTx</name>
         <value>0x3f796f</value>
         <object_component_ref idref="oc-f9"/>
      </symbol>
      <symbol id="sm-223">
         <name>_SCI_setCharLength</name>
         <value>0x3f7943</value>
         <object_component_ref idref="oc-f8"/>
      </symbol>
      <symbol id="sm-234">
         <name>_WDOG_init</name>
         <value>0x3f77d9</value>
         <object_component_ref idref="oc-115"/>
      </symbol>
      <symbol id="sm-235">
         <name>_WDOG_disable</name>
         <value>0x3f77d1</value>
         <object_component_ref idref="oc-117"/>
      </symbol>
      <symbol id="sm-2d8">
         <name>_ILLEGAL_ISR</name>
         <value>0x3f7892</value>
         <object_component_ref idref="oc-76"/>
      </symbol>
      <symbol id="sm-2d9">
         <name>_ADCINT4_ISR</name>
         <value>0x3f782e</value>
         <object_component_ref idref="oc-9a"/>
      </symbol>
      <symbol id="sm-2da">
         <name>_DATALOG_ISR</name>
         <value>0x3f784c</value>
         <object_component_ref idref="oc-72"/>
      </symbol>
      <symbol id="sm-2db">
         <name>_SPITXINTA_ISR</name>
         <value>0x3f78c4</value>
         <object_component_ref idref="oc-94"/>
      </symbol>
      <symbol id="sm-2dc">
         <name>_SPIRXINTA_ISR</name>
         <value>0x3f78bf</value>
         <object_component_ref idref="oc-93"/>
      </symbol>
      <symbol id="sm-2dd">
         <name>_INT13_ISR</name>
         <value>0x3f7897</value>
         <object_component_ref idref="oc-70"/>
      </symbol>
      <symbol id="sm-2de">
         <name>_ADCINT5_ISR</name>
         <value>0x3f7833</value>
         <object_component_ref idref="oc-9b"/>
      </symbol>
      <symbol id="sm-2df">
         <name>_EPWM4_INT_ISR</name>
         <value>0x3f787e</value>
         <object_component_ref idref="oc-91"/>
      </symbol>
      <symbol id="sm-2e0">
         <name>_USER5_ISR</name>
         <value>0x3f78f1</value>
         <object_component_ref idref="oc-7b"/>
      </symbol>
      <symbol id="sm-2e1">
         <name>_EMPTY_ISR</name>
         <value>0x3f7856</value>
         <object_component_ref idref="oc-a0"/>
      </symbol>
      <symbol id="sm-2e2">
         <name>_EPWM4_TZINT_ISR</name>
         <value>0x3f7883</value>
         <object_component_ref idref="oc-8d"/>
      </symbol>
      <symbol id="sm-2e3">
         <name>_EMUINT_ISR</name>
         <value>0x3f785b</value>
         <object_component_ref idref="oc-74"/>
      </symbol>
      <symbol id="sm-2e4">
         <name>_ECAP1_INT_ISR</name>
         <value>0x3f7851</value>
         <object_component_ref idref="oc-92"/>
      </symbol>
      <symbol id="sm-2e5">
         <name>_EPWM1_TZINT_ISR</name>
         <value>0x3f7865</value>
         <object_component_ref idref="oc-8a"/>
      </symbol>
      <symbol id="sm-2e6">
         <name>_ADCINT6_ISR</name>
         <value>0x3f7838</value>
         <object_component_ref idref="oc-9c"/>
      </symbol>
      <symbol id="sm-2e7">
         <name>_ADCINT8_ISR</name>
         <value>0x3f7842</value>
         <object_component_ref idref="oc-9e"/>
      </symbol>
      <symbol id="sm-2e8">
         <name>_USER11_ISR</name>
         <value>0x3f78d3</value>
         <object_component_ref idref="oc-81"/>
      </symbol>
      <symbol id="sm-2e9">
         <name>_EPWM3_TZINT_ISR</name>
         <value>0x3f7879</value>
         <object_component_ref idref="oc-8c"/>
      </symbol>
      <symbol id="sm-2ea">
         <name>_USER4_ISR</name>
         <value>0x3f78ec</value>
         <object_component_ref idref="oc-7a"/>
      </symbol>
      <symbol id="sm-2eb">
         <name>_EPWM2_TZINT_ISR</name>
         <value>0x3f786f</value>
         <object_component_ref idref="oc-8b"/>
      </symbol>
      <symbol id="sm-2ec">
         <name>_EPWM2_INT_ISR</name>
         <value>0x3f786a</value>
         <object_component_ref idref="oc-8f"/>
      </symbol>
      <symbol id="sm-2ed">
         <name>_TINT0_ISR</name>
         <value>0x3f78c9</value>
         <object_component_ref idref="oc-88"/>
      </symbol>
      <symbol id="sm-2ee">
         <name>_WAKEINT_ISR</name>
         <value>0x3f790a</value>
         <object_component_ref idref="oc-89"/>
      </symbol>
      <symbol id="sm-2ef">
         <name>_ADCINT7_ISR</name>
         <value>0x3f783d</value>
         <object_component_ref idref="oc-9d"/>
      </symbol>
      <symbol id="sm-2f0">
         <name>_ADCINT9_ISR</name>
         <value>0x3f7847</value>
         <object_component_ref idref="oc-87"/>
      </symbol>
      <symbol id="sm-2f1">
         <name>_USER10_ISR</name>
         <value>0x3f78ce</value>
         <object_component_ref idref="oc-80"/>
      </symbol>
      <symbol id="sm-2f2">
         <name>_USER7_ISR</name>
         <value>0x3f78fb</value>
         <object_component_ref idref="oc-7d"/>
      </symbol>
      <symbol id="sm-2f3">
         <name>_XINT1_ISR</name>
         <value>0x3f790f</value>
         <object_component_ref idref="oc-85"/>
      </symbol>
      <symbol id="sm-2f4">
         <name>_INT14_ISR</name>
         <value>0x3f789c</value>
         <object_component_ref idref="oc-71"/>
      </symbol>
      <symbol id="sm-2f5">
         <name>_USER6_ISR</name>
         <value>0x3f78f6</value>
         <object_component_ref idref="oc-7c"/>
      </symbol>
      <symbol id="sm-2f6">
         <name>_ADCINT1_ISR</name>
         <value>0x3f781f</value>
         <object_component_ref idref="oc-83"/>
      </symbol>
      <symbol id="sm-2f7">
         <name>_USER12_ISR</name>
         <value>0x3f78d8</value>
         <object_component_ref idref="oc-82"/>
      </symbol>
      <symbol id="sm-2f8">
         <name>_USER1_ISR</name>
         <value>0x3f78dd</value>
         <object_component_ref idref="oc-77"/>
      </symbol>
      <symbol id="sm-2f9">
         <name>_XINT3_ISR</name>
         <value>0x3f7919</value>
         <object_component_ref idref="oc-9f"/>
      </symbol>
      <symbol id="sm-2fa">
         <name>_NMI_ISR</name>
         <value>0x3f78a1</value>
         <object_component_ref idref="oc-75"/>
      </symbol>
      <symbol id="sm-2fb">
         <name>_ADCINT2_ISR</name>
         <value>0x3f7824</value>
         <object_component_ref idref="oc-84"/>
      </symbol>
      <symbol id="sm-2fc">
         <name>_PIE_RESERVED</name>
         <value>0x3f78a6</value>
         <object_component_ref idref="oc-a1"/>
      </symbol>
      <symbol id="sm-2fd">
         <name>_I2CINT1A_ISR</name>
         <value>0x3f7888</value>
         <object_component_ref idref="oc-95"/>
      </symbol>
      <symbol id="sm-2fe">
         <name>_XINT2_ISR</name>
         <value>0x3f7914</value>
         <object_component_ref idref="oc-86"/>
      </symbol>
      <symbol id="sm-2ff">
         <name>_I2CINT2A_ISR</name>
         <value>0x3f788d</value>
         <object_component_ref idref="oc-96"/>
      </symbol>
      <symbol id="sm-300">
         <name>_RTOSINT_ISR</name>
         <value>0x3f78b0</value>
         <object_component_ref idref="oc-73"/>
      </symbol>
      <symbol id="sm-301">
         <name>_EPWM3_INT_ISR</name>
         <value>0x3f7874</value>
         <object_component_ref idref="oc-90"/>
      </symbol>
      <symbol id="sm-302">
         <name>_ADCINT3_ISR</name>
         <value>0x3f7829</value>
         <object_component_ref idref="oc-99"/>
      </symbol>
      <symbol id="sm-303">
         <name>_USER9_ISR</name>
         <value>0x3f7905</value>
         <object_component_ref idref="oc-7f"/>
      </symbol>
      <symbol id="sm-304">
         <name>_USER3_ISR</name>
         <value>0x3f78e7</value>
         <object_component_ref idref="oc-79"/>
      </symbol>
      <symbol id="sm-305">
         <name>_USER8_ISR</name>
         <value>0x3f7900</value>
         <object_component_ref idref="oc-7e"/>
      </symbol>
      <symbol id="sm-306">
         <name>_EPWM1_INT_ISR</name>
         <value>0x3f7860</value>
         <object_component_ref idref="oc-8e"/>
      </symbol>
      <symbol id="sm-307">
         <name>_USER2_ISR</name>
         <value>0x3f78e2</value>
         <object_component_ref idref="oc-78"/>
      </symbol>
      <symbol id="sm-308">
         <name>_SCITXINTA_ISR</name>
         <value>0x3f78ba</value>
         <object_component_ref idref="oc-98"/>
      </symbol>
      <symbol id="sm-309">
         <name>_SCIRXINTA_ISR</name>
         <value>0x3f78b5</value>
         <object_component_ref idref="oc-97"/>
      </symbol>
      <symbol id="sm-30a">
         <name>_rsvd_ISR</name>
         <value>0x3f791e</value>
         <object_component_ref idref="oc-a2"/>
      </symbol>
      <symbol id="sm-332">
         <name>_c_int00</name>
         <value>0x3f7403</value>
         <object_component_ref idref="oc-ad"/>
      </symbol>
      <symbol id="sm-333">
         <name>__stack</name>
         <value>0x400</value>
         <object_component_ref idref="oc-ae"/>
      </symbol>
      <symbol id="sm-34d">
         <name>FS$$ADD</name>
         <value>0x3f72da</value>
         <object_component_ref idref="oc-b4"/>
      </symbol>
      <symbol id="sm-34e">
         <name>FS$$SUB</name>
         <value>0x3f72d5</value>
         <object_component_ref idref="oc-b4"/>
      </symbol>
      <symbol id="sm-35f">
         <name>FS$$DIV</name>
         <value>0x3f7252</value>
         <object_component_ref idref="oc-b9"/>
      </symbol>
      <symbol id="sm-370">
         <name>FS$$MPY</name>
         <value>0x3f73a9</value>
         <object_component_ref idref="oc-be"/>
      </symbol>
      <symbol id="sm-37f">
         <name>_copy_in</name>
         <value>0x3f7541</value>
         <object_component_ref idref="oc-f1"/>
      </symbol>
      <symbol id="sm-390">
         <name>_memcpy</name>
         <value>0x3f75c9</value>
         <object_component_ref idref="oc-10a"/>
      </symbol>
      <symbol id="sm-39c">
         <name>__system_pre_init</name>
         <value>0x3f7977</value>
         <object_component_ref idref="oc-f0"/>
      </symbol>
      <symbol id="sm-3a9">
         <name>__system_post_cinit</name>
         <value>0x3f7979</value>
         <object_component_ref idref="oc-f2"/>
      </symbol>
      <symbol id="sm-3b3">
         <name>_errno</name>
         <value>0x60b</value>
         <object_component_ref idref="oc-d9"/>
      </symbol>
      <symbol id="sm-3c7">
         <name>C$$EXIT</name>
         <value>0x3f74f1</value>
         <object_component_ref idref="oc-f4"/>
      </symbol>
      <symbol id="sm-3c8">
         <name>_exit</name>
         <value>0x3f74f3</value>
         <object_component_ref idref="oc-f4"/>
      </symbol>
      <symbol id="sm-3c9">
         <name>___TI_cleanup_ptr</name>
         <value>0x602</value>
         <object_component_ref idref="oc-dd"/>
      </symbol>
      <symbol id="sm-3ca">
         <name>___TI_enable_exit_profile_output</name>
         <value>0x600</value>
         <object_component_ref idref="oc-dd"/>
      </symbol>
      <symbol id="sm-3cb">
         <name>_abort</name>
         <value>0x3f74f1</value>
         <object_component_ref idref="oc-f4"/>
      </symbol>
      <symbol id="sm-3cc">
         <name>___TI_dtors_ptr</name>
         <value>0x604</value>
         <object_component_ref idref="oc-dd"/>
      </symbol>
      <symbol id="sm-3e0">
         <name>__unlock</name>
         <value>0x608</value>
         <object_component_ref idref="oc-145"/>
      </symbol>
      <symbol id="sm-3e1">
         <name>__lock</name>
         <value>0x606</value>
         <object_component_ref idref="oc-10b"/>
      </symbol>
      <symbol id="sm-3e2">
         <name>__register_lock</name>
         <value>0x3f779c</value>
         <object_component_ref idref="oc-13e"/>
      </symbol>
      <symbol id="sm-3e3">
         <name>__nop</name>
         <value>0x3f77a0</value>
         <object_component_ref idref="oc-13e"/>
      </symbol>
      <symbol id="sm-3e4">
         <name>__register_unlock</name>
         <value>0x3f7798</value>
         <object_component_ref idref="oc-13e"/>
      </symbol>
      <symbol id="sm-3f3">
         <name>__args_main</name>
         <value>0x3f75e6</value>
         <object_component_ref idref="oc-f3"/>
      </symbol>
   </symbol_table>
   <title>Link successful</title>
</link_info>
